Component: ARM Compiler 5.06 update 7 (build 960) Tool: armlink [4d3601]

==============================================================================

Section Cross References

    system_stm32f4xx.o(i.SystemCoreClockUpdate) refers to system_stm32f4xx.o(.data) for SystemCoreClock
    system_stm32f4xx.o(i.SystemInit) refers to system_stm32f4xx.o(i.SetSysClock) for SetSysClock
    main.o(i.main) refers to misc.o(i.NVIC_PriorityGroupConfig) for NVIC_PriorityGroupConfig
    main.o(i.main) refers to delay.o(i.delay_init) for delay_init
    main.o(i.main) refers to pidtool.o(i.protocol_init) for protocol_init
    main.o(i.main) refers to usart.o(i.uart_init) for uart_init
    main.o(i.main) refers to led.o(i.LED_Init) for LED_Init
    main.o(i.main) refers to oled.o(i.OLED_Init) for OLED_Init
    main.o(i.main) refers to key.o(i.KEY_Init) for KEY_Init
    main.o(i.main) refers to timer.o(i.Init_Timer3) for Init_Timer3
    main.o(i.main) refers to stm32f4xx_tim.o(i.TIM_Cmd) for TIM_Cmd
    main.o(i.main) refers to oled.o(i.OLED_ShowString) for OLED_ShowString
    main.o(i.main) refers to oled.o(i.OLED_Refresh) for OLED_Refresh
    main.o(i.main) refers to motor.o(i.Motor_Gpio_Init) for Motor_Gpio_Init
    main.o(i.main) refers to timer.o(i.Timer1_PWM_GPIO_Init) for Timer1_PWM_GPIO_Init
    main.o(i.main) refers to delay.o(i.delay_ms) for delay_ms
    main.o(i.main) refers to oled.o(i.OLED_Clear) for OLED_Clear
    main.o(i.main) refers to mpu6050.o(i.MPU_Init) for MPU_Init
    main.o(i.main) refers to mpu6050.o(i.DMP_Init) for DMP_Init
    main.o(i.main) refers to control.o(i.angle_calibration) for angle_calibration
    main.o(i.main) refers to pid.o(i.PID_param_init) for PID_param_init
    main.o(i.main) refers to pid.o(i.set_pid_polarity) for set_pid_polarity
    main.o(i.main) refers to pid.o(i.set_p_i_d) for set_p_i_d
    main.o(i.main) refers to pidtool.o(i.pid_tool_send_param) for pid_tool_send_param
    main.o(i.main) refers to pid.o(i.PID_TimerInit) for PID_TimerInit
    main.o(i.main) refers to pidtool.o(i.set_computer_value) for set_computer_value
    main.o(i.main) refers to pidtool.o(i.receiving_process) for receiving_process
    main.o(i.main) refers to control.o(.data) for mode
    main.o(i.main) refers to control.o(.bss) for Roll_PID
    main.o(i.main) refers to timer.o(.data) for kalmanFilter_Roll
    main.o(i.main) refers to main.o(.data) for temp
    control.o(i.Set_Length) refers to oled.o(i.OLED_Clear) for OLED_Clear
    control.o(i.Set_Length) refers to oled.o(i.OLED_ShowString) for OLED_ShowString
    control.o(i.Set_Length) refers to key.o(i.KEY_Scan) for KEY_Scan
    control.o(i.Set_Length) refers to delay.o(i.delay_ms) for delay_ms
    control.o(i.Set_Length) refers to oled.o(i.OLED_Refresh) for OLED_Refresh
    control.o(i.Set_Length) refers to oled.o(i.OLED_ShowNum) for OLED_ShowNum
    control.o(i.TIM1_UP_TIM10_IRQHandler) refers to stm32f4xx_tim.o(i.TIM_GetITStatus) for TIM_GetITStatus
    control.o(i.TIM1_UP_TIM10_IRQHandler) refers to control.o(i.mode_1) for mode_1
    control.o(i.TIM1_UP_TIM10_IRQHandler) refers to control.o(i.mode_2) for mode_2
    control.o(i.TIM1_UP_TIM10_IRQHandler) refers to control.o(i.mode_3) for mode_3
    control.o(i.TIM1_UP_TIM10_IRQHandler) refers to control.o(i.mode_4) for mode_4
    control.o(i.TIM1_UP_TIM10_IRQHandler) refers to stm32f4xx_tim.o(i.TIM_ClearITPendingBit) for TIM_ClearITPendingBit
    control.o(i.TIM1_UP_TIM10_IRQHandler) refers to timer.o(.data) for Pitch
    control.o(i.TIM1_UP_TIM10_IRQHandler) refers to control.o(.data) for mechanical_error_Pitch
    control.o(i.angle_calibration) refers to oled.o(i.OLED_ShowString) for OLED_ShowString
    control.o(i.angle_calibration) refers to oled.o(i.OLED_Refresh) for OLED_Refresh
    control.o(i.angle_calibration) refers to key.o(i.KEY_Scan) for KEY_Scan
    control.o(i.angle_calibration) refers to delay.o(i.delay_ms) for delay_ms
    control.o(i.angle_calibration) refers to oled.o(i.OLED_Clear) for OLED_Clear
    control.o(i.angle_calibration) refers to timer.o(.data) for Roll
    control.o(i.angle_calibration) refers to control.o(.data) for mechanical_error_Roll
    control.o(i.mode_1) refers to atan.o(i.__hardfp_atan) for __hardfp_atan
    control.o(i.mode_1) refers to dmul.o(x$fpl$dmul) for __aeabi_dmul
    control.o(i.mode_1) refers to d2f.o(x$fpl$d2f) for __aeabi_d2f
    control.o(i.mode_1) refers to f2d.o(x$fpl$f2d) for __aeabi_f2d
    control.o(i.mode_1) refers to sin.o(i.__hardfp_sin) for __hardfp_sin
    control.o(i.mode_1) refers to pid.o(i.PID_Calculate) for PID_Calculate
    control.o(i.mode_1) refers to motor.o(i.PWM_Load) for PWM_Load
    control.o(i.mode_1) refers to oled.o(i.OLED_ShowSNum) for OLED_ShowSNum
    control.o(i.mode_1) refers to oled.o(i.OLED_ShowNum) for OLED_ShowNum
    control.o(i.mode_1) refers to control.o(.data) for Movetime
    control.o(i.mode_1) refers to control.o(.bss) for Roll_PID
    control.o(i.mode_1) refers to timer.o(.data) for kalmanFilter_Roll
[...]
    _printf_sizespec                         0x00000000   Number         0  printf_stubs.o ABSOLUTE
    _printf_widthprec                        0x00000000   Number         0  printf_stubs.o ABSOLUTE
    __ARM_exceptions_init                     - Undefined Weak Reference
    __alloca_initialize                       - Undefined Weak Reference
    __arm_fini_                               - Undefined Weak Reference
    __arm_preinit_                            - Undefined Weak Reference
    __cpp_initialize__aeabi_                  - Undefined Weak Reference
    __cxa_finalize                            - Undefined Weak Reference
    __rt_locale                               - Undefined Weak Reference
    __sigvec_lookup                           - Undefined Weak Reference
    _atexit_init                              - Undefined Weak Reference
    _call_atexit_fns                          - Undefined Weak Reference
    _clock_init                               - Undefined Weak Reference
    _fp_trap_init                             - Undefined Weak Reference
    _fp_trap_shutdown                         - Undefined Weak Reference
    _get_lc_collate                           - Undefined Weak Reference
    _get_lc_ctype                             - Undefined Weak Reference
    _get_lc_monetary                          - Undefined Weak Reference
    _get_lc_numeric                           - Undefined Weak Reference
    _get_lc_time                              - Undefined Weak Reference
    _getenv_init                              - Undefined Weak Reference
    _handle_redirection                       - Undefined Weak Reference
    _init_alloc                               - Undefined Weak Reference
    _init_user_alloc                          - Undefined Weak Reference
    _initio                                   - Undefined Weak Reference
    _mutex_acquire                            - Undefined Weak Reference
    _mutex_release                            - Undefined Weak Reference
    _printf_truncate_signed                   - Undefined Weak Reference
    _printf_truncate_unsigned                 - Undefined Weak Reference
    _rand_init                                - Undefined Weak Reference
    _signal_finish                            - Undefined Weak Reference
    _signal_init                              - Undefined Weak Reference
    _terminate_alloc                          - Undefined Weak Reference
    _terminate_user_alloc                     - Undefined Weak Reference
    _terminateio                              - Undefined Weak Reference
    __Vectors_Size                           0x00000188   Number         0  startup_stm32f40_41xxx.o ABSOLUTE
    __Vectors                                0x08000000   Data           4  startup_stm32f40_41xxx.o(RESET)
    __Vectors_End                            0x08000188   Data           0  startup_stm32f40_41xxx.o(RESET)
    __main                                   0x08000189   Thumb Code     8  __main.o(!!!main)
    __scatterload                            0x08000191   Thumb Code     0  __scatter.o(!!!scatter)
    __scatterload_rt2                        0x08000191   Thumb Code    44  __scatter.o(!!!scatter)
    __scatterload_rt2_thumb_only             0x08000191   Thumb Code     0  __scatter.o(!!!scatter)
    __scatterload_null                       0x0800019f   Thumb Code     0  __scatter.o(!!!scatter)
    __scatterload_copy                       0x080001c5   Thumb Code    26  __scatter_copy.o(!!handler_copy)
    __scatterload_zeroinit                   0x080001e1   Thumb Code    28  __scatter_zi.o(!!handler_zi)
    _printf_d                                0x080001fd   Thumb Code     0  _printf_d.o(.ARM.Collect$$_printf_percent$$00000009)
    _printf_percent                          0x080001fd   Thumb Code     0  _printf_percent.o(.ARM.Collect$$_printf_percent$$00000000)
    _printf_percent_end                      0x08000203   Thumb Code     0  _printf_percent_end.o(.ARM.Collect$$_printf_percent$$00000017)
    __rt_lib_init                            0x08000207   Thumb Code     0  libinit.o(.ARM.Collect$$libinit$$00000000)
    __rt_lib_init_fp_1                       0x08000209   Thumb Code     0  libinit2.o(.ARM.Collect$$libinit$$00000001)
    __rt_lib_init_alloca_1                   0x0800020d   Thumb Code     0  libinit2.o(.ARM.Collect$$libinit$$0000002E)
    __rt_lib_init_argv_1                     0x0800020d   Thumb Code     0  libinit2.o(.ARM.Collect$$libinit$$0000002C)
    __rt_lib_init_atexit_1                   0x0800020d   Thumb Code     0  libinit2.o(.ARM.Collect$$libinit$$0000001B)
    __rt_lib_init_clock_1                    0x0800020d   Thumb Code     0  libinit2.o(.ARM.Collect$$libinit$$00000021)
    __rt_lib_init_cpp_1                      0x0800020d   Thumb Code     0  libinit2.o(.ARM.Collect$$libinit$$00000032)
    __rt_lib_init_exceptions_1               0x0800020d   Thumb Code     0  libinit2.o(.ARM.Collect$$libinit$$00000030)
    __rt_lib_init_fp_trap_1                  0x0800020d   Thumb Code     0  libinit2.o(.ARM.Collect$$libinit$$0000001F)
    __rt_lib_init_getenv_1                   0x0800020d   Thumb Code     0  libinit2.o(.ARM.Collect$$libinit$$00000023)
    __rt_lib_init_heap_1                     0x0800020d   Thumb Code     0  libinit2.o(.ARM.Collect$$libinit$$0000000A)
    __rt_lib_init_lc_collate_1               0x0800020d   Thumb Code     0  libinit2.o(.ARM.Collect$$libinit$$00000011)
    __rt_lib_init_lc_ctype_1                 0x0800020d   Thumb Code     0  libinit2.o(.ARM.Collect$$libinit$$00000013)
    __rt_lib_init_lc_monetary_1              0x0800020d   Thumb Code     0  libinit2.o(.ARM.Collect$$libinit$$00000015)
    __rt_lib_init_lc_numeric_1               0x0800020d   Thumb Code     0  libinit2.o(.ARM.Collect$$libinit$$00000017)
    __rt_lib_init_lc_time_1                  0x0800020d   Thumb Code     0  libinit2.o(.ARM.Collect$$libinit$$00000019)
    __rt_lib_init_preinit_1                  0x0800020d   Thumb Code     0  libinit2.o(.ARM.Collect$$libinit$$00000004)
    __rt_lib_init_rand_1                     0x0800020d   Thumb Code     0  libinit2.o(.ARM.Collect$$libinit$$0000000E)
    __rt_lib_init_return                     0x0800020d   Thumb Code     0  libinit2.o(.ARM.Collect$$libinit$$00000033)
    __rt_lib_init_signal_1                   0x0800020d   Thumb Code     0  libinit2.o(.ARM.Collect$$libinit$$0000001D)
    __rt_lib_init_stdio_1                    0x0800020d   Thumb Code     0  libinit2.o(.ARM.Collect$$libinit$$00000025)
    __rt_lib_init_user_alloc_1               0x0800020d   Thumb Code     0  libinit2.o(.ARM.Collect$$libinit$$0000000C)
    __rt_lib_shutdown                        0x0800020f   Thumb Code     0  libshutdown.o(.ARM.Collect$$libshutdown$$00000000)
    __rt_lib_shutdown_cpp_1                  0x08000211   Thumb Code     0  libshutdown2.o(.ARM.Collect$$libshutdown$$00000004)
    __rt_lib_shutdown_fini_1                 0x08000211   Thumb Code     0  libshutdown2.o(.ARM.Collect$$libshutdown$$00000002)
    __rt_lib_shutdown_fp_trap_1              0x08000211   Thumb Code     0  libshutdown2.o(.ARM.Collect$$libshutdown$$00000009)
    __rt_lib_shutdown_heap_1                 0x08000211   Thumb Code     0  libshutdown2.o(.ARM.Collect$$libshutdown$$00000011)
    __rt_lib_shutdown_return                 0x08000211   Thumb Code     0  libshutdown2.o(.ARM.Collect$$libshutdown$$00000012)
    __rt_lib_shutdown_signal_1               0x08000211   Thumb Code     0  libshutdown2.o(.ARM.Collect$$libshutdown$$0000000C)
    __rt_lib_shutdown_stdio_1                0x08000211   Thumb Code     0  libshutdown2.o(.ARM.Collect$$libshutdown$$00000006)
    __rt_lib_shutdown_user_alloc_1           0x08000211   Thumb Code     0  libshutdown2.o(.ARM.Collect$$libshutdown$$0000000E)
    __rt_entry                               0x08000213   Thumb Code     0  __rtentry.o(.ARM.Collect$$rtentry$$00000000)
    __rt_entry_presh_1                       0x08000213   Thumb Code     0  __rtentry2.o(.ARM.Collect$$rtentry$$00000002)
    __rt_entry_sh                            0x08000213   Thumb Code     0  __rtentry4.o(.ARM.Collect$$rtentry$$00000004)
    __rt_entry_li                            0x08000219   Thumb Code     0  __rtentry2.o(.ARM.Collect$$rtentry$$0000000A)
    __rt_entry_postsh_1                      0x08000219   Thumb Code     0  __rtentry2.o(.ARM.Collect$$rtentry$$00000009)
    __rt_entry_main                          0x0800021d   Thumb Code     0  __rtentry2.o(.ARM.Collect$$rtentry$$0000000D)
    __rt_entry_postli_1                      0x0800021d   Thumb Code     0  __rtentry2.o(.ARM.Collect$$rtentry$$0000000C)
    __rt_exit                                0x08000225   Thumb Code     0  rtexit.o(.ARM.Collect$$rtexit$$00000000)
    __rt_exit_ls                             0x08000227   Thumb Code     0  rtexit2.o(.ARM.Collect$$rtexit$$00000003)
    __rt_exit_prels_1                        0x08000227   Thumb Code     0  rtexit2.o(.ARM.Collect$$rtexit$$00000002)
    __rt_exit_exit                           0x0800022b   Thumb Code     0  rtexit2.o(.ARM.Collect$$rtexit$$00000004)
    Reset_Handler                            0x08000231   Thumb Code     8  startup_stm32f40_41xxx.o(.text)
    ADC_IRQHandler                           0x0800024b   Thumb Code     0  startup_stm32f40_41xxx.o(.text)
    CAN1_RX0_IRQHandler                      0x0800024b   Thumb Code     0  startup_stm32f40_41xxx.o(.text)
    CAN1_RX1_IRQHandler                      0x0800024b   Thumb Code     0  startup_stm32f40_41xxx.o(.text)
    CAN1_SCE_IRQHandler                      0x0800024b   Thumb Code     0  startup_stm32f40_41xxx.o(.text)
    CAN1_TX_IRQHandler                       0x0800024b   Thumb Code     0  startup_stm32f40_41xxx.o(.text)
    CAN2_RX0_IRQHandler                      0x0800024b   Thumb Code     0  startup_stm32f40_41xxx.o(.text)
    CAN2_RX1_IRQHandler                      0x0800024b   Thumb Code     0  startup_stm32f40_41xxx.o(.text)
    CAN2_SCE_IRQHandler                      0x0800024b   Thumb Code     0  startup_stm32f40_41xxx.o(.text)
    CAN2_TX_IRQHandler                       0x0800024b   Thumb Code     0  startup_stm32f40_41xxx.o(.text)
    CRYP_IRQHandler                          0x0800024b   Thumb Code     0  startup_stm32f40_41xxx.o(.text)
    DCMI_IRQHandler                          0x0800024b   Thumb Code     0  startup_stm32f40_41xxx.o(.text)
    DMA1_Stream0_IRQHandler                  0x0800024b   Thumb Code     0  startup_stm32f40_41xxx.o(.text)
    DMA1_Stream1_IRQHandler                  0x0800024b   Thumb Code     0  startup_stm32f40_41xxx.o(.text)
    DMA1_Stream2_IRQHandler                  0x0800024b   Thumb Code     0  startup_stm32f40_41xxx.o(.text)
    DMA1_Stream3_IRQHandler                  0x0800024b   Thumb Code     0  startup_stm32f40_41xxx.o(.text)
    DMA1_Stream4_IRQHandler                  0x0800024b   Thumb Code     0  startup_stm32f40_41xxx.o(.text)
    DMA1_Stream5_IRQHandler                  0x0800024b   Thumb Code     0  startup_stm32f40_41xxx.o(.text)
    DMA1_Stream6_IRQHandler                  0x0800024b   Thumb Code     0  startup_stm32f40_41xxx.o(.text)
    DMA1_Stream7_IRQHandler                  0x0800024b   Thumb Code     0  startup_stm32f40_41xxx.o(.text)
    DMA2_Stream0_IRQHandler                  0x0800024b   Thumb Code     0  startup_stm32f40_41xxx.o(.text)
    DMA2_Stream1_IRQHandler                  0x0800024b   Thumb Code     0  startup_stm32f40_41xxx.o(.text)
    DMA2_Stream2_IRQHandler                  0x0800024b   Thumb Code     0  startup_stm32f40_41xxx.o(.text)
    DMA2_Stream3_IRQHandler                  0x0800024b   Thumb Code     0  startup_stm32f40_41xxx.o(.text)
    DMA2_Stream4_IRQHandler                  0x0800024b   Thumb Code     0  startup_stm32f40_41xxx.o(.text)
    DMA2_Stream5_IRQHandler                  0x0800024b   Thumb Code     0  startup_stm32f40_41xxx.o(.text)
    DMA2_Stream6_IRQHandler                  0x0800024b   Thumb Code     0  startup_stm32f40_41xxx.o(.text)
    DMA2_Stream7_IRQHandler                  0x0800024b   Thumb Code     0  startup_stm32f40_41xxx.o(.text)
    ETH_IRQHandler                           0x0800024b   Thumb Code     0  startup_stm32f40_41xxx.o(.text)
    ETH_WKUP_IRQHandler                      0x0800024b   Thumb Code     0  startup_stm32f40_41xxx.o(.text)
    EXTI0_IRQHandler                         0x0800024b   Thumb Code     0  startup_stm32f40_41xxx.o(.text)
    EXTI15_10_IRQHandler                     0x0800024b   Thumb Code     0  startup_stm32f40_41xxx.o(.text)
    EXTI1_IRQHandler                         0x0800024b   Thumb Code     0  startup_stm32f40_41xxx.o(.text)
    EXTI2_IRQHandler                         0x0800024b   Thumb Code     0  startup_stm32f40_41xxx.o(.text)
    EXTI3_IRQHandler                         0x0800024b   Thumb Code     0  startup_stm32f40_41xxx.o(.text)
    EXTI4_IRQHandler                         0x0800024b   Thumb Code     0  startup_stm32f40_41xxx.o(.text)
    EXTI9_5_IRQHandler                       0x0800024b   Thumb Code     0  startup_stm32f40_41xxx.o(.text)
    FLASH_IRQHandler                         0x0800024b   Thumb Code     0  startup_stm32f40_41xxx.o(.text)
    FPU_IRQHandler                           0x0800024b   Thumb Code     0  startup_stm32f40_41xxx.o(.text)
    FSMC_IRQHandler                          0x0800024b   Thumb Code     0  startup_stm32f40_41xxx.o(.text)
    HASH_RNG_IRQHandler                      0x0800024b   Thumb Code     0  startup_stm32f40_41xxx.o(.text)
    I2C1_ER_IRQHandler                       0x0800024b   Thumb Code     0  startup_stm32f40_41xxx.o(.text)
    I2C1_EV_IRQHandler                       0x0800024b   Thumb Code     0  startup_stm32f40_41xxx.o(.text)
    I2C2_ER_IRQHandler                       0x0800024b   Thumb Code     0  startup_stm32f40_41xxx.o(.text)
    I2C2_EV_IRQHandler                       0x0800024b   Thumb Code     0  startup_stm32f40_41xxx.o(.text)
    I2C3_ER_IRQHandler                       0x0800024b   Thumb Code     0  startup_stm32f40_41xxx.o(.text)
    I2C3_EV_IRQHandler                       0x0800024b   Thumb Code     0  startup_stm32f40_41xxx.o(.text)
    OTG_FS_IRQHandler                        0x0800024b   Thumb Code     0  startup_stm32f40_41xxx.o(.text)
    OTG_FS_WKUP_IRQHandler                   0x0800024b   Thumb Code     0  startup_stm32f40_41xxx.o(.text)
    OTG_HS_EP1_IN_IRQHandler                 0x0800024b   Thumb Code     0  startup_stm32f40_41xxx.o(.text)
    OTG_HS_EP1_OUT_IRQHandler                0x0800024b   Thumb Code     0  startup_stm32f40_41xxx.o(.text)
    OTG_HS_IRQHandler                        0x0800024b   Thumb Code     0  startup_stm32f40_41xxx.o(.text)
    OTG_HS_WKUP_IRQHandler                   0x0800024b   Thumb Code     0  startup_stm32f40_41xxx.o(.text)
    PVD_IRQHandler                           0x0800024b   Thumb Code     0  startup_stm32f40_41xxx.o(.text)
    RCC_IRQHandler                           0x0800024b   Thumb Code     0  startup_stm32f40_41xxx.o(.text)
    RTC_Alarm_IRQHandler                     0x0800024b   Thumb Code     0  startup_stm32f40_41xxx.o(.text)
    RTC_WKUP_IRQHandler                      0x0800024b   Thumb Code     0  startup_stm32f40_41xxx.o(.text)
    SDIO_IRQHandler                          0x0800024b   Thumb Code     0  startup_stm32f40_41xxx.o(.text)
    SPI1_IRQHandler                          0x0800024b   Thumb Code     0  startup_stm32f40_41xxx.o(.text)
    SPI2_IRQHandler                          0x0800024b   Thumb Code     0  startup_stm32f40_41xxx.o(.text)
    SPI3_IRQHandler                          0x0800024b   Thumb Code     0  startup_stm32f40_41xxx.o(.text)
    TAMP_STAMP_IRQHandler                    0x0800024b   Thumb Code     0  startup_stm32f40_41xxx.o(.text)
    TIM1_BRK_TIM9_IRQHandler                 0x0800024b   Thumb Code     0  startup_stm32f40_41xxx.o(.text)
    TIM1_CC_IRQHandler                       0x0800024b   Thumb Code     0  startup_stm32f40_41xxx.o(.text)
    TIM1_TRG_COM_TIM11_IRQHandler            0x0800024b   Thumb Code     0  startup_stm32f40_41xxx.o(.text)
    TIM2_IRQHandler                          0x0800024b   Thumb Code     0  startup_stm32f40_41xxx.o(.text)
    TIM4_IRQHandler                          0x0800024b   Thumb Code     0  startup_stm32f40_41xxx.o(.text)
    TIM5_IRQHandler                          0x0800024b   Thumb Code     0  startup_stm32f40_41xxx.o(.text)
    TIM6_DAC_IRQHandler                      0x0800024b   Thumb Code     0  startup_stm32f40_41xxx.o(.text)
    TIM7_IRQHandler                          0x0800024b   Thumb Code     0  startup_stm32f40_41xxx.o(.text)
    TIM8_BRK_TIM12_IRQHandler                0x0800024b   Thumb Code     0  startup_stm32f40_41xxx.o(.text)
    TIM8_CC_IRQHandler                       0x0800024b   Thumb Code     0  startup_stm32f40_41xxx.o(.text)
    TIM8_TRG_COM_TIM14_IRQHandler            0x0800024b   Thumb Code     0  startup_stm32f40_41xxx.o(.text)
    TIM8_UP_TIM13_IRQHandler                 0x0800024b   Thumb Code     0  startup_stm32f40_41xxx.o(.text)
    UART4_IRQHandler                         0x0800024b   Thumb Code     0  startup_stm32f40_41xxx.o(.text)
    UART5_IRQHandler                         0x0800024b   Thumb Code     0  startup_stm32f40_41xxx.o(.text)
    USART2_IRQHandler                        0x0800024b   Thumb Code     0  startup_stm32f40_41xxx.o(.text)
    USART3_IRQHandler                        0x0800024b   Thumb Code     0  startup_stm32f40_41xxx.o(.text)
    USART6_IRQHandler                        0x0800024b   Thumb Code     0  startup_stm32f40_41xxx.o(.text)
    WWDG_IRQHandler                          0x0800024b   Thumb Code     0  startup_stm32f40_41xxx.o(.text)
    __user_initial_stackheap                 0x0800024d   Thumb Code     0  startup_stm32f40_41xxx.o(.text)
    __use_no_semihosting                     0x08000271   Thumb Code     2  use_no_semi_2.o(.text)
    __aeabi_ldivmod                          0x08000273   Thumb Code     0  llsdiv.o(.text)
    _ll_sdiv                                 0x08000273   Thumb Code    72  llsdiv.o(.text)
    __2printf                                0x080002bd   Thumb Code    20  noretval__2printf.o(.text)
    _printf_int_dec                          0x080002d5   Thumb Code   104  _printf_dec.o(.text)
    __printf                                 0x0800034d   Thumb Code   308  __printf_flags_wp.o(.text)
    memcmp                                   0x08000485   Thumb Code    88  memcmp.o(.text)
    __aeabi_memcpy                           0x080004dd   Thumb Code     0  rt_memcpy_v6.o(.text)
    __rt_memcpy                              0x080004dd   Thumb Code   138  rt_memcpy_v6.o(.text)
    _memcpy_lastbytes                        0x08000543   Thumb Code     0  rt_memcpy_v6.o(.text)
    __aeabi_memcpy4                          0x08000567   Thumb Code     0  rt_memcpy_w.o(.text)
    __aeabi_memcpy8                          0x08000567   Thumb Code     0  rt_memcpy_w.o(.text)
    __rt_memcpy_w                            0x08000567   Thumb Code   100  rt_memcpy_w.o(.text)
    _memcpy_lastbytes_aligned                0x080005af   Thumb Code     0  rt_memcpy_w.o(.text)
    __aeabi_memset                           0x080005cb   Thumb Code    16  aeabi_memset.o(.text)
    __aeabi_memclr4                          0x080005db   Thumb Code     0  rt_memclr_w.o(.text)
    __aeabi_memclr8                          0x080005db   Thumb Code     0  rt_memclr_w.o(.text)
    __rt_memclr_w                            0x080005db   Thumb Code    78  rt_memclr_w.o(.text)
    _memset_w                                0x080005df   Thumb Code     0  rt_memclr_w.o(.text)
    __use_two_region_memory                  0x08000629   Thumb Code     2  heapauxi.o(.text)
    __rt_heap_escrow$2region                 0x0800062b   Thumb Code     2  heapauxi.o(.text)
    __rt_heap_expand$2region                 0x0800062d   Thumb Code     2  heapauxi.o(.text)
    __I$use$semihosting                      0x0800062f   Thumb Code     0  use_no_semi.o(.text)
    __use_no_semihosting_swi                 0x0800062f   Thumb Code     2  use_no_semi.o(.text)
    __aeabi_uldivmod                         0x08000631   Thumb Code     0  lludivv7m.o(.text)
    _ll_udiv                                 0x08000631   Thumb Code   238  lludivv7m.o(.text)
    __read_errno                             0x0800071f   Thumb Code    10  _rserrno.o(.text)
    __set_errno                              0x08000729   Thumb Code    12  _rserrno.o(.text)
    _printf_int_common                       0x08000735   Thumb Code   178  _printf_intcommon.o(.text)
    _printf_char_file                        0x080007e9   Thumb Code    32  _printf_char_file.o(.text)
    __aeabi_memclr                           0x0800080d   Thumb Code     0  rt_memclr.o(.text)
    __rt_memclr                              0x0800080d   Thumb Code    68  rt_memclr.o(.text)
    _memset                                  0x08000811   Thumb Code     0  rt_memclr.o(.text)
    __aeabi_errno_addr                       0x08000851   Thumb Code     8  rt_errno_addr_intlibspace.o(.text)
    __errno$intlibspace                      0x08000851   Thumb Code     0  rt_errno_addr_intlibspace.o(.text)
    __rt_errno_addr$intlibspace              0x08000851   Thumb Code     0  rt_errno_addr_intlibspace.o(.text)
    _printf_char_common                      0x08000863   Thumb Code    32  _printf_char_common.o(.text)
    ferror                                   0x08000889   Thumb Code     8  ferror.o(.text)
    __user_libspace                          0x08000891   Thumb Code     8  libspace.o(.text)
    __user_perproc_libspace                  0x08000891   Thumb Code     0  libspace.o(.text)
    __user_perthread_libspace                0x08000891   Thumb Code     0  libspace.o(.text)
    __user_setup_stackheap                   0x08000899   Thumb Code    74  sys_stackheap_outer.o(.text)
    exit                                     0x080008e3   Thumb Code    18  exit.o(.text)
    BusFault_Handler                         0x080008f5   Thumb Code     4  stm32f4xx_it.o(i.BusFault_Handler)
    DMP_Init                                 0x080008f9   Thumb Code   154  mpu6050.o(i.DMP_Init)
    DebugMon_Handler                         0x080009b9   Thumb Code     2  stm32f4xx_it.o(i.DebugMon_Handler)
    GPIO_Init                                0x080009bb   Thumb Code   144  stm32f4xx_gpio.o(i.GPIO_Init)
    GPIO_PinAFConfig                         0x08000a4b   Thumb Code    70  stm32f4xx_gpio.o(i.GPIO_PinAFConfig)
    GPIO_ReadInputDataBit                    0x08000a91   Thumb Code    18  stm32f4xx_gpio.o(i.GPIO_ReadInputDataBit)
    GPIO_ResetBits                           0x08000aa3   Thumb Code     6  stm32f4xx_gpio.o(i.GPIO_ResetBits)
    GPIO_SetBits                             0x08000aa9   Thumb Code     4  stm32f4xx_gpio.o(i.GPIO_SetBits)
    HardFault_Handler                        0x08000aad   Thumb Code     4  stm32f4xx_it.o(i.HardFault_Handler)
    Init_Timer3                              0x08000ab1   Thumb Code    82  timer.o(i.Init_Timer3)
    KEY_Init                                 0x08000b09   Thumb Code    66  key.o(i.KEY_Init)
    KEY_Scan                                 0x08000b55   Thumb Code   114  key.o(i.KEY_Scan)
    LED_Init                                 0x08000bd1   Thumb Code    60  led.o(i.LED_Init)
    MPU_IIC_Ack                              0x08000c11   Thumb Code    62  mpuiic.o(i.MPU_IIC_Ack)
    MPU_IIC_Delay                            0x08000c5d   Thumb Code    10  mpuiic.o(i.MPU_IIC_Delay)
    MPU_IIC_Init                             0x08000c69   Thumb Code    56  mpuiic.o(i.MPU_IIC_Init)
    MPU_IIC_NAck                             0x08000ca5   Thumb Code    62  mpuiic.o(i.MPU_IIC_NAck)
    MPU_IIC_Read_Byte                        0x08000cf1   Thumb Code    90  mpuiic.o(i.MPU_IIC_Read_Byte)
    MPU_IIC_Send_Byte                        0x08000d59   Thumb Code    80  mpuiic.o(i.MPU_IIC_Send_Byte)
    MPU_IIC_Start                            0x08000db5   Thumb Code    60  mpuiic.o(i.MPU_IIC_Start)
    MPU_IIC_Stop                             0x08000dfd   Thumb Code    58  mpuiic.o(i.MPU_IIC_Stop)
    MPU_IIC_Wait_Ack                         0x08000e45   Thumb Code    82  mpuiic.o(i.MPU_IIC_Wait_Ack)
    MPU_Init                                 0x08000ea5   Thumb Code   182  mpu6050.o(i.MPU_Init)
    MPU_Read_Byte                            0x08000f79   Thumb Code    58  mpu6050.o(i.MPU_Read_Byte)
    MPU_Read_Len                             0x08000fb3   Thumb Code   116  mpu6050.o(i.MPU_Read_Len)
    MPU_Set_Accel_Fsr                        0x08001027   Thumb Code    16  mpu6050.o(i.MPU_Set_Accel_Fsr)
    MPU_Set_Gyro_Fsr                         0x08001037   Thumb Code    16  mpu6050.o(i.MPU_Set_Gyro_Fsr)
    MPU_Set_LPF                              0x08001047   Thumb Code    58  mpu6050.o(i.MPU_Set_LPF)
    MPU_Set_Rate                             0x08001081   Thumb Code    58  mpu6050.o(i.MPU_Set_Rate)
    MPU_Write_Byte                           0x080010bb   Thumb Code    68  mpu6050.o(i.MPU_Write_Byte)
    MPU_Write_Len                            0x080010ff   Thumb Code    96  mpu6050.o(i.MPU_Write_Len)
    MemManage_Handler                        0x0800115f   Thumb Code     4  stm32f4xx_it.o(i.MemManage_Handler)
    Motor_Gpio_Init                          0x08001165   Thumb Code    48  motor.o(i.Motor_Gpio_Init)
    My_abs                                   0x08001199   Thumb Code    10  motor.o(i.My_abs)
    NMI_Handler                              0x080011a3   Thumb Code     2  stm32f4xx_it.o(i.NMI_Handler)
    NVIC_Init                                0x080011a5   Thumb Code   106  misc.o(i.NVIC_Init)
    NVIC_PriorityGroupConfig                 0x0800121d   Thumb Code    10  misc.o(i.NVIC_PriorityGroupConfig)
    OLED_Clear                               0x08001231   Thumb Code    42  oled.o(i.OLED_Clear)
    OLED_DrawPoint                           0x08001261   Thumb Code   114  oled.o(i.OLED_DrawPoint)
    OLED_Init                                0x080012d9   Thumb Code   352  oled.o(i.OLED_Init)
    OLED_Pow                                 0x08001441   Thumb Code    22  oled.o(i.OLED_Pow)
    OLED_Refresh                             0x08001459   Thumb Code    70  oled.o(i.OLED_Refresh)
    OLED_ShowChar                            0x080014a5   Thumb Code   300  oled.o(i.OLED_ShowChar)
    OLED_ShowNum                             0x080015e1   Thumb Code   140  oled.o(i.OLED_ShowNum)
    OLED_ShowSNum                            0x0800166d   Thumb Code   208  oled.o(i.OLED_ShowSNum)
    OLED_ShowString                          0x0800173d   Thumb Code    78  oled.o(i.OLED_ShowString)
    OLED_WR_Byte                             0x0800178d   Thumb Code   126  oled.o(i.OLED_WR_Byte)
    PID_Calculate                            0x08001815   Thumb Code   174  pid.o(i.PID_Calculate)
    PID_TimerInit                            0x080018cd   Thumb Code   114  pid.o(i.PID_TimerInit)
    PID_param_init                           0x08001945   Thumb Code    82  pid.o(i.PID_param_init)
    PWM_Limit                                0x0800199d   Thumb Code    42  motor.o(i.PWM_Limit)
    PWM_Load                                 0x080019d1   Thumb Code   114  motor.o(i.PWM_Load)
    PWR_WakeUpPinCmd                         0x08001a51   Thumb Code     6  stm32f4xx_pwr.o(i.PWR_WakeUpPinCmd)
    PendSV_Handler                           0x08001a5d   Thumb Code     2  stm32f4xx_it.o(i.PendSV_Handler)
    RCC_AHB1PeriphClockCmd                   0x08001a61   Thumb Code    26  stm32f4xx_rcc.o(i.RCC_AHB1PeriphClockCmd)
    RCC_APB1PeriphClockCmd                   0x08001a81   Thumb Code    26  stm32f4xx_rcc.o(i.RCC_APB1PeriphClockCmd)
    RCC_APB2PeriphClockCmd                   0x08001aa1   Thumb Code    26  stm32f4xx_rcc.o(i.RCC_APB2PeriphClockCmd)
    RCC_GetClocksFreq                        0x08001ac1   Thumb Code   214  stm32f4xx_rcc.o(i.RCC_GetClocksFreq)
    SVC_Handler                              0x08001ba9   Thumb Code     2  stm32f4xx_it.o(i.SVC_Handler)
    Set_Length                               0x08001c99   Thumb Code   112  control.o(i.Set_Length)
    SysTick_CLKSourceConfig                  0x08001d1d   Thumb Code    40  misc.o(i.SysTick_CLKSourceConfig)
    SysTick_Handler                          0x08001d45   Thumb Code     2  stm32f4xx_it.o(i.SysTick_Handler)
    SystemInit                               0x08001d49   Thumb Code    88  system_stm32f4xx.o(i.SystemInit)
    TIM1_UP_TIM10_IRQHandler                 0x08001db1   Thumb Code   140  control.o(i.TIM1_UP_TIM10_IRQHandler)
    TIM3_IRQHandler                          0x08001e65   Thumb Code    34  timer.o(i.TIM3_IRQHandler)
    TIM_ClearITPendingBit                    0x08001e99   Thumb Code     6  stm32f4xx_tim.o(i.TIM_ClearITPendingBit)
    TIM_Cmd                                  0x08001e9f   Thumb Code    24  stm32f4xx_tim.o(i.TIM_Cmd)
    TIM_CtrlPWMOutputs                       0x08001eb7   Thumb Code    30  stm32f4xx_tim.o(i.TIM_CtrlPWMOutputs)
    TIM_GetITStatus                          0x08001ed5   Thumb Code    34  stm32f4xx_tim.o(i.TIM_GetITStatus)
    TIM_ITConfig                             0x08001ef7   Thumb Code    18  stm32f4xx_tim.o(i.TIM_ITConfig)
    TIM_OC1Init                              0x08001f09   Thumb Code   114  stm32f4xx_tim.o(i.TIM_OC1Init)
    TIM_OC1PreloadConfig                     0x08001f85   Thumb Code    18  stm32f4xx_tim.o(i.TIM_OC1PreloadConfig)
    TIM_OC4Init                              0x08001f99   Thumb Code   112  stm32f4xx_tim.o(i.TIM_OC4Init)
    TIM_OC4PreloadConfig                     0x08002011   Thumb Code    26  stm32f4xx_tim.o(i.TIM_OC4PreloadConfig)
    TIM_SetAutoreload                        0x0800202b   Thumb Code     4  stm32f4xx_tim.o(i.TIM_SetAutoreload)
    TIM_SetCompare1                          0x0800202f   Thumb Code     4  stm32f4xx_tim.o(i.TIM_SetCompare1)
    TIM_SetCompare4                          0x08002033   Thumb Code     4  stm32f4xx_tim.o(i.TIM_SetCompare4)
    TIM_TimeBaseInit                         0x08002039   Thumb Code   104  stm32f4xx_tim.o(i.TIM_TimeBaseInit)
    TIM_TimeBaseStructInit                   0x080020bd   Thumb Code    18  stm32f4xx_tim.o(i.TIM_TimeBaseStructInit)
    Timer1_PWM_GPIO_Init                     0x080020d1   Thumb Code   198  timer.o(i.Timer1_PWM_GPIO_Init)
    USART1_IRQHandler                        0x080021a1   Thumb Code   126  pidtool.o(i.USART1_IRQHandler)
    USART_ClearFlag                          0x08002231   Thumb Code    18  stm32f4xx_usart.o(i.USART_ClearFlag)
    USART_ClearITPendingBit                  0x08002243   Thumb Code    30  stm32f4xx_usart.o(i.USART_ClearITPendingBit)
    USART_Cmd                                0x08002261   Thumb Code    24  stm32f4xx_usart.o(i.USART_Cmd)
    USART_GetFlagStatus                      0x08002279   Thumb Code    26  stm32f4xx_usart.o(i.USART_GetFlagStatus)
    USART_GetITStatus                        0x08002293   Thumb Code    84  stm32f4xx_usart.o(i.USART_GetITStatus)
    USART_ITConfig                           0x080022e7   Thumb Code    74  stm32f4xx_usart.o(i.USART_ITConfig)
    USART_Init                               0x08002331   Thumb Code   204  stm32f4xx_usart.o(i.USART_Init)
    USART_ReceiveData                        0x08002405   Thumb Code    10  stm32f4xx_usart.o(i.USART_ReceiveData)
    USART_SendData                           0x0800240f   Thumb Code     8  stm32f4xx_usart.o(i.USART_SendData)
    UsageFault_Handler                       0x08002417   Thumb Code     4  stm32f4xx_it.o(i.UsageFault_Handler)
    __ARM_fpclassify                         0x0800241b   Thumb Code    48  fpclassify.o(i.__ARM_fpclassify)
    __hardfp_asin                            0x08002451   Thumb Code   770  asin.o(i.__hardfp_asin)
    __hardfp_atan                            0x080027b1   Thumb Code   622  atan.o(i.__hardfp_atan)
    __hardfp_atan2                           0x08002a89   Thumb Code   448  atan2.o(i.__hardfp_atan2)
    __hardfp_cos                             0x08002c89   Thumb Code   180  cos.o(i.__hardfp_cos)
    __hardfp_sin                             0x08002d51   Thumb Code   180  sin.o(i.__hardfp_sin)
    __ieee754_rem_pio2                       0x08002e19   Thumb Code   938  rred.o(i.__ieee754_rem_pio2)
    __kernel_cos                             0x08003251   Thumb Code   322  cos_i.o(i.__kernel_cos)
    __kernel_poly                            0x080033c1   Thumb Code   248  poly.o(i.__kernel_poly)
    __kernel_sin                             0x080034b9   Thumb Code   280  sin_i.o(i.__kernel_sin)
    __mathlib_dbl_infnan                     0x080035e9   Thumb Code    20  dunder.o(i.__mathlib_dbl_infnan)
    __mathlib_dbl_infnan2                    0x080035fd   Thumb Code    20  dunder.o(i.__mathlib_dbl_infnan2)
    __mathlib_dbl_invalid                    0x08003611   Thumb Code    24  dunder.o(i.__mathlib_dbl_invalid)
    __mathlib_dbl_underflow                  0x08003631   Thumb Code    24  dunder.o(i.__mathlib_dbl_underflow)
    _is_digit                                0x08003651   Thumb Code    14  __printf_wp.o(i._is_digit)
    _sys_exit                                0x0800365f   Thumb Code     4  usart.o(i._sys_exit)
    angle_calibration                        0x08003725   Thumb Code   118  control.o(i.angle_calibration)
    atan                                     0x080037cd   Thumb Code    16  atan.o(i.atan)
    check_sum                                0x080037dd   Thumb Code    28  pidtool.o(i.check_sum)
    delay_init                               0x0800385d   Thumb Code    52  delay.o(i.delay_init)
    delay_ms                                 0x08003899   Thumb Code    56  delay.o(i.delay_ms)
    delay_us                                 0x080038d1   Thumb Code    72  delay.o(i.delay_us)
    delay_xms                                0x0800391d   Thumb Code    72  delay.o(i.delay_xms)
    dmp_enable_6x_lp_quat                    0x08003969   Thumb Code    60  inv_mpu_dmp_motion_driver.o(i.dmp_enable_6x_lp_quat)
    dmp_enable_feature                       0x080039a5   Thumb Code   530  inv_mpu_dmp_motion_driver.o(i.dmp_enable_feature)
    dmp_enable_gyro_cal                      0x08003bc1   Thumb Code    62  inv_mpu_dmp_motion_driver.o(i.dmp_enable_gyro_cal)
    dmp_enable_lp_quat                       0x08003c19   Thumb Code    60  inv_mpu_dmp_motion_driver.o(i.dmp_enable_lp_quat)
    dmp_load_motion_driver_firmware          0x08003c55   Thumb Code    20  inv_mpu_dmp_motion_driver.o(i.dmp_load_motion_driver_firmware)
    dmp_read_fifo                            0x08003c6d   Thumb Code   456  inv_mpu_dmp_motion_driver.o(i.dmp_read_fifo)
    dmp_set_accel_bias                       0x08003e39   Thumb Code   300  inv_mpu_dmp_motion_driver.o(i.dmp_set_accel_bias)
    dmp_set_fifo_rate                        0x08003f69   Thumb Code    96  inv_mpu_dmp_motion_driver.o(i.dmp_set_fifo_rate)
    dmp_set_gyro_bias                        0x08003fd9   Thumb Code   294  inv_mpu_dmp_motion_driver.o(i.dmp_set_gyro_bias)
    dmp_set_orientation                      0x08004109   Thumb Code   290  inv_mpu_dmp_motion_driver.o(i.dmp_set_orientation)
    dmp_set_shake_reject_thresh              0x08004241   Thumb Code    56  inv_mpu_dmp_motion_driver.o(i.dmp_set_shake_reject_thresh)
    dmp_set_shake_reject_time                0x08004279   Thumb Code    38  inv_mpu_dmp_motion_driver.o(i.dmp_set_shake_reject_time)
    dmp_set_shake_reject_timeout             0x0800429f   Thumb Code    38  inv_mpu_dmp_motion_driver.o(i.dmp_set_shake_reject_timeout)
    dmp_set_tap_axes                         0x080042c5   Thumb Code    70  inv_mpu_dmp_motion_driver.o(i.dmp_set_tap_axes)
    dmp_set_tap_count                        0x0800430b   Thumb Code    38  inv_mpu_dmp_motion_driver.o(i.dmp_set_tap_count)
    dmp_set_tap_thresh                       0x08004331   Thumb Code   412  inv_mpu_dmp_motion_driver.o(i.dmp_set_tap_thresh)
    dmp_set_tap_time                         0x080044f1   Thumb Code    38  inv_mpu_dmp_motion_driver.o(i.dmp_set_tap_time)
    dmp_set_tap_time_multi                   0x08004517   Thumb Code    38  inv_mpu_dmp_motion_driver.o(i.dmp_set_tap_time_multi)
    fabs                                     0x0800453d   Thumb Code    24  fabs.o(i.fabs)
    fputc                                    0x08004555   Thumb Code    22  usart.o(i.fputc)
    inv_orientation_matrix_to_scalar         0x08004c25   Thumb Code    40  inv_mpu.o(i.inv_orientation_matrix_to_scalar)
    inv_row_2_scale                          0x08004c4d   Thumb Code    78  inv_mpu.o(i.inv_row_2_scale)
    main                                     0x08004c9d   Thumb Code   392  main.o(i.main)
    mget_ms                                  0x08004e85   Thumb Code     2  inv_mpu.o(i.mget_ms)
    mode_1                                   0x08004e89   Thumb Code   320  control.o(i.mode_1)
    mode_2                                   0x08005001   Thumb Code   296  control.o(i.mode_2)
    mode_3                                   0x0800515d   Thumb Code   424  control.o(i.mode_3)
    mode_4                                   0x08005341   Thumb Code   216  control.o(i.mode_4)
    mpu_configure_fifo                       0x08005435   Thumb Code   106  inv_mpu.o(i.mpu_configure_fifo)
    mpu_dmp_get_data                         0x080054a5   Thumb Code   520  inv_mpu.o(i.mpu_dmp_get_data)
    mpu_dmp_init                             0x080056bd   Thumb Code   150  inv_mpu.o(i.mpu_dmp_init)
    mpu_get_accel_fsr                        0x08005759   Thumb Code    72  inv_mpu.o(i.mpu_get_accel_fsr)
    mpu_get_accel_sens                       0x080057a5   Thumb Code    78  inv_mpu.o(i.mpu_get_accel_sens)
    mpu_get_fifo_config                      0x080057f9   Thumb Code    12  inv_mpu.o(i.mpu_get_fifo_config)
    mpu_get_gyro_fsr                         0x08005809   Thumb Code    64  inv_mpu.o(i.mpu_get_gyro_fsr)
    mpu_get_gyro_sens                        0x0800584d   Thumb Code    74  inv_mpu.o(i.mpu_get_gyro_sens)
    mpu_get_lpf                              0x080058ad   Thumb Code    74  inv_mpu.o(i.mpu_get_lpf)
    mpu_get_sample_rate                      0x080058fd   Thumb Code    26  inv_mpu.o(i.mpu_get_sample_rate)
    mpu_init                                 0x0800591d   Thumb Code   416  inv_mpu.o(i.mpu_init)
    mpu_load_firmware                        0x08005b0d   Thumb Code   180  inv_mpu.o(i.mpu_load_firmware)
    mpu_lp_accel_mode                        0x08005bc5   Thumb Code   218  inv_mpu.o(i.mpu_lp_accel_mode)
    mpu_read_fifo_stream                     0x08005ca5   Thumb Code   186  inv_mpu.o(i.mpu_read_fifo_stream)
    mpu_read_mem                             0x08005d65   Thumb Code   122  inv_mpu.o(i.mpu_read_mem)
    mpu_reset_fifo                           0x08005de5   Thumb Code   450  inv_mpu.o(i.mpu_reset_fifo)
    mpu_run_self_test                        0x08005fad   Thumb Code   278  inv_mpu.o(i.mpu_run_self_test)
    mpu_set_accel_fsr                        0x080060c9   Thumb Code   126  inv_mpu.o(i.mpu_set_accel_fsr)
    mpu_set_bypass                           0x0800614d   Thumb Code   328  inv_mpu.o(i.mpu_set_bypass)
    mpu_set_dmp_state                        0x08006299   Thumb Code   138  inv_mpu.o(i.mpu_set_dmp_state)
    mpu_set_gyro_fsr                         0x08006329   Thumb Code   132  inv_mpu.o(i.mpu_set_gyro_fsr)
    mpu_set_int_latched                      0x080063b1   Thumb Code   102  inv_mpu.o(i.mpu_set_int_latched)
    mpu_set_lpf                              0x0800641d   Thumb Code   126  inv_mpu.o(i.mpu_set_lpf)
    mpu_set_sample_rate                      0x080064a1   Thumb Code   152  inv_mpu.o(i.mpu_set_sample_rate)
    mpu_set_sensors                          0x0800653d   Thumb Code   202  inv_mpu.o(i.mpu_set_sensors)
    mpu_write_mem                            0x0800660d   Thumb Code   122  inv_mpu.o(i.mpu_write_mem)
    pid_tool_send_param                      0x0800668d   Thumb Code    68  pidtool.o(i.pid_tool_send_param)
    protocol_data_recv                       0x080066d1   Thumb Code    46  pidtool.o(i.protocol_data_recv)
    protocol_init                            0x080068c5   Thumb Code    20  pidtool.o(i.protocol_init)
    receiving_process                        0x080068e1   Thumb Code   600  pidtool.o(i.receiving_process)
    run_self_test                            0x08006c2d   Thumb Code   138  inv_mpu.o(i.run_self_test)
    set_computer_value                       0x08006cb9   Thumb Code    90  pidtool.o(i.set_computer_value)
    set_p_i_d                                0x08006dad   Thumb Code    66  pid.o(i.set_p_i_d)
    set_pid_polarity                         0x08006def   Thumb Code    12  pid.o(i.set_pid_polarity)
    set_pid_target                           0x08006dfb   Thumb Code     6  pid.o(i.set_pid_target)
    sqrt                                     0x08006e01   Thumb Code   110  sqrt.o(i.sqrt)
    uart_init                                0x08006e71   Thumb Code   184  usart.o(i.uart_init)
    usart1_send                              0x08006f31   Thumb Code    42  pidtool.o(i.usart1_send)
    __aeabi_dneg                             0x08006f61   Thumb Code     0  basic.o(x$fpl$basic)
    _dneg                                    0x08006f61   Thumb Code     6  basic.o(x$fpl$basic)
    __aeabi_fneg                             0x08006f67   Thumb Code     0  basic.o(x$fpl$basic)
    _fneg                                    0x08006f67   Thumb Code     6  basic.o(x$fpl$basic)
    _dabs                                    0x08006f6d   Thumb Code     6  basic.o(x$fpl$basic)
    _fabs                                    0x08006f73   Thumb Code     6  basic.o(x$fpl$basic)
    __aeabi_d2f                              0x08006f79   Thumb Code     0  d2f.o(x$fpl$d2f)
    _d2f                                     0x08006f79   Thumb Code    98  d2f.o(x$fpl$d2f)
    __aeabi_dadd                             0x08006fdd   Thumb Code     0  daddsub_clz.o(x$fpl$dadd)
    _dadd                                    0x08006fdd   Thumb Code   332  daddsub_clz.o(x$fpl$dadd)
    __fpl_dcmp_Inf                           0x0800712d   Thumb Code    24  dcmpi.o(x$fpl$dcmpinf)
    __aeabi_ddiv                             0x08007145   Thumb Code     0  ddiv.o(x$fpl$ddiv)
    _ddiv                                    0x08007145   Thumb Code   552  ddiv.o(x$fpl$ddiv)
    __aeabi_cdcmpeq                          0x080073f5   Thumb Code     0  deqf.o(x$fpl$deqf)
    _dcmpeq                                  0x080073f5   Thumb Code   120  deqf.o(x$fpl$deqf)
    __aeabi_d2iz                             0x0800746d   Thumb Code     0  dfix.o(x$fpl$dfix)
    _dfix                                    0x0800746d   Thumb Code    94  dfix.o(x$fpl$dfix)
    __aeabi_i2d                              0x080074cb   Thumb Code     0  dflt_clz.o(x$fpl$dflt)
    _dflt                                    0x080074cb   Thumb Code    46  dflt_clz.o(x$fpl$dflt)
    __aeabi_ui2d                             0x080074f9   Thumb Code     0  dflt_clz.o(x$fpl$dfltu)
    _dfltu                                   0x080074f9   Thumb Code    38  dflt_clz.o(x$fpl$dfltu)
    __aeabi_dmul                             0x08007521   Thumb Code     0  dmul.o(x$fpl$dmul)
    _dmul                                    0x08007521   Thumb Code   332  dmul.o(x$fpl$dmul)
    __fpl_dnaninf                            0x08007675   Thumb Code   156  dnaninf.o(x$fpl$dnaninf)
    __fpl_dretinf                            0x08007711   Thumb Code    12  dretinf.o(x$fpl$dretinf)
    __aeabi_drsub                            0x0800771d   Thumb Code     0  daddsub_clz.o(x$fpl$drsb)
    _drsb                                    0x0800771d   Thumb Code    22  daddsub_clz.o(x$fpl$drsb)
    _dsqrt                                   0x08007735   Thumb Code   404  dsqrt_umaal.o(x$fpl$dsqrt)
    __aeabi_dsub                             0x080078cd   Thumb Code     0  daddsub_clz.o(x$fpl$dsub)
    _dsub                                    0x080078cd   Thumb Code   464  daddsub_clz.o(x$fpl$dsub)
    __aeabi_f2d                              0x08007aa1   Thumb Code     0  f2d.o(x$fpl$f2d)
    _f2d                                     0x08007aa1   Thumb Code    86  f2d.o(x$fpl$f2d)
    __fpl_fnaninf                            0x08007af7   Thumb Code   140  fnaninf.o(x$fpl$fnaninf)
    _fp_init                                 0x08007b83   Thumb Code    10  fpinit.o(x$fpl$fpinit)
    __fplib_config_fpu_vfp                   0x08007b8b   Thumb Code     0  fpinit.o(x$fpl$fpinit)
    __fplib_config_pureend_doubles           0x08007b8b   Thumb Code     0  fpinit.o(x$fpl$fpinit)
    __fpl_fretinf                            0x08007b8d   Thumb Code    10  fretinf.o(x$fpl$fretinf)
    __I$use$fp                               0x08007b96   Number         0  usenofp.o(x$fpl$usenofp)
    asc2_0806                                0x08007b96   Data         552  oled.o(.constdata)
    asc2_1206                                0x08007dbe   Data        1140  oled.o(.constdata)
    asc2_1608                                0x08008232   Data        1520  oled.o(.constdata)
    asc2_2412                                0x08008822   Data        3420  oled.o(.constdata)
    Hzk1                                     0x0800957e   Data         352  oled.o(.constdata)
    Hzk2                                     0x080096de   Data          72  oled.o(.constdata)
    Hzk3                                     0x08009726   Data         128  oled.o(.constdata)
    Hzk4                                     0x080097a6   Data         512  oled.o(.constdata)
    reg                                      0x080099a8   Data          27  inv_mpu.o(.constdata)
    hw                                       0x080099c4   Data          12  inv_mpu.o(.constdata)
    test                                     0x080099d0   Data          40  inv_mpu.o(.constdata)
    __mathlib_zero                           0x0800a718   Data           8  qnan.o(.constdata)
    Region$$Table$$Base                      0x0800a860   Number         0  anon$$obj.o(Region$$Table)
    Region$$Table$$Limit                     0x0800a880   Number         0  anon$$obj.o(Region$$Table)
    mode_num                                 0x20000000   Data           1  main.o(.data)
    temp                                     0x20000004   Data           4  main.o(.data)
    mechanical_error_Roll                    0x20000008   Data           4  control.o(.data)
    mechanical_error_Pitch                   0x2000000c   Data           4  control.o(.data)
    use_pitch                                0x20000010   Data           4  control.o(.data)
    use_roll                                 0x20000014   Data           4  control.o(.data)
    mode                                     0x20000018   Data           1  control.o(.data)
    Pwm_x                                    0x2000001a   Data           2  control.o(.data)
    Pwm_y                                    0x2000001c   Data           2  control.o(.data)
    PWM_MAX                                  0x2000007c   Data           4  motor.o(.data)
    PWM_MIN                                  0x20000080   Data           4  motor.o(.data)
    rx_cnt                                   0x20000084   Data           1  pidtool.o(.data)
    sizecopy                                 0x20000088   Data           4  pidtool.o(.data)
    __stdout                                 0x20000090   Data           4  usart.o(.data)
    USART_RX_STA                             0x20000094   Data           2  usart.o(.data)
    Pitch                                    0x20000098   Data           4  timer.o(.data)
    Roll                                     0x2000009c   Data           4  timer.o(.data)
    Yaw                                      0x200000a0   Data           4  timer.o(.data)
    kalmanFilter_Roll                        0x200000a4   Data           4  timer.o(.data)
    kalmanFilter_Pitch                       0x200000a8   Data           4  timer.o(.data)
    Roll_PID                                 0x200000ac   Data          40  control.o(.bss)
    Pitch_PID                                0x200000d4   Data          40  control.o(.bss)
    OLED_GRAM                                0x200000fc   Data        1152  oled.o(.bss)
    Recv1                                    0x20000618   Data         128  pidtool.o(.bss)
    __libspace_start                         0x200006a4   Data          96  libspace.o(.bss)
    __temporary_stack_top$libspace           0x20000704   Data           0  libspace.o(.bss)



==============================================================================

Memory Map of the image

  Image Entry point : 0x08000189

  Load Region LR_IROM1 (Base: 0x08000000, Size: 0x0000a92c, Max: 0x00100000, ABSOLUTE)

    Execution Region ER_IROM1 (Exec base: 0x08000000, Load base: 0x08000000, Size: 0x0000a880, Max: 0x00100000, ABSOLUTE)

    Exec Addr    Load Addr    Size         Type   Attr      Idx    E Section Name        Object

    0x08000000   0x08000000   0x00000188   Data   RO         6434    RESET               startup_stm32f40_41xxx.o
    0x08000188   0x08000188   0x00000008   Code   RO         6664  * !!!main             c_w.l(__main.o)
    0x08000190   0x08000190   0x00000034   Code   RO         7015    !!!scatter          c_w.l(__scatter.o)
    0x080001c4   0x080001c4   0x0000001a   Code   RO         7017    !!handler_copy      c_w.l(__scatter_copy.o)
    0x080001de   0x080001de   0x00000002   PAD
    0x080001e0   0x080001e0   0x0000001c   Code   RO         7019    !!handler_zi        c_w.l(__scatter_zi.o)
    0x080001fc   0x080001fc   0x00000000   Code   RO         6651    .ARM.Collect$$_printf_percent$$00000000  c_w.l(_printf_percent.o)
    0x080001fc   0x080001fc   0x00000006   Code   RO         6650    .ARM.Collect$$_printf_percent$$00000009  c_w.l(_printf_d.o)
    0x08000202   0x08000202   0x00000004   Code   RO         6763    .ARM.Collect$$_printf_percent$$00000017  c_w.l(_printf_percent_end.o)
    0x08000206   0x08000206   0x00000002   Code   RO         6886    .ARM.Collect$$libinit$$00000000  c_w.l(libinit.o)
    0x08000208   0x08000208   0x00000004   Code   RO         6893    .ARM.Collect$$libinit$$00000001  c_w.l(libinit2.o)
    0x0800020c   0x0800020c   0x00000000   Code   RO         6896    .ARM.Collect$$libinit$$00000004  c_w.l(libinit2.o)
    0x0800020c   0x0800020c   0x00000000   Code   RO         6899    .ARM.Collect$$libinit$$0000000A  c_w.l(libinit2.o)
    0x0800020c   0x0800020c   0x00000000   Code   RO         6901    .ARM.Collect$$libinit$$0000000C  c_w.l(libinit2.o)
    0x0800020c   0x0800020c   0x00000000   Code   RO         6903    .ARM.Collect$$libinit$$0000000E  c_w.l(libinit2.o)
    0x0800020c   0x0800020c   0x00000000   Code   RO         6906    .ARM.Collect$$libinit$$00000011  c_w.l(libinit2.o)
    0x0800020c   0x0800020c   0x00000000   Code   RO         6908    .ARM.Collect$$libinit$$00000013  c_w.l(libinit2.o)
    0x0800020c   0x0800020c   0x00000000   Code   RO         6910    .ARM.Collect$$libinit$$00000015  c_w.l(libinit2.o)
    0x0800020c   0x0800020c   0x00000000   Code   RO         6912    .ARM.Collect$$libinit$$00000017  c_w.l(libinit2.o)
    0x0800020c   0x0800020c   0x00000000   Code   RO         6914    .ARM.Collect$$libinit$$00000019  c_w.l(libinit2.o)
    0x0800020c   0x0800020c   0x00000000   Code   RO         6916    .ARM.Collect$$libinit$$0000001B  c_w.l(libinit2.o)
    0x0800020c   0x0800020c   0x00000000   Code   RO         6918    .ARM.Collect$$libinit$$0000001D  c_w.l(libinit2.o)
    0x0800020c   0x0800020c   0x00000000   Code   RO         6920    .ARM.Collect$$libinit$$0000001F  c_w.l(libinit2.o)
    0x0800020c   0x0800020c   0x00000000   Code   RO         6922    .ARM.Collect$$libinit$$00000021  c_w.l(libinit2.o)
    0x0800020c   0x0800020c   0x00000000   Code   RO         6924    .ARM.Collect$$libinit$$00000023  c_w.l(libinit2.o)
    0x0800020c   0x0800020c   0x00000000   Code   RO         6926    .ARM.Collect$$libinit$$00000025  c_w.l(libinit2.o)
    0x0800020c   0x0800020c   0x00000000   Code   RO         6930    .ARM.Collect$$libinit$$0000002C  c_w.l(libinit2.o)
    0x0800020c   0x0800020c   0x00000000   Code   RO         6932    .ARM.Collect$$libinit$$0000002E  c_w.l(libinit2.o)
    0x0800020c   0x0800020c   0x00000000   Code   RO         6934    .ARM.Collect$$libinit$$00000030  c_w.l(libinit2.o)
    0x0800020c   0x0800020c   0x00000000   Code   RO         6936    .ARM.Collect$$libinit$$00000032  c_w.l(libinit2.o)
    0x0800020c   0x0800020c   0x00000002   Code   RO         6937    .ARM.Collect$$libinit$$00000033  c_w.l(libinit2.o)
    0x0800020e   0x0800020e   0x00000002   Code   RO         6965    .ARM.Collect$$libshutdown$$00000000  c_w.l(libshutdown.o)
    0x08000210   0x08000210   0x00000000   Code   RO         6979    .ARM.Collect$$libshutdown$$00000002  c_w.l(libshutdown2.o)
    0x08000210   0x08000210   0x00000000   Code   RO         6981    .ARM.Collect$$libshutdown$$00000004  c_w.l(libshutdown2.o)
    0x08000210   0x08000210   0x00000000   Code   RO         6983    .ARM.Collect$$libshutdown$$00000006  c_w.l(libshutdown2.o)
    0x08000210   0x08000210   0x00000000   Code   RO         6986    .ARM.Collect$$libshutdown$$00000009  c_w.l(libshutdown2.o)
    0x08000210   0x08000210   0x00000000   Code   RO         6989    .ARM.Collect$$libshutdown$$0000000C  c_w.l(libshutdown2.o)
    0x08000210   0x08000210   0x00000000   Code   RO         6991    .ARM.Collect$$libshutdown$$0000000E  c_w.l(libshutdown2.o)
    0x08000210   0x08000210   0x00000000   Code   RO         6994    .ARM.Collect$$libshutdown$$00000011  c_w.l(libshutdown2.o)
    0x08000210   0x08000210   0x00000002   Code   RO         6995    .ARM.Collect$$libshutdown$$00000012  c_w.l(libshutdown2.o)
    0x08000212   0x08000212   0x00000000   Code   RO         6754    .ARM.Collect$$rtentry$$00000000  c_w.l(__rtentry.o)
    0x08000212   0x08000212   0x00000000   Code   RO         6831    .ARM.Collect$$rtentry$$00000002  c_w.l(__rtentry2.o)
    0x08000212   0x08000212   0x00000006   Code   RO         6843    .ARM.Collect$$rtentry$$00000004  c_w.l(__rtentry4.o)
    0x08000218   0x08000218   0x00000000   Code   RO         6833    .ARM.Collect$$rtentry$$00000009  c_w.l(__rtentry2.o)
    0x08000218   0x08000218   0x00000004   Code   RO         6834    .ARM.Collect$$rtentry$$0000000A  c_w.l(__rtentry2.o)
    0x0800021c   0x0800021c   0x00000000   Code   RO         6836    .ARM.Collect$$rtentry$$0000000C  c_w.l(__rtentry2.o)
    0x0800021c   0x0800021c   0x00000008   Code   RO         6837    .ARM.Collect$$rtentry$$0000000D  c_w.l(__rtentry2.o)
    0x08000224   0x08000224   0x00000002   Code   RO         6887    .ARM.Collect$$rtexit$$00000000  c_w.l(rtexit.o)
    0x08000226   0x08000226   0x00000000   Code   RO         6939    .ARM.Collect$$rtexit$$00000002  c_w.l(rtexit2.o)
    0x08000226   0x08000226   0x00000004   Code   RO         6940    .ARM.Collect$$rtexit$$00000003  c_w.l(rtexit2.o)
    0x0800022a   0x0800022a   0x00000006   Code   RO         6941    .ARM.Collect$$rtexit$$00000004  c_w.l(rtexit2.o)
    0x08000230   0x08000230   0x00000040   Code   RO         6435    .text               startup_stm32f40_41xxx.o
    0x08000270   0x08000270   0x00000002   Code   RO         6594    .text               c_w.l(use_no_semi_2.o)
    0x08000272   0x08000272   0x00000048   Code   RO         6596    .text               c_w.l(llsdiv.o)
    0x080002ba   0x080002ba   0x00000002   PAD
    0x080002bc   0x080002bc   0x00000018   Code   RO         6600    .text               c_w.l(noretval__2printf.o)
    0x080002d4   0x080002d4   0x00000078   Code   RO         6606    .text               c_w.l(_printf_dec.o)
    0x0800034c   0x0800034c   0x00000138   Code   RO         6641    .text               c_w.l(__printf_flags_wp.o)
    0x08000484   0x08000484   0x00000058   Code   RO         6652    .text               c_w.l(memcmp.o)
    0x080004dc   0x080004dc   0x0000008a   Code   RO         6654    .text               c_w.l(rt_memcpy_v6.o)
    0x08000566   0x08000566   0x00000064   Code   RO         6656    .text               c_w.l(rt_memcpy_w.o)
    0x080005ca   0x080005ca   0x00000010   Code   RO         6658    .text               c_w.l(aeabi_memset.o)
    0x080005da   0x080005da   0x0000004e   Code   RO         6660    .text               c_w.l(rt_memclr_w.o)
    0x08000628   0x08000628   0x00000006   Code   RO         6662    .text               c_w.l(heapauxi.o)
    0x0800062e   0x0800062e   0x00000002   Code   RO         6752    .text               c_w.l(use_no_semi.o)
    0x08000630   0x08000630   0x000000ee   Code   RO         6755    .text               c_w.l(lludivv7m.o)
    0x0800071e   0x0800071e   0x00000016   Code   RO         6757    .text               c_w.l(_rserrno.o)
    0x08000734   0x08000734   0x000000b2   Code   RO         6759    .text               c_w.l(_printf_intcommon.o)
    0x080007e6   0x080007e6   0x00000002   PAD
    0x080007e8   0x080007e8   0x00000024   Code   RO         6761    .text               c_w.l(_printf_char_file.o)
    0x0800080c   0x0800080c   0x00000044   Code   RO         6764    .text               c_w.l(rt_memclr.o)
    0x08000850   0x08000850   0x00000008   Code   RO         6852    .text               c_w.l(rt_errno_addr_intlibspace.o)
    0x08000858   0x08000858   0x00000030   Code   RO         6854    .text               c_w.l(_printf_char_common.o)
    0x08000888   0x08000888   0x00000008   Code   RO         6856    .text               c_w.l(ferror.o)
    0x08000890   0x08000890   0x00000008   Code   RO         6870    .text               c_w.l(libspace.o)
    0x08000898   0x08000898   0x0000004a   Code   RO         6873    .text               c_w.l(sys_stackheap_outer.o)
    0x080008e2   0x080008e2   0x00000012   Code   RO         6879    .text               c_w.l(exit.o)
    0x080008f4   0x080008f4   0x00000004   Code   RO          244    i.BusFault_Handler  stm32f4xx_it.o
    0x080008f8   0x080008f8   0x000000c0   Code   RO         5630    i.DMP_Init          mpu6050.o
    0x080009b8   0x080009b8   0x00000002   Code   RO          245    i.DebugMon_Handler  stm32f4xx_it.o
    0x080009ba   0x080009ba   0x00000090   Code   RO         2224    i.GPIO_Init         stm32f4xx_gpio.o
    0x08000a4a   0x08000a4a   0x00000046   Code   RO         2225    i.GPIO_PinAFConfig  stm32f4xx_gpio.o
    0x08000a90   0x08000a90   0x00000012   Code   RO         2228    i.GPIO_ReadInputDataBit  stm32f4xx_gpio.o
    0x08000aa2   0x08000aa2   0x00000006   Code   RO         2231    i.GPIO_ResetBits    stm32f4xx_gpio.o
    0x08000aa8   0x08000aa8   0x00000004   Code   RO         2232    i.GPIO_SetBits      stm32f4xx_gpio.o
    0x08000aac   0x08000aac   0x00000004   Code   RO          246    i.HardFault_Handler  stm32f4xx_it.o
    0x08000ab0   0x08000ab0   0x00000058   Code   RO         6555    i.Init_Timer3       timer.o
    0x08000b08   0x08000b08   0x0000004c   Code   RO         5378    i.KEY_Init          key.o
    0x08000b54   0x08000b54   0x0000007c   Code   RO         5379    i.KEY_Scan          key.o
    0x08000bd0   0x08000bd0   0x00000040   Code   RO         5354    i.LED_Init          led.o
    0x08000c10   0x08000c10   0x0000004c   Code   RO         5558    i.MPU_IIC_Ack       mpuiic.o
    0x08000c5c   0x08000c5c   0x0000000a   Code   RO         5559    i.MPU_IIC_Delay     mpuiic.o
    0x08000c66   0x08000c66   0x00000002   PAD
    0x08000c68   0x08000c68   0x0000003c   Code   RO         5560    i.MPU_IIC_Init      mpuiic.o
    0x08000ca4   0x08000ca4   0x0000004c   Code   RO         5561    i.MPU_IIC_NAck      mpuiic.o
    0x08000cf0   0x08000cf0   0x00000068   Code   RO         5562    i.MPU_IIC_Read_Byte  mpuiic.o
    0x08000d58   0x08000d58   0x0000005c   Code   RO         5563    i.MPU_IIC_Send_Byte  mpuiic.o
    0x08000db4   0x08000db4   0x00000048   Code   RO         5564    i.MPU_IIC_Start     mpuiic.o
    0x08000dfc   0x08000dfc   0x00000048   Code   RO         5565    i.MPU_IIC_Stop      mpuiic.o
    0x08000e44   0x08000e44   0x00000060   Code   RO         5566    i.MPU_IIC_Wait_Ack  mpuiic.o
    0x08000ea4   0x08000ea4   0x000000d4   Code   RO         5634    i.MPU_Init          mpu6050.o
    0x08000f78   0x08000f78   0x0000003a   Code   RO         5635    i.MPU_Read_Byte     mpu6050.o
    0x08000fb2   0x08000fb2   0x00000074   Code   RO         5636    i.MPU_Read_Len      mpu6050.o
    0x08001026   0x08001026   0x00000010   Code   RO         5637    i.MPU_Set_Accel_Fsr  mpu6050.o
    0x08001036   0x08001036   0x00000010   Code   RO         5638    i.MPU_Set_Gyro_Fsr  mpu6050.o
    0x08001046   0x08001046   0x0000003a   Code   RO         5639    i.MPU_Set_LPF       mpu6050.o
    0x08001080   0x08001080   0x0000003a   Code   RO         5640    i.MPU_Set_Rate      mpu6050.o
    0x080010ba   0x080010ba   0x00000044   Code   RO         5641    i.MPU_Write_Byte    mpu6050.o
    0x080010fe   0x080010fe   0x00000060   Code   RO         5642    i.MPU_Write_Len     mpu6050.o
    0x0800115e   0x0800115e   0x00000004   Code   RO          247    i.MemManage_Handler  stm32f4xx_it.o
    0x08001162   0x08001162   0x00000002   PAD
    0x08001164   0x08001164   0x00000034   Code   RO         6281    i.Motor_Gpio_Init   motor.o
    0x08001198   0x08001198   0x0000000a   Code   RO         6282    i.My_abs            motor.o
    0x080011a2   0x080011a2   0x00000002   Code   RO          248    i.NMI_Handler       stm32f4xx_it.o
    0x080011a4   0x080011a4   0x00000078   Code   RO          484    i.NVIC_Init         misc.o
    0x0800121c   0x0800121c   0x00000014   Code   RO          485    i.NVIC_PriorityGroupConfig  misc.o
    0x08001230   0x08001230   0x00000030   Code   RO         5413    i.OLED_Clear        oled.o
    0x08001260   0x08001260   0x00000078   Code   RO         5420    i.OLED_DrawPoint    oled.o
    0x080012d8   0x080012d8   0x00000168   Code   RO         5421    i.OLED_Init         oled.o
    0x08001440   0x08001440   0x00000016   Code   RO         5422    i.OLED_Pow          oled.o
    0x08001456   0x08001456   0x00000002   PAD
    0x08001458   0x08001458   0x0000004c   Code   RO         5423    i.OLED_Refresh      oled.o
    0x080014a4   0x080014a4   0x0000013c   Code   RO         5425    i.OLED_ShowChar     oled.o
    0x080015e0   0x080015e0   0x0000008c   Code   RO         5428    i.OLED_ShowNum      oled.o
    0x0800166c   0x0800166c   0x000000d0   Code   RO         5430    i.OLED_ShowSNum     oled.o
    0x0800173c   0x0800173c   0x0000004e   Code   RO         5431    i.OLED_ShowString   oled.o
    0x0800178a   0x0800178a   0x00000002   PAD
    0x0800178c   0x0800178c   0x00000088   Code   RO         5432    i.OLED_WR_Byte      oled.o
    0x08001814   0x08001814   0x000000b8   Code   RO          424    i.PID_Calculate     pid.o
    0x080018cc   0x080018cc   0x00000078   Code   RO          425    i.PID_TimerInit     pid.o
    0x08001944   0x08001944   0x00000058   Code   RO          426    i.PID_param_init    pid.o
    0x0800199c   0x0800199c   0x00000034   Code   RO         6283    i.PWM_Limit         motor.o
    0x080019d0   0x080019d0   0x00000080   Code   RO         6284    i.PWM_Load          motor.o
    0x08001a50   0x08001a50   0x0000000c   Code   RO         3030    i.PWR_WakeUpPinCmd  stm32f4xx_pwr.o
    0x08001a5c   0x08001a5c   0x00000002   Code   RO          249    i.PendSV_Handler    stm32f4xx_it.o
    0x08001a5e   0x08001a5e   0x00000002   PAD
    0x08001a60   0x08001a60   0x00000020   Code   RO         3150    i.RCC_AHB1PeriphClockCmd  stm32f4xx_rcc.o
    0x08001a80   0x08001a80   0x00000020   Code   RO         3159    i.RCC_APB1PeriphClockCmd  stm32f4xx_rcc.o
    0x08001aa0   0x08001aa0   0x00000020   Code   RO         3162    i.RCC_APB2PeriphClockCmd  stm32f4xx_rcc.o
    0x08001ac0   0x08001ac0   0x000000e8   Code   RO         3171    i.RCC_GetClocksFreq  stm32f4xx_rcc.o
    0x08001ba8   0x08001ba8   0x00000002   Code   RO          250    i.SVC_Handler       stm32f4xx_it.o
    0x08001baa   0x08001baa   0x00000002   PAD
    0x08001bac   0x08001bac   0x000000ec   Code   RO            4    i.SetSysClock       system_stm32f4xx.o
    0x08001c98   0x08001c98   0x00000084   Code   RO          319    i.Set_Length        control.o
    0x08001d1c   0x08001d1c   0x00000028   Code   RO          488    i.SysTick_CLKSourceConfig  misc.o
    0x08001d44   0x08001d44   0x00000002   Code   RO          251    i.SysTick_Handler   stm32f4xx_it.o
    0x08001d46   0x08001d46   0x00000002   PAD
    0x08001d48   0x08001d48   0x00000068   Code   RO            6    i.SystemInit        system_stm32f4xx.o
    0x08001db0   0x08001db0   0x000000b4   Code   RO          320    i.TIM1_UP_TIM10_IRQHandler  control.o
    0x08001e64   0x08001e64   0x00000034   Code   RO         6556    i.TIM3_IRQHandler   timer.o
    0x08001e98   0x08001e98   0x00000006   Code   RO         4541    i.TIM_ClearITPendingBit  stm32f4xx_tim.o
    0x08001e9e   0x08001e9e   0x00000018   Code   RO         4546    i.TIM_Cmd           stm32f4xx_tim.o
    0x08001eb6   0x08001eb6   0x0000001e   Code   RO         4548    i.TIM_CtrlPWMOutputs  stm32f4xx_tim.o
    0x08001ed4   0x08001ed4   0x00000022   Code   RO         4567    i.TIM_GetITStatus   stm32f4xx_tim.o
    0x08001ef6   0x08001ef6   0x00000012   Code   RO         4571    i.TIM_ITConfig      stm32f4xx_tim.o
    0x08001f08   0x08001f08   0x0000007c   Code   RO         4575    i.TIM_OC1Init       stm32f4xx_tim.o
    0x08001f84   0x08001f84   0x00000012   Code   RO         4578    i.TIM_OC1PreloadConfig  stm32f4xx_tim.o
    0x08001f96   0x08001f96   0x00000002   PAD
    0x08001f98   0x08001f98   0x00000078   Code   RO         4590    i.TIM_OC4Init       stm32f4xx_tim.o
    0x08002010   0x08002010   0x0000001a   Code   RO         4592    i.TIM_OC4PreloadConfig  stm32f4xx_tim.o
    0x0800202a   0x0800202a   0x00000004   Code   RO         4606    i.TIM_SetAutoreload  stm32f4xx_tim.o
    0x0800202e   0x0800202e   0x00000004   Code   RO         4608    i.TIM_SetCompare1   stm32f4xx_tim.o
    0x08002032   0x08002032   0x00000004   Code   RO         4611    i.TIM_SetCompare4   stm32f4xx_tim.o
    0x08002036   0x08002036   0x00000002   PAD
    0x08002038   0x08002038   0x00000084   Code   RO         4618    i.TIM_TimeBaseInit  stm32f4xx_tim.o
    0x080020bc   0x080020bc   0x00000012   Code   RO         4619    i.TIM_TimeBaseStructInit  stm32f4xx_tim.o
    0x080020ce   0x080020ce   0x00000002   PAD
    0x080020d0   0x080020d0   0x000000d0   Code   RO         6557    i.Timer1_PWM_GPIO_Init  timer.o
    0x080021a0   0x080021a0   0x00000090   Code   RO         6326    i.USART1_IRQHandler  pidtool.o
    0x08002230   0x08002230   0x00000012   Code   RO         5096    i.USART_ClearFlag   stm32f4xx_usart.o
    0x08002242   0x08002242   0x0000001e   Code   RO         5097    i.USART_ClearITPendingBit  stm32f4xx_usart.o
    0x08002260   0x08002260   0x00000018   Code   RO         5100    i.USART_Cmd         stm32f4xx_usart.o
    0x08002278   0x08002278   0x0000001a   Code   RO         5103    i.USART_GetFlagStatus  stm32f4xx_usart.o
    0x08002292   0x08002292   0x00000054   Code   RO         5104    i.USART_GetITStatus  stm32f4xx_usart.o
    0x080022e6   0x080022e6   0x0000004a   Code   RO         5106    i.USART_ITConfig    stm32f4xx_usart.o
    0x08002330   0x08002330   0x000000d4   Code   RO         5107    i.USART_Init        stm32f4xx_usart.o
    0x08002404   0x08002404   0x0000000a   Code   RO         5114    i.USART_ReceiveData  stm32f4xx_usart.o
    0x0800240e   0x0800240e   0x00000008   Code   RO         5117    i.USART_SendData    stm32f4xx_usart.o
    0x08002416   0x08002416   0x00000004   Code   RO          252    i.UsageFault_Handler  stm32f4xx_it.o
    0x0800241a   0x0800241a   0x00000030   Code   RO         6802    i.__ARM_fpclassify  m_wm.l(fpclassify.o)
    0x0800244a   0x0800244a   0x00000006   PAD
    0x08002450   0x08002450   0x00000360   Code   RO         6688    i.__hardfp_asin     m_wm.l(asin.o)
    0x080027b0   0x080027b0   0x000002d8   Code   RO         6702    i.__hardfp_atan     m_wm.l(atan.o)
    0x08002a88   0x08002a88   0x00000200   Code   RO         6716    i.__hardfp_atan2    m_wm.l(atan2.o)
    0x08002c88   0x08002c88   0x000000c8   Code   RO         6728    i.__hardfp_cos      m_wm.l(cos.o)
    0x08002d50   0x08002d50   0x000000c8   Code   RO         6740    i.__hardfp_sin      m_wm.l(sin.o)
    0x08002e18   0x08002e18   0x00000438   Code   RO         6807    i.__ieee754_rem_pio2  m_wm.l(rred.o)
    0x08003250   0x08003250   0x00000170   Code   RO         6779    i.__kernel_cos      m_wm.l(cos_i.o)
    0x080033c0   0x080033c0   0x000000f8   Code   RO         6804    i.__kernel_poly     m_wm.l(poly.o)
    0x080034b8   0x080034b8   0x00000130   Code   RO         6812    i.__kernel_sin      m_wm.l(sin_i.o)
    0x080035e8   0x080035e8   0x00000014   Code   RO         6783    i.__mathlib_dbl_infnan  m_wm.l(dunder.o)
    0x080035fc   0x080035fc   0x00000014   Code   RO         6784    i.__mathlib_dbl_infnan2  m_wm.l(dunder.o)
    0x08003610   0x08003610   0x00000020   Code   RO         6785    i.__mathlib_dbl_invalid  m_wm.l(dunder.o)
    0x08003630   0x08003630   0x00000020   Code   RO         6788    i.__mathlib_dbl_underflow  m_wm.l(dunder.o)
    0x08003650   0x08003650   0x0000000e   Code   RO         6639    i._is_digit         c_w.l(__printf_wp.o)
    0x0800365e   0x0800365e   0x00000004   Code   RO         6508    i._sys_exit         usart.o
    0x08003662   0x08003662   0x00000002   PAD
    0x08003664   0x08003664   0x000000c0   Code   RO         5729    i.accel_self_test   inv_mpu.o
    0x08003724   0x08003724   0x000000a8   Code   RO          321    i.angle_calibration  control.o
    0x080037cc   0x080037cc   0x00000010   Code   RO         6704    i.atan              m_wm.l(atan.o)
    0x080037dc   0x080037dc   0x0000001c   Code   RO         6327    i.check_sum         pidtool.o
    0x080037f8   0x080037f8   0x00000064   Code   RO         6069    i.decode_gesture    inv_mpu_dmp_motion_driver.o
    0x0800385c   0x0800385c   0x0000003c   Code   RO         6442    i.delay_init        delay.o
    0x08003898   0x08003898   0x00000038   Code   RO         6443    i.delay_ms          delay.o
    0x080038d0   0x080038d0   0x0000004c   Code   RO         6444    i.delay_us          delay.o
    0x0800391c   0x0800391c   0x0000004c   Code   RO         6445    i.delay_xms         delay.o
    0x08003968   0x08003968   0x0000003c   Code   RO         6070    i.dmp_enable_6x_lp_quat  inv_mpu_dmp_motion_driver.o
    0x080039a4   0x080039a4   0x0000021c   Code   RO         6071    i.dmp_enable_feature  inv_mpu_dmp_motion_driver.o
    0x08003bc0   0x08003bc0   0x00000058   Code   RO         6072    i.dmp_enable_gyro_cal  inv_mpu_dmp_motion_driver.o
    0x08003c18   0x08003c18   0x0000003c   Code   RO         6073    i.dmp_enable_lp_quat  inv_mpu_dmp_motion_driver.o
    0x08003c54   0x08003c54   0x00000018   Code   RO         6078    i.dmp_load_motion_driver_firmware  inv_mpu_dmp_motion_driver.o
    0x08003c6c   0x08003c6c   0x000001cc   Code   RO         6079    i.dmp_read_fifo     inv_mpu_dmp_motion_driver.o
    0x08003e38   0x08003e38   0x00000130   Code   RO         6082    i.dmp_set_accel_bias  inv_mpu_dmp_motion_driver.o
    0x08003f68   0x08003f68   0x00000070   Code   RO         6083    i.dmp_set_fifo_rate  inv_mpu_dmp_motion_driver.o
    0x08003fd8   0x08003fd8   0x00000130   Code   RO         6084    i.dmp_set_gyro_bias  inv_mpu_dmp_motion_driver.o
    0x08004108   0x08004108   0x00000138   Code   RO         6086    i.dmp_set_orientation  inv_mpu_dmp_motion_driver.o
    0x08004240   0x08004240   0x00000038   Code   RO         6089    i.dmp_set_shake_reject_thresh  inv_mpu_dmp_motion_driver.o
    0x08004278   0x08004278   0x00000026   Code   RO         6090    i.dmp_set_shake_reject_time  inv_mpu_dmp_motion_driver.o
    0x0800429e   0x0800429e   0x00000026   Code   RO         6091    i.dmp_set_shake_reject_timeout  inv_mpu_dmp_motion_driver.o
    0x080042c4   0x080042c4   0x00000046   Code   RO         6092    i.dmp_set_tap_axes  inv_mpu_dmp_motion_driver.o
    0x0800430a   0x0800430a   0x00000026   Code   RO         6093    i.dmp_set_tap_count  inv_mpu_dmp_motion_driver.o
    0x08004330   0x08004330   0x000001c0   Code   RO         6094    i.dmp_set_tap_thresh  inv_mpu_dmp_motion_driver.o
    0x080044f0   0x080044f0   0x00000026   Code   RO         6095    i.dmp_set_tap_time  inv_mpu_dmp_motion_driver.o
    0x08004516   0x08004516   0x00000026   Code   RO         6096    i.dmp_set_tap_time_multi  inv_mpu_dmp_motion_driver.o
    0x0800453c   0x0800453c   0x00000018   Code   RO         6798    i.fabs              m_wm.l(fabs.o)
    0x08004554   0x08004554   0x0000001c   Code   RO         6509    i.fputc             usart.o
    0x08004570   0x08004570   0x000000d0   Code   RO         5730    i.get_accel_prod_shift  inv_mpu.o
    0x08004640   0x08004640   0x0000001a   Code   RO         6328    i.get_frame_checksum  pidtool.o
    0x0800465a   0x0800465a   0x00000034   Code   RO         6329    i.get_frame_len     pidtool.o
    0x0800468e   0x0800468e   0x0000000e   Code   RO         6330    i.get_frame_type    pidtool.o
    0x0800469c   0x0800469c   0x0000046c   Code   RO         5731    i.get_st_biases     inv_mpu.o
    0x08004b08   0x08004b08   0x0000011c   Code   RO         5732    i.gyro_self_test    inv_mpu.o
    0x08004c24   0x08004c24   0x00000028   Code   RO         5733    i.inv_orientation_matrix_to_scalar  inv_mpu.o
    0x08004c4c   0x08004c4c   0x0000004e   Code   RO         5734    i.inv_row_2_scale   inv_mpu.o
    0x08004c9a   0x08004c9a   0x00000002   PAD
    0x08004c9c   0x08004c9c   0x000001e8   Code   RO          148    i.main              main.o
    0x08004e84   0x08004e84   0x00000002   Code   RO         5735    i.mget_ms           inv_mpu.o
    0x08004e86   0x08004e86   0x00000002   PAD
    0x08004e88   0x08004e88   0x00000178   Code   RO          322    i.mode_1            control.o
    0x08005000   0x08005000   0x0000015c   Code   RO          323    i.mode_2            control.o
    0x0800515c   0x0800515c   0x000001e4   Code   RO          324    i.mode_3            control.o
    0x08005340   0x08005340   0x000000f4   Code   RO          325    i.mode_4            control.o
    0x08005434   0x08005434   0x00000070   Code   RO         5736    i.mpu_configure_fifo  inv_mpu.o
    0x080054a4   0x080054a4   0x00000218   Code   RO         5737    i.mpu_dmp_get_data  inv_mpu.o
    0x080056bc   0x080056bc   0x0000009c   Code   RO         5738    i.mpu_dmp_init      inv_mpu.o
    0x08005758   0x08005758   0x0000004c   Code   RO         5739    i.mpu_get_accel_fsr  inv_mpu.o
    0x080057a4   0x080057a4   0x00000054   Code   RO         5741    i.mpu_get_accel_sens  inv_mpu.o
    0x080057f8   0x080057f8   0x00000010   Code   RO         5746    i.mpu_get_fifo_config  inv_mpu.o
    0x08005808   0x08005808   0x00000044   Code   RO         5747    i.mpu_get_gyro_fsr  inv_mpu.o
    0x0800584c   0x0800584c   0x00000060   Code   RO         5749    i.mpu_get_gyro_sens  inv_mpu.o
    0x080058ac   0x080058ac   0x00000050   Code   RO         5751    i.mpu_get_lpf       inv_mpu.o
    0x080058fc   0x080058fc   0x00000020   Code   RO         5753    i.mpu_get_sample_rate  inv_mpu.o
    0x0800591c   0x0800591c   0x000001f0   Code   RO         5755    i.mpu_init          inv_mpu.o
    0x08005b0c   0x08005b0c   0x000000b8   Code   RO         5756    i.mpu_load_firmware  inv_mpu.o
    0x08005bc4   0x08005bc4   0x000000e0   Code   RO         5757    i.mpu_lp_accel_mode  inv_mpu.o
    0x08005ca4   0x08005ca4   0x000000c0   Code   RO         5760    i.mpu_read_fifo_stream  inv_mpu.o
    0x08005d64   0x08005d64   0x00000080   Code   RO         5761    i.mpu_read_mem      inv_mpu.o
    0x08005de4   0x08005de4   0x000001c8   Code   RO         5764    i.mpu_reset_fifo    inv_mpu.o
    0x08005fac   0x08005fac   0x0000011c   Code   RO         5765    i.mpu_run_self_test  inv_mpu.o
    0x080060c8   0x080060c8   0x00000084   Code   RO         5767    i.mpu_set_accel_fsr  inv_mpu.o
    0x0800614c   0x0800614c   0x0000014c   Code   RO         5768    i.mpu_set_bypass    inv_mpu.o
    0x08006298   0x08006298   0x00000090   Code   RO         5770    i.mpu_set_dmp_state  inv_mpu.o
    0x08006328   0x08006328   0x00000088   Code   RO         5771    i.mpu_set_gyro_fsr  inv_mpu.o
    0x080063b0   0x080063b0   0x0000006c   Code   RO         5772    i.mpu_set_int_latched  inv_mpu.o
    0x0800641c   0x0800641c   0x00000084   Code   RO         5774    i.mpu_set_lpf       inv_mpu.o
    0x080064a0   0x080064a0   0x0000009c   Code   RO         5775    i.mpu_set_sample_rate  inv_mpu.o
    0x0800653c   0x0800653c   0x000000d0   Code   RO         5776    i.mpu_set_sensors   inv_mpu.o
    0x0800660c   0x0800660c   0x00000080   Code   RO         5777    i.mpu_write_mem     inv_mpu.o
    0x0800668c   0x0800668c   0x00000044   Code   RO         6331    i.pid_tool_send_param  pidtool.o
    0x080066d0   0x080066d0   0x00000034   Code   RO         6332    i.protocol_data_recv  pidtool.o
    0x08006704   0x08006704   0x000001c0   Code   RO         6333    i.protocol_frame_parse  pidtool.o
    0x080068c4   0x080068c4   0x0000001c   Code   RO         6334    i.protocol_init     pidtool.o
    0x080068e0   0x080068e0   0x00000270   Code   RO         6335    i.receiving_process  pidtool.o
    0x08006b50   0x08006b50   0x00000074   Code   RO         6336    i.recvbuf_find_header  pidtool.o
    0x08006bc4   0x08006bc4   0x00000022   Code   RO         6337    i.recvbuf_get_len_to_parse  pidtool.o
    0x08006be6   0x08006be6   0x00000046   Code   RO         6338    i.recvbuf_put_data  pidtool.o
    0x08006c2c   0x08006c2c   0x0000008a   Code   RO         5778    i.run_self_test     inv_mpu.o
    0x08006cb6   0x08006cb6   0x00000002   PAD
    0x08006cb8   0x08006cb8   0x00000064   Code   RO         6339    i.set_computer_value  pidtool.o
    0x08006d1c   0x08006d1c   0x00000090   Code   RO         5779    i.set_int_enable    inv_mpu.o
    0x08006dac   0x08006dac   0x00000042   Code   RO          428    i.set_p_i_d         pid.o
    0x08006dee   0x08006dee   0x0000000c   Code   RO          429    i.set_pid_polarity  pid.o
    0x08006dfa   0x08006dfa   0x00000006   Code   RO          430    i.set_pid_target    pid.o
    0x08006e00   0x08006e00   0x0000006e   Code   RO         6820    i.sqrt              m_wm.l(sqrt.o)
    0x08006e6e   0x08006e6e   0x00000002   PAD
    0x08006e70   0x08006e70   0x000000c0   Code   RO         6510    i.uart_init         usart.o
    0x08006f30   0x08006f30   0x00000030   Code   RO         6340    i.usart1_send       pidtool.o
    0x08006f60   0x08006f60   0x00000018   Code   RO         6766    x$fpl$basic         fz_wm.l(basic.o)
    0x08006f78   0x08006f78   0x00000062   Code   RO         6666    x$fpl$d2f           fz_wm.l(d2f.o)
    0x08006fda   0x08006fda   0x00000002   PAD
    0x08006fdc   0x08006fdc   0x00000150   Code   RO         6668    x$fpl$dadd          fz_wm.l(daddsub_clz.o)
    0x0800712c   0x0800712c   0x00000018   Code   RO         6860    x$fpl$dcmpinf       fz_wm.l(dcmpi.o)
    0x08007144   0x08007144   0x000002b0   Code   RO         6675    x$fpl$ddiv          fz_wm.l(ddiv.o)
    0x080073f4   0x080073f4   0x00000078   Code   RO         6768    x$fpl$deqf          fz_wm.l(deqf.o)
    0x0800746c   0x0800746c   0x0000005e   Code   RO         6862    x$fpl$dfix          fz_wm.l(dfix.o)
    0x080074ca   0x080074ca   0x0000002e   Code   RO         6679    x$fpl$dflt          fz_wm.l(dflt_clz.o)
    0x080074f8   0x080074f8   0x00000026   Code   RO         6678    x$fpl$dfltu         fz_wm.l(dflt_clz.o)
    0x0800751e   0x0800751e   0x00000002   PAD
    0x08007520   0x08007520   0x00000154   Code   RO         6684    x$fpl$dmul          fz_wm.l(dmul.o)
    0x08007674   0x08007674   0x0000009c   Code   RO         6770    x$fpl$dnaninf       fz_wm.l(dnaninf.o)
    0x08007710   0x08007710   0x0000000c   Code   RO         6772    x$fpl$dretinf       fz_wm.l(dretinf.o)
    0x0800771c   0x0800771c   0x00000016   Code   RO         6669    x$fpl$drsb          fz_wm.l(daddsub_clz.o)
    0x08007732   0x08007732   0x00000002   PAD
    0x08007734   0x08007734   0x00000198   Code   RO         6868    x$fpl$dsqrt         fz_wm.l(dsqrt_umaal.o)
    0x080078cc   0x080078cc   0x000001d4   Code   RO         6670    x$fpl$dsub          fz_wm.l(daddsub_clz.o)
    0x08007aa0   0x08007aa0   0x00000056   Code   RO         6686    x$fpl$f2d           fz_wm.l(f2d.o)
    0x08007af6   0x08007af6   0x0000008c   Code   RO         6774    x$fpl$fnaninf       fz_wm.l(fnaninf.o)
    0x08007b82   0x08007b82   0x0000000a   Code   RO         6953    x$fpl$fpinit        fz_wm.l(fpinit.o)
    0x08007b8c   0x08007b8c   0x0000000a   Code   RO         6776    x$fpl$fretinf       fz_wm.l(fretinf.o)
    0x08007b96   0x08007b96   0x00000000   Code   RO         6778    x$fpl$usenofp       fz_wm.l(usenofp.o)
    0x08007b96   0x08007b96   0x00001e10   Data   RO         5434    .constdata          oled.o
    0x080099a6   0x080099a6   0x00000002   PAD
    0x080099a8   0x080099a8   0x00000050   Data   RO         5781    .constdata          inv_mpu.o
    0x080099f8   0x080099f8   0x00000bf6   Data   RO         6098    .constdata          inv_mpu_dmp_motion_driver.o
    0x0800a5ee   0x0800a5ee   0x00000011   Data   RO         6642    .constdata          c_w.l(__printf_flags_wp.o)
    0x0800a5ff   0x0800a5ff   0x00000001   PAD
    0x0800a600   0x0800a600   0x00000050   Data   RO         6691    .constdata          m_wm.l(asin.o)
    0x0800a650   0x0800a650   0x00000098   Data   RO         6705    .constdata          m_wm.l(atan.o)
    0x0800a6e8   0x0800a6e8   0x00000030   Data   RO         6780    .constdata          m_wm.l(cos_i.o)
    0x0800a718   0x0800a718   0x00000008   Data   RO         6806    .constdata          m_wm.l(qnan.o)
    0x0800a720   0x0800a720   0x000000c8   Data   RO         6809    .constdata          m_wm.l(rred.o)
    0x0800a7e8   0x0800a7e8   0x00000028   Data   RO         6813    .constdata          m_wm.l(sin_i.o)
    0x0800a810   0x0800a810   0x0000004d   Data   RO         5782    .conststring        inv_mpu.o
    0x0800a85d   0x0800a85d   0x00000003   PAD
    0x0800a860   0x0800a860   0x00000020   Data   RO         7013    Region$$Table       anon$$obj.o


    Execution Region RW_IRAM2 (Exec base: 0x10000000, Load base: 0x0800a92c, Size: 0x00000000, Max: 0x00010000, ABSOLUTE)

    **** No section assigned to this execution region ****


    Execution Region RW_IRAM1 (Exec base: 0x20000000, Load base: 0x0800a880, Size: 0x00001908, Max: 0x00020000, ABSOLUTE)

    Exec Addr    Load Addr    Size         Type   Attr      Idx    E Section Name        Object

    0x20000000   0x0800a880   0x00000008   Data   RW          149    .data               main.o
    0x20000008   0x0800a888   0x00000028   Data   RW          329    .data               control.o
    0x20000030   0x0800a8b0   0x00000010   Data   RW         3203    .data               stm32f4xx_rcc.o
    0x20000040   0x0800a8c0   0x00000001   Data   RW         5380    .data               key.o
    0x20000041   0x0800a8c1   0x00000003   PAD
    0x20000044   0x0800a8c4   0x00000035   Data   RW         5783    .data               inv_mpu.o
    0x20000079   0x0800a8f9   0x00000003   PAD
    0x2000007c   0x0800a8fc   0x00000008   Data   RW         6285    .data               motor.o
    0x20000084   0x0800a904   0x00000008   Data   RW         6342    .data               pidtool.o
    0x2000008c   0x0800a90c   0x00000004   Data   RW         6446    .data               delay.o
    0x20000090   0x0800a910   0x00000006   Data   RW         6512    .data               usart.o
    0x20000096   0x0800a916   0x00000002   PAD
    0x20000098   0x0800a918   0x00000014   Data   RW         6558    .data               timer.o
    0x200000ac        -       0x00000050   Zero   RW          328    .bss                control.o
    0x200000fc        -       0x00000480   Zero   RW         5433    .bss                oled.o
    0x2000057c        -       0x00000010   Zero   RW         6097    .bss                inv_mpu_dmp_motion_driver.o
    0x2000058c        -       0x00000116   Zero   RW         6341    .bss                pidtool.o
    0x200006a2   0x0800a92c   0x00000002   PAD
    0x200006a4        -       0x00000060   Zero   RW         6871    .bss                c_w.l(libspace.o)
    0x20000704   0x0800a92c   0x00000004   PAD
    0x20000708        -       0x00000200   Zero   RW         6433    HEAP                startup_stm32f40_41xxx.o
    0x20000908        -       0x00001000   Zero   RW         6432    STACK               startup_stm32f40_41xxx.o


==============================================================================

Image component sizes


      Code (inc. data)   RO Data    RW Data    ZI Data      Debug   Object Name

      1932        306          0         40         80       5759   control.o
       268         16          0          4          0       2515   delay.o
      6914        318        157         53          0      33092   inv_mpu.o
      3128        138       3062          0         16      21722   inv_mpu_dmp_motion_driver.o
       200         20          0          1          0       1470   key.o
        64          4          0          0          0        535   led.o
       488         96          0          8          0       2795   main.o
       180         24          0          0          0       2097   misc.o
       242         28          0          8          0       2784   motor.o
       890         68          0          0          0       7306   mpu6050.o
       658         98          0          0          0       5254   mpuiic.o
      1504         52       7696          0       1152       8864   oled.o
       476         22          0          0          0       3977   pid.o
      1852         82          0          8        278      37797   pidtool.o
        64         26        392          0       4608        848   startup_stm32f40_41xxx.o
       242          0          0          0          0       3563   stm32f4xx_gpio.o
        26          0          0          0          0       4270   stm32f4xx_it.o
        12          6          0          0          0        531   stm32f4xx_pwr.o
       328         36          0         16          0       4699   stm32f4xx_rcc.o
       562         46          0          0          0       9242   stm32f4xx_tim.o
       486          8          0          0          0       6773   stm32f4xx_usart.o
       340         32          0          0          0     292681   system_stm32f4xx.o
       348         34          0         20          0       2285   timer.o
       224         14          0          6          0       3652   usart.o

    ----------------------------------------------------------------------
     21456       1474      11344        172       6136     464511   Object Totals
         0          0         32          0          0          0   (incl. Generated)
        28          0          5          8          2          0   (incl. Padding)

    ----------------------------------------------------------------------

      Code (inc. data)   RO Data    RW Data    ZI Data      Debug   Library Member Name

         8          0          0          0          0         68   __main.o
       312          4         17          0          0         92   __printf_flags_wp.o
        14          0          0          0          0         68   __printf_wp.o
         0          0          0          0          0          0   __rtentry.o
        12          0          0          0          0          0   __rtentry2.o
         6          0          0          0          0          0   __rtentry4.o
        52          8          0          0          0          0   __scatter.o
        26          0          0          0          0          0   __scatter_copy.o
        28          0          0          0          0          0   __scatter_zi.o
        48          6          0          0          0         96   _printf_char_common.o
        36          4          0          0          0         80   _printf_char_file.o
         6          0          0          0          0          0   _printf_d.o
       120         16          0          0          0         92   _printf_dec.o
       178          0          0          0          0         88   _printf_intcommon.o
         0          0          0          0          0          0   _printf_percent.o
         4          0          0          0          0          0   _printf_percent_end.o
        22          0          0          0          0        100   _rserrno.o
        16          0          0          0          0         68   aeabi_memset.o
        18          0          0          0          0         80   exit.o
         8          0          0          0          0         68   ferror.o
         6          0          0          0          0        152   heapauxi.o
         2          0          0          0          0          0   libinit.o
         6          0          0          0          0          0   libinit2.o
         2          0          0          0          0          0   libshutdown.o
         2          0          0          0          0          0   libshutdown2.o
         8          4          0          0         96         68   libspace.o
        72          0          0          0          0         76   llsdiv.o
       238          0          0          0          0        100   lludivv7m.o
        88          0          0          0          0         76   memcmp.o
        24          4          0          0          0         84   noretval__2printf.o
         8          4          0          0          0         68   rt_errno_addr_intlibspace.o
        68          0          0          0          0         68   rt_memclr.o
        78          0          0          0          0         80   rt_memclr_w.o
       138          0          0          0          0         68   rt_memcpy_v6.o
       100          0          0          0          0         80   rt_memcpy_w.o
         2          0          0          0          0          0   rtexit.o
        10          0          0          0          0          0   rtexit2.o
        74          0          0          0          0         80   sys_stackheap_outer.o
         2          0          0          0          0         68   use_no_semi.o
         2          0          0          0          0         68   use_no_semi_2.o
        24          0          0          0          0        164   basic.o
        98          4          0          0          0        140   d2f.o
       826         16          0          0          0        492   daddsub_clz.o
        24          0          0          0          0        116   dcmpi.o
       688        140          0          0          0        256   ddiv.o
       120          4          0          0          0        140   deqf.o
        94          4          0          0          0        140   dfix.o
        84          0          0          0          0        232   dflt_clz.o
       340         12          0          0          0        152   dmul.o
       156          4          0          0          0        140   dnaninf.o
        12          0          0          0          0        116   dretinf.o
       408         56          0          0          0        168   dsqrt_umaal.o
        86          4          0          0          0        132   f2d.o
       140          4          0          0          0        132   fnaninf.o
        10          0          0          0          0        116   fpinit.o
        10          0          0          0          0        116   fretinf.o
         0          0          0          0          0          0   usenofp.o
       864         94         80          0          0        280   asin.o
       744        106        152          0          0        352   atan.o
       512         64          0          0          0        208   atan2.o
       200         20          0          0          0        164   cos.o
       368         46         48          0          0        200   cos_i.o
       104         16          0          0          0        496   dunder.o
        24          0          0          0          0        124   fabs.o
        48          0          0          0          0        124   fpclassify.o
       248          0          0          0          0        152   poly.o
         0          0          8          0          0          0   qnan.o
      1080        142        200          0          0        188   rred.o
       200         20          0          0          0        164   sin.o
       304         24         40          0          0        208   sin_i.o
       110          0          0          0          0        148   sqrt.o

    ----------------------------------------------------------------------
      9790        830        546          0        100       7596   Library Totals
        20          0          1          0          4          0   (incl. Padding)

    ----------------------------------------------------------------------

      Code (inc. data)   RO Data    RW Data    ZI Data      Debug   Library Name

      1844         50         17          0         96       2036   c_w.l
      3120        248          0          0          0       2752   fz_wm.l
      4806        532        528          0          0       2808   m_wm.l

    ----------------------------------------------------------------------
      9790        830        546          0        100       7596   Library Totals

    ----------------------------------------------------------------------

==============================================================================


      Code (inc. data)   RO Data    RW Data    ZI Data      Debug   

     31246       2304      11890        172       6236     450815   Grand Totals
     31246       2304      11890        172       6236     450815   ELF Image Totals
     31246       2304      11890        172          0          0   ROM Totals

==============================================================================

    Total RO  Size (Code + RO Data)                43136 (  42.13kB)
    Total RW  Size (RW Data + ZI Data)              6408 (   6.26kB)
    Total ROM Size (Code + RO Data + RW Data)      43308 (  42.29kB)

==============================================================================

