Component: ARM Compiler 5.06 update 7 (build 960) Tool: armlink [4d3601]

==============================================================================

Section Cross References

    system_stm32f4xx.o(i.SystemCoreClockUpdate) refers to system_stm32f4xx.o(.data) for SystemCoreClock
    system_stm32f4xx.o(i.SystemInit) refers to system_stm32f4xx.o(i.SetSysClock) for SetSysClock
    main.o(i.main) refers to _printf_percent.o(.ARM.Collect$$_printf_percent$$00000000) for _printf_percent
    main.o(i.main) refers to _printf_d.o(.ARM.Collect$$_printf_percent$$00000009) for _printf_d
    main.o(i.main) refers to _printf_dec.o(.text) for _printf_int_dec
    main.o(i.main) refers to _printf_f.o(.ARM.Collect$$_printf_percent$$00000003) for _printf_f
    main.o(i.main) refers to printf1.o(x$fpl$printf1) for _printf_fp_dec
    main.o(i.main) refers to misc.o(i.NVIC_PriorityGroupConfig) for NVIC_PriorityGroupConfig
    main.o(i.main) refers to delay.o(i.delay_init) for delay_init
    main.o(i.main) refers to usart.o(i.uart_init) for uart_init
    main.o(i.main) refers to led.o(i.LED_Init) for LED_Init
    main.o(i.main) refers to oled.o(i.OLED_Init) for OLED_Init
    main.o(i.main) refers to key.o(i.KEY_Init) for KEY_Init
    main.o(i.main) refers to timer.o(i.Init_Timer3) for Init_Timer3
    main.o(i.main) refers to stm32f4xx_tim.o(i.TIM_Cmd) for TIM_Cmd
    main.o(i.main) refers to oled.o(i.OLED_ShowString) for OLED_ShowString
    main.o(i.main) refers to noretval__2printf.o(.text) for __2printf
    main.o(i.main) refers to oled.o(i.OLED_Refresh) for OLED_Refresh
    main.o(i.main) refers to motor.o(i.Motor_Gpio_Init) for Motor_Gpio_Init
    main.o(i.main) refers to timer.o(i.Timer1_PWM_GPIO_Init) for Timer1_PWM_GPIO_Init
    main.o(i.main) refers to delay.o(i.delay_ms) for delay_ms
    main.o(i.main) refers to oled.o(i.OLED_Clear) for OLED_Clear
    main.o(i.main) refers to control.o(i.switch_mode) for switch_mode
    main.o(i.main) refers to mpu6050.o(i.MPU_Init) for MPU_Init
    main.o(i.main) refers to mpu6050.o(i.DMP_Init) for DMP_Init
    main.o(i.main) refers to mpuexti.o(i.MPU6050_EXTI_Init) for MPU6050_EXTI_Init
    main.o(i.main) refers to control.o(i.angle_calibration) for angle_calibration
    main.o(i.main) refers to pid.o(i.PID_param_init) for PID_param_init
    main.o(i.main) refers to pidtool.o(i.pid_tool_send_param) for pid_tool_send_param
    main.o(i.main) refers to pid.o(i.PID_TimerInit) for PID_TimerInit
    main.o(i.main) refers to f2d.o(x$fpl$f2d) for __aeabi_f2d
    main.o(i.main) refers to oled.o(i.OLED_ShowFNum) for OLED_ShowFNum
    main.o(i.main) refers to key.o(i.KEY_Scan) for KEY_Scan
    main.o(i.main) refers to control.o(.data) for mode
    main.o(i.main) refers to control.o(.bss) for Roll_PID
    main.o(i.main) refers to mpuexti.o(.data) for kalmanFilter_Roll
    control.o(i.Set_Length) refers to oled.o(i.OLED_Clear) for OLED_Clear
    control.o(i.Set_Length) refers to oled.o(i.OLED_ShowString) for OLED_ShowString
    control.o(i.Set_Length) refers to key.o(i.KEY_Scan) for KEY_Scan
    control.o(i.Set_Length) refers to delay.o(i.delay_ms) for delay_ms
    control.o(i.Set_Length) refers to oled.o(i.OLED_Refresh) for OLED_Refresh
    control.o(i.Set_Length) refers to oled.o(i.OLED_ShowNum) for OLED_ShowNum
    control.o(i.TIM1_UP_TIM10_IRQHandler) refers to stm32f4xx_tim.o(i.TIM_GetITStatus) for TIM_GetITStatus
    control.o(i.TIM1_UP_TIM10_IRQHandler) refers to control.o(i.mode_1) for mode_1
    control.o(i.TIM1_UP_TIM10_IRQHandler) refers to control.o(i.mode_2) for mode_2
    control.o(i.TIM1_UP_TIM10_IRQHandler) refers to control.o(i.mode_3) for mode_3
    control.o(i.TIM1_UP_TIM10_IRQHandler) refers to control.o(i.mode_4) for mode_4
    control.o(i.TIM1_UP_TIM10_IRQHandler) refers to stm32f4xx_tim.o(i.TIM_ClearITPendingBit) for TIM_ClearITPendingBit
    control.o(i.TIM1_UP_TIM10_IRQHandler) refers to control.o(.data) for mode
    control.o(i.angle_calibration) refers to oled.o(i.OLED_ShowString) for OLED_ShowString
    control.o(i.angle_calibration) refers to oled.o(i.OLED_Refresh) for OLED_Refresh
    control.o(i.angle_calibration) refers to key.o(i.KEY_Scan) for KEY_Scan
    control.o(i.angle_calibration) refers to delay.o(i.delay_ms) for delay_ms
    control.o(i.angle_calibration) refers to mpuexti.o(.data) for Roll
    control.o(i.angle_calibration) refers to control.o(.data) for mechanical_error_Roll
    control.o(i.mode_1) refers to atan.o(i.__hardfp_atan) for __hardfp_atan
    control.o(i.mode_1) refers to dmul.o(x$fpl$dmul) for __aeabi_dmul
    control.o(i.mode_1) refers to d2f.o(x$fpl$d2f) for __aeabi_d2f
    control.o(i.mode_1) refers to f2d.o(x$fpl$f2d) for __aeabi_f2d
    control.o(i.mode_1) refers to sin.o(i.__hardfp_sin) for __hardfp_sin
    control.o(i.mode_1) refers to pid.o(i.PID_Calculate) for PID_Calculate
    control.o(i.mode_1) refers to motor.o(i.PWM_Load) for PWM_Load
    control.o(i.mode_1) refers to oled.o(i.OLED_ShowSNum) for OLED_ShowSNum
[...]
    __rt_lib_init_lc_collate_1               0x08000219   Thumb Code     0  libinit2.o(.ARM.Collect$$libinit$$00000011)
    __rt_lib_init_lc_ctype_1                 0x08000219   Thumb Code     0  libinit2.o(.ARM.Collect$$libinit$$00000013)
    __rt_lib_init_lc_monetary_1              0x08000219   Thumb Code     0  libinit2.o(.ARM.Collect$$libinit$$00000015)
    __rt_lib_init_lc_numeric_2               0x08000219   Thumb Code     0  libinit2.o(.ARM.Collect$$libinit$$00000016)
    __rt_lib_init_alloca_1                   0x08000223   Thumb Code     0  libinit2.o(.ARM.Collect$$libinit$$0000002E)
    __rt_lib_init_argv_1                     0x08000223   Thumb Code     0  libinit2.o(.ARM.Collect$$libinit$$0000002C)
    __rt_lib_init_atexit_1                   0x08000223   Thumb Code     0  libinit2.o(.ARM.Collect$$libinit$$0000001B)
    __rt_lib_init_clock_1                    0x08000223   Thumb Code     0  libinit2.o(.ARM.Collect$$libinit$$00000021)
    __rt_lib_init_cpp_1                      0x08000223   Thumb Code     0  libinit2.o(.ARM.Collect$$libinit$$00000032)
    __rt_lib_init_exceptions_1               0x08000223   Thumb Code     0  libinit2.o(.ARM.Collect$$libinit$$00000030)
    __rt_lib_init_fp_trap_1                  0x08000223   Thumb Code     0  libinit2.o(.ARM.Collect$$libinit$$0000001F)
    __rt_lib_init_getenv_1                   0x08000223   Thumb Code     0  libinit2.o(.ARM.Collect$$libinit$$00000023)
    __rt_lib_init_lc_numeric_1               0x08000223   Thumb Code     0  libinit2.o(.ARM.Collect$$libinit$$00000017)
    __rt_lib_init_lc_time_1                  0x08000223   Thumb Code     0  libinit2.o(.ARM.Collect$$libinit$$00000019)
    __rt_lib_init_return                     0x08000223   Thumb Code     0  libinit2.o(.ARM.Collect$$libinit$$00000033)
    __rt_lib_init_signal_1                   0x08000223   Thumb Code     0  libinit2.o(.ARM.Collect$$libinit$$0000001D)
    __rt_lib_init_stdio_1                    0x08000223   Thumb Code     0  libinit2.o(.ARM.Collect$$libinit$$00000025)
    __rt_lib_shutdown                        0x08000225   Thumb Code     0  libshutdown.o(.ARM.Collect$$libshutdown$$00000000)
    __rt_lib_shutdown_cpp_1                  0x08000227   Thumb Code     0  libshutdown2.o(.ARM.Collect$$libshutdown$$00000004)
    __rt_lib_shutdown_fini_1                 0x08000227   Thumb Code     0  libshutdown2.o(.ARM.Collect$$libshutdown$$00000002)
    __rt_lib_shutdown_fp_trap_1              0x08000227   Thumb Code     0  libshutdown2.o(.ARM.Collect$$libshutdown$$00000009)
    __rt_lib_shutdown_heap_1                 0x08000227   Thumb Code     0  libshutdown2.o(.ARM.Collect$$libshutdown$$00000011)
    __rt_lib_shutdown_return                 0x08000227   Thumb Code     0  libshutdown2.o(.ARM.Collect$$libshutdown$$00000012)
    __rt_lib_shutdown_signal_1               0x08000227   Thumb Code     0  libshutdown2.o(.ARM.Collect$$libshutdown$$0000000C)
    __rt_lib_shutdown_stdio_1                0x08000227   Thumb Code     0  libshutdown2.o(.ARM.Collect$$libshutdown$$00000006)
    __rt_lib_shutdown_user_alloc_1           0x08000227   Thumb Code     0  libshutdown2.o(.ARM.Collect$$libshutdown$$0000000E)
    __rt_entry                               0x08000229   Thumb Code     0  __rtentry.o(.ARM.Collect$$rtentry$$00000000)
    __rt_entry_presh_1                       0x08000229   Thumb Code     0  __rtentry2.o(.ARM.Collect$$rtentry$$00000002)
    __rt_entry_sh                            0x08000229   Thumb Code     0  __rtentry4.o(.ARM.Collect$$rtentry$$00000004)
    __rt_entry_li                            0x0800022f   Thumb Code     0  __rtentry2.o(.ARM.Collect$$rtentry$$0000000A)
    __rt_entry_postsh_1                      0x0800022f   Thumb Code     0  __rtentry2.o(.ARM.Collect$$rtentry$$00000009)
    __rt_entry_main                          0x08000233   Thumb Code     0  __rtentry2.o(.ARM.Collect$$rtentry$$0000000D)
    __rt_entry_postli_1                      0x08000233   Thumb Code     0  __rtentry2.o(.ARM.Collect$$rtentry$$0000000C)
    __rt_exit                                0x0800023b   Thumb Code     0  rtexit.o(.ARM.Collect$$rtexit$$00000000)
    __rt_exit_ls                             0x0800023d   Thumb Code     0  rtexit2.o(.ARM.Collect$$rtexit$$00000003)
    __rt_exit_prels_1                        0x0800023d   Thumb Code     0  rtexit2.o(.ARM.Collect$$rtexit$$00000002)
    __rt_exit_exit                           0x08000241   Thumb Code     0  rtexit2.o(.ARM.Collect$$rtexit$$00000004)
    Reset_Handler                            0x08000249   Thumb Code     8  startup_stm32f40_41xxx.o(.text)
    ADC_IRQHandler                           0x08000263   Thumb Code     0  startup_stm32f40_41xxx.o(.text)
    CAN1_RX0_IRQHandler                      0x08000263   Thumb Code     0  startup_stm32f40_41xxx.o(.text)
    CAN1_RX1_IRQHandler                      0x08000263   Thumb Code     0  startup_stm32f40_41xxx.o(.text)
    CAN1_SCE_IRQHandler                      0x08000263   Thumb Code     0  startup_stm32f40_41xxx.o(.text)
    CAN1_TX_IRQHandler                       0x08000263   Thumb Code     0  startup_stm32f40_41xxx.o(.text)
    CAN2_RX0_IRQHandler                      0x08000263   Thumb Code     0  startup_stm32f40_41xxx.o(.text)
    CAN2_RX1_IRQHandler                      0x08000263   Thumb Code     0  startup_stm32f40_41xxx.o(.text)
    CAN2_SCE_IRQHandler                      0x08000263   Thumb Code     0  startup_stm32f40_41xxx.o(.text)
    CAN2_TX_IRQHandler                       0x08000263   Thumb Code     0  startup_stm32f40_41xxx.o(.text)
    CRYP_IRQHandler                          0x08000263   Thumb Code     0  startup_stm32f40_41xxx.o(.text)
    DCMI_IRQHandler                          0x08000263   Thumb Code     0  startup_stm32f40_41xxx.o(.text)
    DMA1_Stream0_IRQHandler                  0x08000263   Thumb Code     0  startup_stm32f40_41xxx.o(.text)
    DMA1_Stream1_IRQHandler                  0x08000263   Thumb Code     0  startup_stm32f40_41xxx.o(.text)
    DMA1_Stream2_IRQHandler                  0x08000263   Thumb Code     0  startup_stm32f40_41xxx.o(.text)
    DMA1_Stream3_IRQHandler                  0x08000263   Thumb Code     0  startup_stm32f40_41xxx.o(.text)
    DMA1_Stream4_IRQHandler                  0x08000263   Thumb Code     0  startup_stm32f40_41xxx.o(.text)
    DMA1_Stream5_IRQHandler                  0x08000263   Thumb Code     0  startup_stm32f40_41xxx.o(.text)
    DMA1_Stream6_IRQHandler                  0x08000263   Thumb Code     0  startup_stm32f40_41xxx.o(.text)
    DMA1_Stream7_IRQHandler                  0x08000263   Thumb Code     0  startup_stm32f40_41xxx.o(.text)
    DMA2_Stream0_IRQHandler                  0x08000263   Thumb Code     0  startup_stm32f40_41xxx.o(.text)
    DMA2_Stream1_IRQHandler                  0x08000263   Thumb Code     0  startup_stm32f40_41xxx.o(.text)
    DMA2_Stream2_IRQHandler                  0x08000263   Thumb Code     0  startup_stm32f40_41xxx.o(.text)
    DMA2_Stream3_IRQHandler                  0x08000263   Thumb Code     0  startup_stm32f40_41xxx.o(.text)
    DMA2_Stream4_IRQHandler                  0x08000263   Thumb Code     0  startup_stm32f40_41xxx.o(.text)
    DMA2_Stream5_IRQHandler                  0x08000263   Thumb Code     0  startup_stm32f40_41xxx.o(.text)
    DMA2_Stream6_IRQHandler                  0x08000263   Thumb Code     0  startup_stm32f40_41xxx.o(.text)
    DMA2_Stream7_IRQHandler                  0x08000263   Thumb Code     0  startup_stm32f40_41xxx.o(.text)
    ETH_IRQHandler                           0x08000263   Thumb Code     0  startup_stm32f40_41xxx.o(.text)
    ETH_WKUP_IRQHandler                      0x08000263   Thumb Code     0  startup_stm32f40_41xxx.o(.text)
    EXTI0_IRQHandler                         0x08000263   Thumb Code     0  startup_stm32f40_41xxx.o(.text)
    EXTI15_10_IRQHandler                     0x08000263   Thumb Code     0  startup_stm32f40_41xxx.o(.text)
    EXTI1_IRQHandler                         0x08000263   Thumb Code     0  startup_stm32f40_41xxx.o(.text)
    EXTI3_IRQHandler                         0x08000263   Thumb Code     0  startup_stm32f40_41xxx.o(.text)
    EXTI4_IRQHandler                         0x08000263   Thumb Code     0  startup_stm32f40_41xxx.o(.text)
    EXTI9_5_IRQHandler                       0x08000263   Thumb Code     0  startup_stm32f40_41xxx.o(.text)
    FLASH_IRQHandler                         0x08000263   Thumb Code     0  startup_stm32f40_41xxx.o(.text)
    FPU_IRQHandler                           0x08000263   Thumb Code     0  startup_stm32f40_41xxx.o(.text)
    FSMC_IRQHandler                          0x08000263   Thumb Code     0  startup_stm32f40_41xxx.o(.text)
    HASH_RNG_IRQHandler                      0x08000263   Thumb Code     0  startup_stm32f40_41xxx.o(.text)
    I2C1_ER_IRQHandler                       0x08000263   Thumb Code     0  startup_stm32f40_41xxx.o(.text)
    I2C1_EV_IRQHandler                       0x08000263   Thumb Code     0  startup_stm32f40_41xxx.o(.text)
    I2C2_ER_IRQHandler                       0x08000263   Thumb Code     0  startup_stm32f40_41xxx.o(.text)
    I2C2_EV_IRQHandler                       0x08000263   Thumb Code     0  startup_stm32f40_41xxx.o(.text)
    I2C3_ER_IRQHandler                       0x08000263   Thumb Code     0  startup_stm32f40_41xxx.o(.text)
    I2C3_EV_IRQHandler                       0x08000263   Thumb Code     0  startup_stm32f40_41xxx.o(.text)
    OTG_FS_IRQHandler                        0x08000263   Thumb Code     0  startup_stm32f40_41xxx.o(.text)
    OTG_FS_WKUP_IRQHandler                   0x08000263   Thumb Code     0  startup_stm32f40_41xxx.o(.text)
    OTG_HS_EP1_IN_IRQHandler                 0x08000263   Thumb Code     0  startup_stm32f40_41xxx.o(.text)
    OTG_HS_EP1_OUT_IRQHandler                0x08000263   Thumb Code     0  startup_stm32f40_41xxx.o(.text)
    OTG_HS_IRQHandler                        0x08000263   Thumb Code     0  startup_stm32f40_41xxx.o(.text)
    OTG_HS_WKUP_IRQHandler                   0x08000263   Thumb Code     0  startup_stm32f40_41xxx.o(.text)
    PVD_IRQHandler                           0x08000263   Thumb Code     0  startup_stm32f40_41xxx.o(.text)
    RCC_IRQHandler                           0x08000263   Thumb Code     0  startup_stm32f40_41xxx.o(.text)
    RTC_Alarm_IRQHandler                     0x08000263   Thumb Code     0  startup_stm32f40_41xxx.o(.text)
    RTC_WKUP_IRQHandler                      0x08000263   Thumb Code     0  startup_stm32f40_41xxx.o(.text)
    SDIO_IRQHandler                          0x08000263   Thumb Code     0  startup_stm32f40_41xxx.o(.text)
    SPI1_IRQHandler                          0x08000263   Thumb Code     0  startup_stm32f40_41xxx.o(.text)
    SPI2_IRQHandler                          0x08000263   Thumb Code     0  startup_stm32f40_41xxx.o(.text)
    SPI3_IRQHandler                          0x08000263   Thumb Code     0  startup_stm32f40_41xxx.o(.text)
    TAMP_STAMP_IRQHandler                    0x08000263   Thumb Code     0  startup_stm32f40_41xxx.o(.text)
    TIM1_BRK_TIM9_IRQHandler                 0x08000263   Thumb Code     0  startup_stm32f40_41xxx.o(.text)
    TIM1_CC_IRQHandler                       0x08000263   Thumb Code     0  startup_stm32f40_41xxx.o(.text)
    TIM1_TRG_COM_TIM11_IRQHandler            0x08000263   Thumb Code     0  startup_stm32f40_41xxx.o(.text)
    TIM2_IRQHandler                          0x08000263   Thumb Code     0  startup_stm32f40_41xxx.o(.text)
    TIM4_IRQHandler                          0x08000263   Thumb Code     0  startup_stm32f40_41xxx.o(.text)
    TIM5_IRQHandler                          0x08000263   Thumb Code     0  startup_stm32f40_41xxx.o(.text)
    TIM6_DAC_IRQHandler                      0x08000263   Thumb Code     0  startup_stm32f40_41xxx.o(.text)
    TIM7_IRQHandler                          0x08000263   Thumb Code     0  startup_stm32f40_41xxx.o(.text)
    TIM8_BRK_TIM12_IRQHandler                0x08000263   Thumb Code     0  startup_stm32f40_41xxx.o(.text)
    TIM8_CC_IRQHandler                       0x08000263   Thumb Code     0  startup_stm32f40_41xxx.o(.text)
    TIM8_TRG_COM_TIM14_IRQHandler            0x08000263   Thumb Code     0  startup_stm32f40_41xxx.o(.text)
    TIM8_UP_TIM13_IRQHandler                 0x08000263   Thumb Code     0  startup_stm32f40_41xxx.o(.text)
    UART4_IRQHandler                         0x08000263   Thumb Code     0  startup_stm32f40_41xxx.o(.text)
    UART5_IRQHandler                         0x08000263   Thumb Code     0  startup_stm32f40_41xxx.o(.text)
    USART2_IRQHandler                        0x08000263   Thumb Code     0  startup_stm32f40_41xxx.o(.text)
    USART3_IRQHandler                        0x08000263   Thumb Code     0  startup_stm32f40_41xxx.o(.text)
    USART6_IRQHandler                        0x08000263   Thumb Code     0  startup_stm32f40_41xxx.o(.text)
    WWDG_IRQHandler                          0x08000263   Thumb Code     0  startup_stm32f40_41xxx.o(.text)
    __user_initial_stackheap                 0x08000265   Thumb Code     0  startup_stm32f40_41xxx.o(.text)
    __use_no_semihosting                     0x08000289   Thumb Code     2  use_no_semi_2.o(.text)
    __aeabi_ldivmod                          0x0800028b   Thumb Code     0  llsdiv.o(.text)
    _ll_sdiv                                 0x0800028b   Thumb Code    72  llsdiv.o(.text)
    __2printf                                0x080002d5   Thumb Code    20  noretval__2printf.o(.text)
    _printf_int_dec                          0x080002ed   Thumb Code   104  _printf_dec.o(.text)
    __printf                                 0x08000365   Thumb Code   308  __printf_flags_wp.o(.text)
    memcmp                                   0x0800049d   Thumb Code    88  memcmp.o(.text)
    __aeabi_memcpy                           0x080004f5   Thumb Code     0  rt_memcpy_v6.o(.text)
    __rt_memcpy                              0x080004f5   Thumb Code   138  rt_memcpy_v6.o(.text)
    _memcpy_lastbytes                        0x0800055b   Thumb Code     0  rt_memcpy_v6.o(.text)
    __aeabi_memcpy4                          0x0800057f   Thumb Code     0  rt_memcpy_w.o(.text)
    __aeabi_memcpy8                          0x0800057f   Thumb Code     0  rt_memcpy_w.o(.text)
    __rt_memcpy_w                            0x0800057f   Thumb Code   100  rt_memcpy_w.o(.text)
    _memcpy_lastbytes_aligned                0x080005c7   Thumb Code     0  rt_memcpy_w.o(.text)
    __aeabi_memset                           0x080005e3   Thumb Code    16  aeabi_memset.o(.text)
    __aeabi_memclr4                          0x080005f3   Thumb Code     0  rt_memclr_w.o(.text)
    __aeabi_memclr8                          0x080005f3   Thumb Code     0  rt_memclr_w.o(.text)
    __rt_memclr_w                            0x080005f3   Thumb Code    78  rt_memclr_w.o(.text)
    _memset_w                                0x080005f7   Thumb Code     0  rt_memclr_w.o(.text)
    __use_two_region_memory                  0x08000641   Thumb Code     2  heapauxi.o(.text)
    __rt_heap_escrow$2region                 0x08000643   Thumb Code     2  heapauxi.o(.text)
    __rt_heap_expand$2region                 0x08000645   Thumb Code     2  heapauxi.o(.text)
    __I$use$semihosting                      0x08000647   Thumb Code     0  use_no_semi.o(.text)
    __use_no_semihosting_swi                 0x08000647   Thumb Code     2  use_no_semi.o(.text)
    __aeabi_uldivmod                         0x08000649   Thumb Code     0  lludivv7m.o(.text)
    _ll_udiv                                 0x08000649   Thumb Code   238  lludivv7m.o(.text)
    __read_errno                             0x08000737   Thumb Code    10  _rserrno.o(.text)
    __set_errno                              0x08000741   Thumb Code    12  _rserrno.o(.text)
    _printf_int_common                       0x0800074d   Thumb Code   178  _printf_intcommon.o(.text)
    __lib_sel_fp_printf                      0x080007ff   Thumb Code     2  _printf_fp_dec.o(.text)
    _printf_fp_dec_real                      0x080009b1   Thumb Code   620  _printf_fp_dec.o(.text)
    _printf_char_file                        0x08000c1d   Thumb Code    32  _printf_char_file.o(.text)
    __aeabi_memclr                           0x08000c41   Thumb Code     0  rt_memclr.o(.text)
    __rt_memclr                              0x08000c41   Thumb Code    68  rt_memclr.o(.text)
    _memset                                  0x08000c45   Thumb Code     0  rt_memclr.o(.text)
    __rt_locale                              0x08000c85   Thumb Code     8  rt_locale_intlibspace.o(.text)
    __aeabi_errno_addr                       0x08000c8d   Thumb Code     8  rt_errno_addr_intlibspace.o(.text)
    __errno$intlibspace                      0x08000c8d   Thumb Code     0  rt_errno_addr_intlibspace.o(.text)
    __rt_errno_addr$intlibspace              0x08000c8d   Thumb Code     0  rt_errno_addr_intlibspace.o(.text)
    _ll_udiv10                               0x08000c95   Thumb Code   138  lludiv10.o(.text)
    _printf_char_common                      0x08000d2b   Thumb Code    32  _printf_char_common.o(.text)
    _printf_fp_infnan                        0x08000d51   Thumb Code   112  _printf_fp_infnan.o(.text)
    _btod_etento                             0x08000dd1   Thumb Code   224  bigflt0.o(.text)
    ferror                                   0x08000eb5   Thumb Code     8  ferror.o(.text)
    __user_libspace                          0x08000ebd   Thumb Code     8  libspace.o(.text)
    __user_perproc_libspace                  0x08000ebd   Thumb Code     0  libspace.o(.text)
    __user_perthread_libspace                0x08000ebd   Thumb Code     0  libspace.o(.text)
    __user_setup_stackheap                   0x08000ec5   Thumb Code    74  sys_stackheap_outer.o(.text)
    exit                                     0x08000f0f   Thumb Code    18  exit.o(.text)
    strcmp                                   0x08000f21   Thumb Code   128  strcmpv7m.o(.text)
    _btod_d2e                                0x08000fa1   Thumb Code    62  btod.o(CL$$btod_d2e)
    _d2e_denorm_low                          0x08000fdf   Thumb Code    70  btod.o(CL$$btod_d2e_denorm_low)
    _d2e_norm_op1                            0x08001025   Thumb Code    96  btod.o(CL$$btod_d2e_norm_op1)
    __btod_div_common                        0x08001085   Thumb Code   696  btod.o(CL$$btod_div_common)
    _e2e                                     0x080013bd   Thumb Code   220  btod.o(CL$$btod_e2e)
    _btod_ediv                               0x08001499   Thumb Code    42  btod.o(CL$$btod_ediv)
    _btod_emul                               0x080014c3   Thumb Code    42  btod.o(CL$$btod_emul)
    __btod_mult_common                       0x080014ed   Thumb Code   580  btod.o(CL$$btod_mult_common)
    BusFault_Handler                         0x08001731   Thumb Code     4  stm32f4xx_it.o(i.BusFault_Handler)
    DMP_Init                                 0x08001735   Thumb Code   154  mpu6050.o(i.DMP_Init)
    DebugMon_Handler                         0x080017f5   Thumb Code     2  stm32f4xx_it.o(i.DebugMon_Handler)
    EXTI2_IRQHandler                         0x080017f9   Thumb Code   108  mpuexti.o(i.EXTI2_IRQHandler)
    EXTI_ClearITPendingBit                   0x08001885   Thumb Code     6  stm32f4xx_exti.o(i.EXTI_ClearITPendingBit)
    EXTI_GetITStatus                         0x08001891   Thumb Code    20  stm32f4xx_exti.o(i.EXTI_GetITStatus)
    EXTI_Init                                0x080018a9   Thumb Code   142  stm32f4xx_exti.o(i.EXTI_Init)
    GPIO_Init                                0x0800193d   Thumb Code   144  stm32f4xx_gpio.o(i.GPIO_Init)
    GPIO_PinAFConfig                         0x080019cd   Thumb Code    70  stm32f4xx_gpio.o(i.GPIO_PinAFConfig)
    GPIO_ReadInputDataBit                    0x08001a13   Thumb Code    18  stm32f4xx_gpio.o(i.GPIO_ReadInputDataBit)
    GPIO_ResetBits                           0x08001a25   Thumb Code     6  stm32f4xx_gpio.o(i.GPIO_ResetBits)
    GPIO_SetBits                             0x08001a2b   Thumb Code     4  stm32f4xx_gpio.o(i.GPIO_SetBits)
    HardFault_Handler                        0x08001a2f   Thumb Code     4  stm32f4xx_it.o(i.HardFault_Handler)
    Init_Timer3                              0x08001a35   Thumb Code    80  timer.o(i.Init_Timer3)
    KEY_Init                                 0x08001a89   Thumb Code    66  key.o(i.KEY_Init)
    KEY_Scan                                 0x08001ad5   Thumb Code   114  key.o(i.KEY_Scan)
    LED_Init                                 0x08001b51   Thumb Code    60  led.o(i.LED_Init)
    MPU6050_EXTI_Init                        0x08001b91   Thumb Code   114  mpuexti.o(i.MPU6050_EXTI_Init)
    MPU_IIC_Ack                              0x08001c09   Thumb Code    62  mpuiic.o(i.MPU_IIC_Ack)
    MPU_IIC_Delay                            0x08001c55   Thumb Code    10  mpuiic.o(i.MPU_IIC_Delay)
    MPU_IIC_Init                             0x08001c61   Thumb Code    56  mpuiic.o(i.MPU_IIC_Init)
    MPU_IIC_NAck                             0x08001c9d   Thumb Code    62  mpuiic.o(i.MPU_IIC_NAck)
    MPU_IIC_Read_Byte                        0x08001ce9   Thumb Code    90  mpuiic.o(i.MPU_IIC_Read_Byte)
    MPU_IIC_Send_Byte                        0x08001d51   Thumb Code    80  mpuiic.o(i.MPU_IIC_Send_Byte)
    MPU_IIC_Start                            0x08001dad   Thumb Code    60  mpuiic.o(i.MPU_IIC_Start)
    MPU_IIC_Stop                             0x08001df5   Thumb Code    58  mpuiic.o(i.MPU_IIC_Stop)
    MPU_IIC_Wait_Ack                         0x08001e3d   Thumb Code    82  mpuiic.o(i.MPU_IIC_Wait_Ack)
    MPU_Init                                 0x08001e9d   Thumb Code   182  mpu6050.o(i.MPU_Init)
    MPU_Read_Byte                            0x08001f71   Thumb Code    58  mpu6050.o(i.MPU_Read_Byte)
    MPU_Read_Len                             0x08001fab   Thumb Code   116  mpu6050.o(i.MPU_Read_Len)
    MPU_Set_Accel_Fsr                        0x0800201f   Thumb Code    16  mpu6050.o(i.MPU_Set_Accel_Fsr)
    MPU_Set_Gyro_Fsr                         0x0800202f   Thumb Code    16  mpu6050.o(i.MPU_Set_Gyro_Fsr)
    MPU_Set_LPF                              0x0800203f   Thumb Code    58  mpu6050.o(i.MPU_Set_LPF)
    MPU_Set_Rate                             0x08002079   Thumb Code    58  mpu6050.o(i.MPU_Set_Rate)
    MPU_Write_Byte                           0x080020b3   Thumb Code    68  mpu6050.o(i.MPU_Write_Byte)
    MPU_Write_Len                            0x080020f7   Thumb Code    96  mpu6050.o(i.MPU_Write_Len)
    MemManage_Handler                        0x08002157   Thumb Code     4  stm32f4xx_it.o(i.MemManage_Handler)
    Motor_Gpio_Init                          0x0800215d   Thumb Code    48  motor.o(i.Motor_Gpio_Init)
    My_abs                                   0x08002191   Thumb Code    10  motor.o(i.My_abs)
    NMI_Handler                              0x0800219b   Thumb Code     2  stm32f4xx_it.o(i.NMI_Handler)
    NVIC_Init                                0x0800219d   Thumb Code   106  misc.o(i.NVIC_Init)
    NVIC_PriorityGroupConfig                 0x08002215   Thumb Code    10  misc.o(i.NVIC_PriorityGroupConfig)
    OLED_Clear                               0x08002229   Thumb Code    42  oled.o(i.OLED_Clear)
    OLED_DrawPoint                           0x08002259   Thumb Code   114  oled.o(i.OLED_DrawPoint)
    OLED_Init                                0x080022d1   Thumb Code   352  oled.o(i.OLED_Init)
    OLED_Pow                                 0x08002439   Thumb Code    22  oled.o(i.OLED_Pow)
    OLED_Refresh                             0x08002451   Thumb Code    70  oled.o(i.OLED_Refresh)
    OLED_ShowChar                            0x0800249d   Thumb Code   300  oled.o(i.OLED_ShowChar)
    OLED_ShowFNum                            0x080025d9   Thumb Code   208  oled.o(i.OLED_ShowFNum)
    OLED_ShowNum                             0x080026a9   Thumb Code   140  oled.o(i.OLED_ShowNum)
    OLED_ShowSNum                            0x08002735   Thumb Code   208  oled.o(i.OLED_ShowSNum)
    OLED_ShowString                          0x08002805   Thumb Code    78  oled.o(i.OLED_ShowString)
    OLED_WR_Byte                             0x08002855   Thumb Code   126  oled.o(i.OLED_WR_Byte)
    PID_Calculate                            0x080028dd   Thumb Code   174  pid.o(i.PID_Calculate)
    PID_TimerInit                            0x08002995   Thumb Code   102  pid.o(i.PID_TimerInit)
    PID_param_init                           0x08002a01   Thumb Code    70  pid.o(i.PID_param_init)
    PWM_Limit                                0x08002a4d   Thumb Code    42  motor.o(i.PWM_Limit)
    PWM_Load                                 0x08002a81   Thumb Code   114  motor.o(i.PWM_Load)
    PWR_WakeUpPinCmd                         0x08002b01   Thumb Code     6  stm32f4xx_pwr.o(i.PWR_WakeUpPinCmd)
    PendSV_Handler                           0x08002b0d   Thumb Code     2  stm32f4xx_it.o(i.PendSV_Handler)
    RCC_AHB1PeriphClockCmd                   0x08002b11   Thumb Code    26  stm32f4xx_rcc.o(i.RCC_AHB1PeriphClockCmd)
    RCC_APB1PeriphClockCmd                   0x08002b31   Thumb Code    26  stm32f4xx_rcc.o(i.RCC_APB1PeriphClockCmd)
    RCC_APB2PeriphClockCmd                   0x08002b51   Thumb Code    26  stm32f4xx_rcc.o(i.RCC_APB2PeriphClockCmd)
    RCC_GetClocksFreq                        0x08002b71   Thumb Code   214  stm32f4xx_rcc.o(i.RCC_GetClocksFreq)
    SVC_Handler                              0x08002c59   Thumb Code     2  stm32f4xx_it.o(i.SVC_Handler)
    SYSCFG_EXTILineConfig                    0x08002c5d   Thumb Code    60  stm32f4xx_syscfg.o(i.SYSCFG_EXTILineConfig)
    Set_Length                               0x08002d89   Thumb Code   112  control.o(i.Set_Length)
    SysTick_CLKSourceConfig                  0x08002e0d   Thumb Code    40  misc.o(i.SysTick_CLKSourceConfig)
    SysTick_Handler                          0x08002e35   Thumb Code     2  stm32f4xx_it.o(i.SysTick_Handler)
    SystemInit                               0x08002e39   Thumb Code    88  system_stm32f4xx.o(i.SystemInit)
    TIM1_UP_TIM10_IRQHandler                 0x08002ea1   Thumb Code    74  control.o(i.TIM1_UP_TIM10_IRQHandler)
    TIM3_IRQHandler                          0x08002ef5   Thumb Code    40  timer.o(i.TIM3_IRQHandler)
    TIM_ClearITPendingBit                    0x08002f25   Thumb Code     6  stm32f4xx_tim.o(i.TIM_ClearITPendingBit)
    TIM_Cmd                                  0x08002f2b   Thumb Code    24  stm32f4xx_tim.o(i.TIM_Cmd)
    TIM_CtrlPWMOutputs                       0x08002f43   Thumb Code    30  stm32f4xx_tim.o(i.TIM_CtrlPWMOutputs)
    TIM_GetITStatus                          0x08002f61   Thumb Code    34  stm32f4xx_tim.o(i.TIM_GetITStatus)
    TIM_ITConfig                             0x08002f83   Thumb Code    18  stm32f4xx_tim.o(i.TIM_ITConfig)
    TIM_OC1Init                              0x08002f95   Thumb Code   114  stm32f4xx_tim.o(i.TIM_OC1Init)
    TIM_OC1PreloadConfig                     0x08003011   Thumb Code    18  stm32f4xx_tim.o(i.TIM_OC1PreloadConfig)
    TIM_OC4Init                              0x08003025   Thumb Code   112  stm32f4xx_tim.o(i.TIM_OC4Init)
    TIM_OC4PreloadConfig                     0x0800309d   Thumb Code    26  stm32f4xx_tim.o(i.TIM_OC4PreloadConfig)
    TIM_SetCompare1                          0x080030b7   Thumb Code     4  stm32f4xx_tim.o(i.TIM_SetCompare1)
    TIM_SetCompare4                          0x080030bb   Thumb Code     4  stm32f4xx_tim.o(i.TIM_SetCompare4)
    TIM_TimeBaseInit                         0x080030c1   Thumb Code   104  stm32f4xx_tim.o(i.TIM_TimeBaseInit)
    TIM_TimeBaseStructInit                   0x08003145   Thumb Code    18  stm32f4xx_tim.o(i.TIM_TimeBaseStructInit)
    Timer1_PWM_GPIO_Init                     0x08003159   Thumb Code   198  timer.o(i.Timer1_PWM_GPIO_Init)
    USART1_IRQHandler                        0x08003229   Thumb Code   126  pidtool.o(i.USART1_IRQHandler)
    USART_ClearITPendingBit                  0x080032b9   Thumb Code    30  stm32f4xx_usart.o(i.USART_ClearITPendingBit)
    USART_Cmd                                0x080032d7   Thumb Code    24  stm32f4xx_usart.o(i.USART_Cmd)
    USART_GetFlagStatus                      0x080032ef   Thumb Code    26  stm32f4xx_usart.o(i.USART_GetFlagStatus)
    USART_GetITStatus                        0x08003309   Thumb Code    84  stm32f4xx_usart.o(i.USART_GetITStatus)
    USART_ITConfig                           0x0800335d   Thumb Code    74  stm32f4xx_usart.o(i.USART_ITConfig)
    USART_Init                               0x080033a9   Thumb Code   204  stm32f4xx_usart.o(i.USART_Init)
    USART_ReceiveData                        0x0800347d   Thumb Code    10  stm32f4xx_usart.o(i.USART_ReceiveData)
    USART_SendData                           0x08003487   Thumb Code     8  stm32f4xx_usart.o(i.USART_SendData)
    UsageFault_Handler                       0x0800348f   Thumb Code     4  stm32f4xx_it.o(i.UsageFault_Handler)
    __ARM_fpclassify                         0x08003493   Thumb Code    48  fpclassify.o(i.__ARM_fpclassify)
    __hardfp_asin                            0x080034c9   Thumb Code   770  asin.o(i.__hardfp_asin)
    __hardfp_atan                            0x08003829   Thumb Code   622  atan.o(i.__hardfp_atan)
    __hardfp_atan2                           0x08003b01   Thumb Code   448  atan2.o(i.__hardfp_atan2)
    __hardfp_cos                             0x08003d01   Thumb Code   180  cos.o(i.__hardfp_cos)
    __hardfp_sin                             0x08003dc9   Thumb Code   180  sin.o(i.__hardfp_sin)
    __ieee754_rem_pio2                       0x08003e91   Thumb Code   938  rred.o(i.__ieee754_rem_pio2)
    __kernel_cos                             0x080042c9   Thumb Code   322  cos_i.o(i.__kernel_cos)
    __kernel_poly                            0x08004439   Thumb Code   248  poly.o(i.__kernel_poly)
    __kernel_sin                             0x08004531   Thumb Code   280  sin_i.o(i.__kernel_sin)
    __mathlib_dbl_infnan                     0x08004661   Thumb Code    20  dunder.o(i.__mathlib_dbl_infnan)
    __mathlib_dbl_infnan2                    0x08004675   Thumb Code    20  dunder.o(i.__mathlib_dbl_infnan2)
    __mathlib_dbl_invalid                    0x08004689   Thumb Code    24  dunder.o(i.__mathlib_dbl_invalid)
    __mathlib_dbl_underflow                  0x080046a9   Thumb Code    24  dunder.o(i.__mathlib_dbl_underflow)
    _is_digit                                0x080046c9   Thumb Code    14  __printf_wp.o(i._is_digit)
    _sys_exit                                0x080046d7   Thumb Code     4  usart.o(i._sys_exit)
    angle_calibration                        0x0800479d   Thumb Code   114  control.o(i.angle_calibration)
    atan                                     0x08004841   Thumb Code    16  atan.o(i.atan)
    check_sum                                0x08004851   Thumb Code    28  pidtool.o(i.check_sum)
    delay_init                               0x080048d1   Thumb Code    52  delay.o(i.delay_init)
    delay_ms                                 0x0800490d   Thumb Code    56  delay.o(i.delay_ms)
    delay_us                                 0x08004945   Thumb Code    72  delay.o(i.delay_us)
    delay_xms                                0x08004991   Thumb Code    72  delay.o(i.delay_xms)
    dmp_enable_6x_lp_quat                    0x080049dd   Thumb Code    60  inv_mpu_dmp_motion_driver.o(i.dmp_enable_6x_lp_quat)
    dmp_enable_feature                       0x08004a19   Thumb Code   530  inv_mpu_dmp_motion_driver.o(i.dmp_enable_feature)
    dmp_enable_gyro_cal                      0x08004c35   Thumb Code    62  inv_mpu_dmp_motion_driver.o(i.dmp_enable_gyro_cal)
    dmp_enable_lp_quat                       0x08004c8d   Thumb Code    60  inv_mpu_dmp_motion_driver.o(i.dmp_enable_lp_quat)
    dmp_load_motion_driver_firmware          0x08004cc9   Thumb Code    20  inv_mpu_dmp_motion_driver.o(i.dmp_load_motion_driver_firmware)
    dmp_read_fifo                            0x08004ce1   Thumb Code   456  inv_mpu_dmp_motion_driver.o(i.dmp_read_fifo)
    dmp_set_accel_bias                       0x08004ead   Thumb Code   300  inv_mpu_dmp_motion_driver.o(i.dmp_set_accel_bias)
    dmp_set_fifo_rate                        0x08004fdd   Thumb Code    96  inv_mpu_dmp_motion_driver.o(i.dmp_set_fifo_rate)
    dmp_set_gyro_bias                        0x0800504d   Thumb Code   294  inv_mpu_dmp_motion_driver.o(i.dmp_set_gyro_bias)
    dmp_set_orientation                      0x0800517d   Thumb Code   290  inv_mpu_dmp_motion_driver.o(i.dmp_set_orientation)
    dmp_set_shake_reject_thresh              0x080052b5   Thumb Code    56  inv_mpu_dmp_motion_driver.o(i.dmp_set_shake_reject_thresh)
    dmp_set_shake_reject_time                0x080052ed   Thumb Code    38  inv_mpu_dmp_motion_driver.o(i.dmp_set_shake_reject_time)
    dmp_set_shake_reject_timeout             0x08005313   Thumb Code    38  inv_mpu_dmp_motion_driver.o(i.dmp_set_shake_reject_timeout)
    dmp_set_tap_axes                         0x08005339   Thumb Code    70  inv_mpu_dmp_motion_driver.o(i.dmp_set_tap_axes)
    dmp_set_tap_count                        0x0800537f   Thumb Code    38  inv_mpu_dmp_motion_driver.o(i.dmp_set_tap_count)
    dmp_set_tap_thresh                       0x080053a5   Thumb Code   412  inv_mpu_dmp_motion_driver.o(i.dmp_set_tap_thresh)
    dmp_set_tap_time                         0x08005565   Thumb Code    38  inv_mpu_dmp_motion_driver.o(i.dmp_set_tap_time)
    dmp_set_tap_time_multi                   0x0800558b   Thumb Code    38  inv_mpu_dmp_motion_driver.o(i.dmp_set_tap_time_multi)
    fabs                                     0x080055b1   Thumb Code    24  fabs.o(i.fabs)
    fputc                                    0x080055c9   Thumb Code    22  usart.o(i.fputc)
    inv_orientation_matrix_to_scalar         0x08005c3d   Thumb Code    40  inv_mpu.o(i.inv_orientation_matrix_to_scalar)
    inv_row_2_scale                          0x08005c65   Thumb Code    78  inv_mpu.o(i.inv_row_2_scale)
    kalmanFilter_A                           0x08005cb5   Thumb Code   114  kalman.o(i.kalmanFilter_A)
    main                                     0x08005d3d   Thumb Code   472  main.o(i.main)
    mget_ms                                  0x08006015   Thumb Code     2  inv_mpu.o(i.mget_ms)
    mode_1                                   0x08006019   Thumb Code   320  control.o(i.mode_1)
    mode_2                                   0x08006191   Thumb Code   296  control.o(i.mode_2)
    mode_3                                   0x080062ed   Thumb Code   432  control.o(i.mode_3)
    mode_4                                   0x080064d9   Thumb Code   244  control.o(i.mode_4)
    mpu_configure_fifo                       0x080065e9   Thumb Code   106  inv_mpu.o(i.mpu_configure_fifo)
    mpu_dmp_get_data                         0x08006659   Thumb Code   520  inv_mpu.o(i.mpu_dmp_get_data)
    mpu_dmp_init                             0x08006871   Thumb Code   150  inv_mpu.o(i.mpu_dmp_init)
    mpu_get_accel_fsr                        0x0800690d   Thumb Code    72  inv_mpu.o(i.mpu_get_accel_fsr)
    mpu_get_accel_sens                       0x08006959   Thumb Code    78  inv_mpu.o(i.mpu_get_accel_sens)
    mpu_get_fifo_config                      0x080069ad   Thumb Code    12  inv_mpu.o(i.mpu_get_fifo_config)
    mpu_get_gyro_fsr                         0x080069bd   Thumb Code    64  inv_mpu.o(i.mpu_get_gyro_fsr)
    mpu_get_gyro_sens                        0x08006a01   Thumb Code    74  inv_mpu.o(i.mpu_get_gyro_sens)
    mpu_get_lpf                              0x08006a61   Thumb Code    74  inv_mpu.o(i.mpu_get_lpf)
    mpu_get_sample_rate                      0x08006ab1   Thumb Code    26  inv_mpu.o(i.mpu_get_sample_rate)
    mpu_init                                 0x08006ad1   Thumb Code   416  inv_mpu.o(i.mpu_init)
    mpu_load_firmware                        0x08006cc1   Thumb Code   180  inv_mpu.o(i.mpu_load_firmware)
    mpu_lp_accel_mode                        0x08006d79   Thumb Code   218  inv_mpu.o(i.mpu_lp_accel_mode)
    mpu_read_fifo_stream                     0x08006e59   Thumb Code   186  inv_mpu.o(i.mpu_read_fifo_stream)
    mpu_read_mem                             0x08006f19   Thumb Code   122  inv_mpu.o(i.mpu_read_mem)
    mpu_reset_fifo                           0x08006f99   Thumb Code   450  inv_mpu.o(i.mpu_reset_fifo)
    mpu_run_self_test                        0x08007161   Thumb Code   278  inv_mpu.o(i.mpu_run_self_test)
    mpu_set_accel_fsr                        0x0800727d   Thumb Code   126  inv_mpu.o(i.mpu_set_accel_fsr)
    mpu_set_bypass                           0x08007301   Thumb Code   328  inv_mpu.o(i.mpu_set_bypass)
    mpu_set_dmp_state                        0x0800744d   Thumb Code   138  inv_mpu.o(i.mpu_set_dmp_state)
    mpu_set_gyro_fsr                         0x080074dd   Thumb Code   132  inv_mpu.o(i.mpu_set_gyro_fsr)
    mpu_set_int_latched                      0x08007565   Thumb Code   102  inv_mpu.o(i.mpu_set_int_latched)
    mpu_set_lpf                              0x080075d1   Thumb Code   126  inv_mpu.o(i.mpu_set_lpf)
    mpu_set_sample_rate                      0x08007655   Thumb Code   152  inv_mpu.o(i.mpu_set_sample_rate)
    mpu_set_sensors                          0x080076f1   Thumb Code   202  inv_mpu.o(i.mpu_set_sensors)
    mpu_write_mem                            0x080077c1   Thumb Code   122  inv_mpu.o(i.mpu_write_mem)
    pid_tool_send_param                      0x08007841   Thumb Code    68  pidtool.o(i.pid_tool_send_param)
    protocol_data_recv                       0x08007885   Thumb Code    46  pidtool.o(i.protocol_data_recv)
    run_self_test                            0x080078ff   Thumb Code   138  inv_mpu.o(i.run_self_test)
    set_computer_value                       0x08007989   Thumb Code    90  pidtool.o(i.set_computer_value)
    sqrt                                     0x08007a7d   Thumb Code   110  sqrt.o(i.sqrt)
    switch_mode                              0x08007aed   Thumb Code   116  control.o(i.switch_mode)
    uart_init                                0x08007b71   Thumb Code   164  usart.o(i.uart_init)
    usart1_send                              0x08007c1d   Thumb Code    42  pidtool.o(i.usart1_send)
    _get_lc_numeric                          0x08007c4d   Thumb Code    44  lc_numeric_c.o(locale$$code)
    __aeabi_dneg                             0x08007c79   Thumb Code     0  basic.o(x$fpl$basic)
    _dneg                                    0x08007c79   Thumb Code     6  basic.o(x$fpl$basic)
    __aeabi_fneg                             0x08007c7f   Thumb Code     0  basic.o(x$fpl$basic)
    _fneg                                    0x08007c7f   Thumb Code     6  basic.o(x$fpl$basic)
    _dabs                                    0x08007c85   Thumb Code     6  basic.o(x$fpl$basic)
    _fabs                                    0x08007c8b   Thumb Code     6  basic.o(x$fpl$basic)
    __aeabi_d2f                              0x08007c91   Thumb Code     0  d2f.o(x$fpl$d2f)
    _d2f                                     0x08007c91   Thumb Code    98  d2f.o(x$fpl$d2f)
    __aeabi_dadd                             0x08007cf5   Thumb Code     0  daddsub_clz.o(x$fpl$dadd)
    _dadd                                    0x08007cf5   Thumb Code   332  daddsub_clz.o(x$fpl$dadd)
    __fpl_dcmp_Inf                           0x08007e45   Thumb Code    24  dcmpi.o(x$fpl$dcmpinf)
    __aeabi_ddiv                             0x08007e5d   Thumb Code     0  ddiv.o(x$fpl$ddiv)
    _ddiv                                    0x08007e5d   Thumb Code   552  ddiv.o(x$fpl$ddiv)
    __aeabi_cdcmpeq                          0x0800810d   Thumb Code     0  deqf.o(x$fpl$deqf)
    _dcmpeq                                  0x0800810d   Thumb Code   120  deqf.o(x$fpl$deqf)
    __aeabi_d2iz                             0x08008185   Thumb Code     0  dfix.o(x$fpl$dfix)
    _dfix                                    0x08008185   Thumb Code    94  dfix.o(x$fpl$dfix)
    __aeabi_i2d                              0x080081e3   Thumb Code     0  dflt_clz.o(x$fpl$dflt)
    _dflt                                    0x080081e3   Thumb Code    46  dflt_clz.o(x$fpl$dflt)
    __aeabi_ui2d                             0x08008211   Thumb Code     0  dflt_clz.o(x$fpl$dfltu)
    _dfltu                                   0x08008211   Thumb Code    38  dflt_clz.o(x$fpl$dfltu)
    __aeabi_dmul                             0x08008239   Thumb Code     0  dmul.o(x$fpl$dmul)
    _dmul                                    0x08008239   Thumb Code   332  dmul.o(x$fpl$dmul)
    __fpl_dnaninf                            0x0800838d   Thumb Code   156  dnaninf.o(x$fpl$dnaninf)
    __fpl_dretinf                            0x08008429   Thumb Code    12  dretinf.o(x$fpl$dretinf)
    __aeabi_drsub                            0x08008435   Thumb Code     0  daddsub_clz.o(x$fpl$drsb)
    _drsb                                    0x08008435   Thumb Code    22  daddsub_clz.o(x$fpl$drsb)
    _dsqrt                                   0x0800844d   Thumb Code   404  dsqrt_umaal.o(x$fpl$dsqrt)
    __aeabi_dsub                             0x080085e5   Thumb Code     0  daddsub_clz.o(x$fpl$dsub)
    _dsub                                    0x080085e5   Thumb Code   464  daddsub_clz.o(x$fpl$dsub)
    __aeabi_f2d                              0x080087b9   Thumb Code     0  f2d.o(x$fpl$f2d)
    _f2d                                     0x080087b9   Thumb Code    86  f2d.o(x$fpl$f2d)
    __fpl_fnaninf                            0x0800880f   Thumb Code   140  fnaninf.o(x$fpl$fnaninf)
    _fp_init                                 0x0800889b   Thumb Code    10  fpinit.o(x$fpl$fpinit)
    __fplib_config_fpu_vfp                   0x080088a3   Thumb Code     0  fpinit.o(x$fpl$fpinit)
    __fplib_config_pureend_doubles           0x080088a3   Thumb Code     0  fpinit.o(x$fpl$fpinit)
    __fpl_fretinf                            0x080088a5   Thumb Code    10  fretinf.o(x$fpl$fretinf)
    _printf_fp_dec                           0x080088af   Thumb Code     4  printf1.o(x$fpl$printf1)
    __I$use$fp                               0x080088b2   Number         0  usenofp.o(x$fpl$usenofp)
    asc2_0806                                0x080088b2   Data         552  oled.o(.constdata)
    asc2_1206                                0x08008ada   Data        1140  oled.o(.constdata)
    asc2_1608                                0x08008f4e   Data        1520  oled.o(.constdata)
    asc2_2412                                0x0800953e   Data        3420  oled.o(.constdata)
    Hzk1                                     0x0800a29a   Data         352  oled.o(.constdata)
    Hzk2                                     0x0800a3fa   Data          72  oled.o(.constdata)
    Hzk3                                     0x0800a442   Data         128  oled.o(.constdata)
    Hzk4                                     0x0800a4c2   Data         512  oled.o(.constdata)
    reg                                      0x0800a6c4   Data          27  inv_mpu.o(.constdata)
    hw                                       0x0800a6e0   Data          12  inv_mpu.o(.constdata)
    test                                     0x0800a6ec   Data          40  inv_mpu.o(.constdata)
    __mathlib_zero                           0x0800b438   Data           8  qnan.o(.constdata)
    Region$$Table$$Base                      0x0800b614   Number         0  anon$$obj.o(Region$$Table)
    Region$$Table$$Limit                     0x0800b634   Number         0  anon$$obj.o(Region$$Table)
    mechanical_error_Roll                    0x20000000   Data           4  control.o(.data)
    mechanical_error_Pitch                   0x20000004   Data           4  control.o(.data)
    mode                                     0x20000008   Data           1  control.o(.data)
    Pwm_x                                    0x2000000a   Data           2  control.o(.data)
    Pwm_y                                    0x2000000c   Data           2  control.o(.data)
    Pitch                                    0x20000080   Data           4  mpuexti.o(.data)
    Roll                                     0x20000084   Data           4  mpuexti.o(.data)
    Yaw                                      0x20000088   Data           4  mpuexti.o(.data)
    kalmanFilter_Roll                        0x2000008c   Data           4  mpuexti.o(.data)
    kalmanFilter_Pitch                       0x20000090   Data           4  mpuexti.o(.data)
    PWM_MAX                                  0x20000094   Data           4  motor.o(.data)
    PWM_MIN                                  0x20000098   Data           4  motor.o(.data)
    rx_cnt                                   0x2000009c   Data           1  pidtool.o(.data)
    sizecopy                                 0x200000a0   Data           4  pidtool.o(.data)
    __stdout                                 0x200000a8   Data           4  usart.o(.data)
    USART_RX_STA                             0x200000ac   Data           2  usart.o(.data)
    Roll_PID                                 0x200000b0   Data          36  control.o(.bss)
    Pitch_PID                                0x200000d4   Data          36  control.o(.bss)
    OLED_GRAM                                0x200000f8   Data        1152  oled.o(.bss)
    Recv1                                    0x20000614   Data         128  pidtool.o(.bss)
    __libspace_start                         0x200006a0   Data          96  libspace.o(.bss)
    __temporary_stack_top$libspace           0x20000700   Data           0  libspace.o(.bss)



==============================================================================

Memory Map of the image

  Image Entry point : 0x08000189

  Load Region LR_IROM1 (Base: 0x08000000, Size: 0x0000b700, Max: 0x00100000, ABSOLUTE)

    Execution Region ER_IROM1 (Exec base: 0x08000000, Load base: 0x08000000, Size: 0x0000b650, Max: 0x00100000, ABSOLUTE)

    Exec Addr    Load Addr    Size         Type   Attr      Idx    E Section Name        Object

    0x08000000   0x08000000   0x00000188   Data   RO         6444    RESET               startup_stm32f40_41xxx.o
    0x08000188   0x08000188   0x00000008   Code   RO         6671  * !!!main             c_w.l(__main.o)
    0x08000190   0x08000190   0x00000034   Code   RO         7067    !!!scatter          c_w.l(__scatter.o)
    0x080001c4   0x080001c4   0x0000001a   Code   RO         7069    !!handler_copy      c_w.l(__scatter_copy.o)
    0x080001de   0x080001de   0x00000002   PAD
    0x080001e0   0x080001e0   0x0000001c   Code   RO         7071    !!handler_zi        c_w.l(__scatter_zi.o)
    0x080001fc   0x080001fc   0x00000000   Code   RO         6658    .ARM.Collect$$_printf_percent$$00000000  c_w.l(_printf_percent.o)
    0x080001fc   0x080001fc   0x00000006   Code   RO         6657    .ARM.Collect$$_printf_percent$$00000003  c_w.l(_printf_f.o)
    0x08000202   0x08000202   0x00000006   Code   RO         6656    .ARM.Collect$$_printf_percent$$00000009  c_w.l(_printf_d.o)
    0x08000208   0x08000208   0x00000004   Code   RO         6774    .ARM.Collect$$_printf_percent$$00000017  c_w.l(_printf_percent_end.o)
    0x0800020c   0x0800020c   0x00000002   Code   RO         6938    .ARM.Collect$$libinit$$00000000  c_w.l(libinit.o)
    0x0800020e   0x0800020e   0x00000004   Code   RO         6939    .ARM.Collect$$libinit$$00000001  c_w.l(libinit2.o)
    0x08000212   0x08000212   0x00000000   Code   RO         6942    .ARM.Collect$$libinit$$00000004  c_w.l(libinit2.o)
    0x08000212   0x08000212   0x00000000   Code   RO         6945    .ARM.Collect$$libinit$$0000000A  c_w.l(libinit2.o)
    0x08000212   0x08000212   0x00000000   Code   RO         6947    .ARM.Collect$$libinit$$0000000C  c_w.l(libinit2.o)
    0x08000212   0x08000212   0x00000000   Code   RO         6949    .ARM.Collect$$libinit$$0000000E  c_w.l(libinit2.o)
    0x08000212   0x08000212   0x00000006   Code   RO         6950    .ARM.Collect$$libinit$$0000000F  c_w.l(libinit2.o)
    0x08000218   0x08000218   0x00000000   Code   RO         6952    .ARM.Collect$$libinit$$00000011  c_w.l(libinit2.o)
    0x08000218   0x08000218   0x00000000   Code   RO         6954    .ARM.Collect$$libinit$$00000013  c_w.l(libinit2.o)
    0x08000218   0x08000218   0x00000000   Code   RO         6956    .ARM.Collect$$libinit$$00000015  c_w.l(libinit2.o)
    0x08000218   0x08000218   0x0000000a   Code   RO         6957    .ARM.Collect$$libinit$$00000016  c_w.l(libinit2.o)
    0x08000222   0x08000222   0x00000000   Code   RO         6958    .ARM.Collect$$libinit$$00000017  c_w.l(libinit2.o)
    0x08000222   0x08000222   0x00000000   Code   RO         6960    .ARM.Collect$$libinit$$00000019  c_w.l(libinit2.o)
    0x08000222   0x08000222   0x00000000   Code   RO         6962    .ARM.Collect$$libinit$$0000001B  c_w.l(libinit2.o)
    0x08000222   0x08000222   0x00000000   Code   RO         6964    .ARM.Collect$$libinit$$0000001D  c_w.l(libinit2.o)
    0x08000222   0x08000222   0x00000000   Code   RO         6966    .ARM.Collect$$libinit$$0000001F  c_w.l(libinit2.o)
    0x08000222   0x08000222   0x00000000   Code   RO         6968    .ARM.Collect$$libinit$$00000021  c_w.l(libinit2.o)
    0x08000222   0x08000222   0x00000000   Code   RO         6970    .ARM.Collect$$libinit$$00000023  c_w.l(libinit2.o)
    0x08000222   0x08000222   0x00000000   Code   RO         6972    .ARM.Collect$$libinit$$00000025  c_w.l(libinit2.o)
    0x08000222   0x08000222   0x00000000   Code   RO         6976    .ARM.Collect$$libinit$$0000002C  c_w.l(libinit2.o)
    0x08000222   0x08000222   0x00000000   Code   RO         6978    .ARM.Collect$$libinit$$0000002E  c_w.l(libinit2.o)
    0x08000222   0x08000222   0x00000000   Code   RO         6980    .ARM.Collect$$libinit$$00000030  c_w.l(libinit2.o)
    0x08000222   0x08000222   0x00000000   Code   RO         6982    .ARM.Collect$$libinit$$00000032  c_w.l(libinit2.o)
    0x08000222   0x08000222   0x00000002   Code   RO         6983    .ARM.Collect$$libinit$$00000033  c_w.l(libinit2.o)
    0x08000224   0x08000224   0x00000002   Code   RO         7025    .ARM.Collect$$libshutdown$$00000000  c_w.l(libshutdown.o)
    0x08000226   0x08000226   0x00000000   Code   RO         7034    .ARM.Collect$$libshutdown$$00000002  c_w.l(libshutdown2.o)
    0x08000226   0x08000226   0x00000000   Code   RO         7036    .ARM.Collect$$libshutdown$$00000004  c_w.l(libshutdown2.o)
    0x08000226   0x08000226   0x00000000   Code   RO         7038    .ARM.Collect$$libshutdown$$00000006  c_w.l(libshutdown2.o)
    0x08000226   0x08000226   0x00000000   Code   RO         7041    .ARM.Collect$$libshutdown$$00000009  c_w.l(libshutdown2.o)
    0x08000226   0x08000226   0x00000000   Code   RO         7044    .ARM.Collect$$libshutdown$$0000000C  c_w.l(libshutdown2.o)
    0x08000226   0x08000226   0x00000000   Code   RO         7046    .ARM.Collect$$libshutdown$$0000000E  c_w.l(libshutdown2.o)
    0x08000226   0x08000226   0x00000000   Code   RO         7049    .ARM.Collect$$libshutdown$$00000011  c_w.l(libshutdown2.o)
    0x08000226   0x08000226   0x00000002   Code   RO         7050    .ARM.Collect$$libshutdown$$00000012  c_w.l(libshutdown2.o)
    0x08000228   0x08000228   0x00000000   Code   RO         6763    .ARM.Collect$$rtentry$$00000000  c_w.l(__rtentry.o)
    0x08000228   0x08000228   0x00000000   Code   RO         6842    .ARM.Collect$$rtentry$$00000002  c_w.l(__rtentry2.o)
    0x08000228   0x08000228   0x00000006   Code   RO         6854    .ARM.Collect$$rtentry$$00000004  c_w.l(__rtentry4.o)
    0x0800022e   0x0800022e   0x00000000   Code   RO         6844    .ARM.Collect$$rtentry$$00000009  c_w.l(__rtentry2.o)
    0x0800022e   0x0800022e   0x00000004   Code   RO         6845    .ARM.Collect$$rtentry$$0000000A  c_w.l(__rtentry2.o)
    0x08000232   0x08000232   0x00000000   Code   RO         6847    .ARM.Collect$$rtentry$$0000000C  c_w.l(__rtentry2.o)
    0x08000232   0x08000232   0x00000008   Code   RO         6848    .ARM.Collect$$rtentry$$0000000D  c_w.l(__rtentry2.o)
    0x0800023a   0x0800023a   0x00000002   Code   RO         6984    .ARM.Collect$$rtexit$$00000000  c_w.l(rtexit.o)
    0x0800023c   0x0800023c   0x00000000   Code   RO         6995    .ARM.Collect$$rtexit$$00000002  c_w.l(rtexit2.o)
    0x0800023c   0x0800023c   0x00000004   Code   RO         6996    .ARM.Collect$$rtexit$$00000003  c_w.l(rtexit2.o)
    0x08000240   0x08000240   0x00000006   Code   RO         6997    .ARM.Collect$$rtexit$$00000004  c_w.l(rtexit2.o)
    0x08000246   0x08000246   0x00000002   PAD
    0x08000248   0x08000248   0x00000040   Code   RO         6445    .text               startup_stm32f40_41xxx.o
    0x08000288   0x08000288   0x00000002   Code   RO         6600    .text               c_w.l(use_no_semi_2.o)
    0x0800028a   0x0800028a   0x00000048   Code   RO         6602    .text               c_w.l(llsdiv.o)
    0x080002d2   0x080002d2   0x00000002   PAD
    0x080002d4   0x080002d4   0x00000018   Code   RO         6606    .text               c_w.l(noretval__2printf.o)
    0x080002ec   0x080002ec   0x00000078   Code   RO         6612    .text               c_w.l(_printf_dec.o)
    0x08000364   0x08000364   0x00000138   Code   RO         6647    .text               c_w.l(__printf_flags_wp.o)
    0x0800049c   0x0800049c   0x00000058   Code   RO         6659    .text               c_w.l(memcmp.o)
    0x080004f4   0x080004f4   0x0000008a   Code   RO         6661    .text               c_w.l(rt_memcpy_v6.o)
    0x0800057e   0x0800057e   0x00000064   Code   RO         6663    .text               c_w.l(rt_memcpy_w.o)
    0x080005e2   0x080005e2   0x00000010   Code   RO         6665    .text               c_w.l(aeabi_memset.o)
    0x080005f2   0x080005f2   0x0000004e   Code   RO         6667    .text               c_w.l(rt_memclr_w.o)
    0x08000640   0x08000640   0x00000006   Code   RO         6669    .text               c_w.l(heapauxi.o)
    0x08000646   0x08000646   0x00000002   Code   RO         6761    .text               c_w.l(use_no_semi.o)
    0x08000648   0x08000648   0x000000ee   Code   RO         6764    .text               c_w.l(lludivv7m.o)
    0x08000736   0x08000736   0x00000016   Code   RO         6766    .text               c_w.l(_rserrno.o)
    0x0800074c   0x0800074c   0x000000b2   Code   RO         6768    .text               c_w.l(_printf_intcommon.o)
    0x080007fe   0x080007fe   0x0000041e   Code   RO         6770    .text               c_w.l(_printf_fp_dec.o)
    0x08000c1c   0x08000c1c   0x00000024   Code   RO         6772    .text               c_w.l(_printf_char_file.o)
    0x08000c40   0x08000c40   0x00000044   Code   RO         6775    .text               c_w.l(rt_memclr.o)
    0x08000c84   0x08000c84   0x00000008   Code   RO         6863    .text               c_w.l(rt_locale_intlibspace.o)
    0x08000c8c   0x08000c8c   0x00000008   Code   RO         6868    .text               c_w.l(rt_errno_addr_intlibspace.o)
    0x08000c94   0x08000c94   0x0000008a   Code   RO         6870    .text               c_w.l(lludiv10.o)
    0x08000d1e   0x08000d1e   0x00000002   PAD
    0x08000d20   0x08000d20   0x00000030   Code   RO         6872    .text               c_w.l(_printf_char_common.o)
    0x08000d50   0x08000d50   0x00000080   Code   RO         6874    .text               c_w.l(_printf_fp_infnan.o)
    0x08000dd0   0x08000dd0   0x000000e4   Code   RO         6876    .text               c_w.l(bigflt0.o)
    0x08000eb4   0x08000eb4   0x00000008   Code   RO         6901    .text               c_w.l(ferror.o)
    0x08000ebc   0x08000ebc   0x00000008   Code   RO         6920    .text               c_w.l(libspace.o)
    0x08000ec4   0x08000ec4   0x0000004a   Code   RO         6923    .text               c_w.l(sys_stackheap_outer.o)
    0x08000f0e   0x08000f0e   0x00000012   Code   RO         6929    .text               c_w.l(exit.o)
    0x08000f20   0x08000f20   0x00000080   Code   RO         6931    .text               c_w.l(strcmpv7m.o)
    0x08000fa0   0x08000fa0   0x0000003e   Code   RO         6879    CL$$btod_d2e        c_w.l(btod.o)
    0x08000fde   0x08000fde   0x00000046   Code   RO         6881    CL$$btod_d2e_denorm_low  c_w.l(btod.o)
    0x08001024   0x08001024   0x00000060   Code   RO         6880    CL$$btod_d2e_norm_op1  c_w.l(btod.o)
    0x08001084   0x08001084   0x00000338   Code   RO         6889    CL$$btod_div_common  c_w.l(btod.o)
    0x080013bc   0x080013bc   0x000000dc   Code   RO         6886    CL$$btod_e2e        c_w.l(btod.o)
    0x08001498   0x08001498   0x0000002a   Code   RO         6883    CL$$btod_ediv       c_w.l(btod.o)
    0x080014c2   0x080014c2   0x0000002a   Code   RO         6882    CL$$btod_emul       c_w.l(btod.o)
    0x080014ec   0x080014ec   0x00000244   Code   RO         6888    CL$$btod_mult_common  c_w.l(btod.o)
    0x08001730   0x08001730   0x00000004   Code   RO          244    i.BusFault_Handler  stm32f4xx_it.o
    0x08001734   0x08001734   0x000000c0   Code   RO         5624    i.DMP_Init          mpu6050.o
    0x080017f4   0x080017f4   0x00000002   Code   RO          245    i.DebugMon_Handler  stm32f4xx_it.o
    0x080017f6   0x080017f6   0x00000002   PAD
    0x080017f8   0x080017f8   0x0000008c   Code   RO         6257    i.EXTI2_IRQHandler  mpuexti.o
    0x08001884   0x08001884   0x0000000c   Code   RO         1840    i.EXTI_ClearITPendingBit  stm32f4xx_exti.o
    0x08001890   0x08001890   0x00000018   Code   RO         1844    i.EXTI_GetITStatus  stm32f4xx_exti.o
    0x080018a8   0x080018a8   0x00000094   Code   RO         1845    i.EXTI_Init         stm32f4xx_exti.o
    0x0800193c   0x0800193c   0x00000090   Code   RO         2218    i.GPIO_Init         stm32f4xx_gpio.o
    0x080019cc   0x080019cc   0x00000046   Code   RO         2219    i.GPIO_PinAFConfig  stm32f4xx_gpio.o
    0x08001a12   0x08001a12   0x00000012   Code   RO         2222    i.GPIO_ReadInputDataBit  stm32f4xx_gpio.o
    0x08001a24   0x08001a24   0x00000006   Code   RO         2225    i.GPIO_ResetBits    stm32f4xx_gpio.o
    0x08001a2a   0x08001a2a   0x00000004   Code   RO         2226    i.GPIO_SetBits      stm32f4xx_gpio.o
    0x08001a2e   0x08001a2e   0x00000004   Code   RO          246    i.HardFault_Handler  stm32f4xx_it.o
    0x08001a32   0x08001a32   0x00000002   PAD
    0x08001a34   0x08001a34   0x00000054   Code   RO         6565    i.Init_Timer3       timer.o
    0x08001a88   0x08001a88   0x0000004c   Code   RO         5372    i.KEY_Init          key.o
    0x08001ad4   0x08001ad4   0x0000007c   Code   RO         5373    i.KEY_Scan          key.o
    0x08001b50   0x08001b50   0x00000040   Code   RO         5348    i.LED_Init          led.o
    0x08001b90   0x08001b90   0x00000078   Code   RO         6258    i.MPU6050_EXTI_Init  mpuexti.o
    0x08001c08   0x08001c08   0x0000004c   Code   RO         5552    i.MPU_IIC_Ack       mpuiic.o
    0x08001c54   0x08001c54   0x0000000a   Code   RO         5553    i.MPU_IIC_Delay     mpuiic.o
    0x08001c5e   0x08001c5e   0x00000002   PAD
    0x08001c60   0x08001c60   0x0000003c   Code   RO         5554    i.MPU_IIC_Init      mpuiic.o
    0x08001c9c   0x08001c9c   0x0000004c   Code   RO         5555    i.MPU_IIC_NAck      mpuiic.o
    0x08001ce8   0x08001ce8   0x00000068   Code   RO         5556    i.MPU_IIC_Read_Byte  mpuiic.o
    0x08001d50   0x08001d50   0x0000005c   Code   RO         5557    i.MPU_IIC_Send_Byte  mpuiic.o
    0x08001dac   0x08001dac   0x00000048   Code   RO         5558    i.MPU_IIC_Start     mpuiic.o
    0x08001df4   0x08001df4   0x00000048   Code   RO         5559    i.MPU_IIC_Stop      mpuiic.o
    0x08001e3c   0x08001e3c   0x00000060   Code   RO         5560    i.MPU_IIC_Wait_Ack  mpuiic.o
    0x08001e9c   0x08001e9c   0x000000d4   Code   RO         5628    i.MPU_Init          mpu6050.o
    0x08001f70   0x08001f70   0x0000003a   Code   RO         5629    i.MPU_Read_Byte     mpu6050.o
    0x08001faa   0x08001faa   0x00000074   Code   RO         5630    i.MPU_Read_Len      mpu6050.o
    0x0800201e   0x0800201e   0x00000010   Code   RO         5631    i.MPU_Set_Accel_Fsr  mpu6050.o
    0x0800202e   0x0800202e   0x00000010   Code   RO         5632    i.MPU_Set_Gyro_Fsr  mpu6050.o
    0x0800203e   0x0800203e   0x0000003a   Code   RO         5633    i.MPU_Set_LPF       mpu6050.o
    0x08002078   0x08002078   0x0000003a   Code   RO         5634    i.MPU_Set_Rate      mpu6050.o
    0x080020b2   0x080020b2   0x00000044   Code   RO         5635    i.MPU_Write_Byte    mpu6050.o
    0x080020f6   0x080020f6   0x00000060   Code   RO         5636    i.MPU_Write_Len     mpu6050.o
    0x08002156   0x08002156   0x00000004   Code   RO          247    i.MemManage_Handler  stm32f4xx_it.o
    0x0800215a   0x0800215a   0x00000002   PAD
    0x0800215c   0x0800215c   0x00000034   Code   RO         6291    i.Motor_Gpio_Init   motor.o
    0x08002190   0x08002190   0x0000000a   Code   RO         6292    i.My_abs            motor.o
    0x0800219a   0x0800219a   0x00000002   Code   RO          248    i.NMI_Handler       stm32f4xx_it.o
    0x0800219c   0x0800219c   0x00000078   Code   RO          478    i.NVIC_Init         misc.o
    0x08002214   0x08002214   0x00000014   Code   RO          479    i.NVIC_PriorityGroupConfig  misc.o
    0x08002228   0x08002228   0x00000030   Code   RO         5407    i.OLED_Clear        oled.o
    0x08002258   0x08002258   0x00000078   Code   RO         5414    i.OLED_DrawPoint    oled.o
    0x080022d0   0x080022d0   0x00000168   Code   RO         5415    i.OLED_Init         oled.o
    0x08002438   0x08002438   0x00000016   Code   RO         5416    i.OLED_Pow          oled.o
    0x0800244e   0x0800244e   0x00000002   PAD
    0x08002450   0x08002450   0x0000004c   Code   RO         5417    i.OLED_Refresh      oled.o
    0x0800249c   0x0800249c   0x0000013c   Code   RO         5419    i.OLED_ShowChar     oled.o
    0x080025d8   0x080025d8   0x000000d0   Code   RO         5421    i.OLED_ShowFNum     oled.o
    0x080026a8   0x080026a8   0x0000008c   Code   RO         5422    i.OLED_ShowNum      oled.o
    0x08002734   0x08002734   0x000000d0   Code   RO         5424    i.OLED_ShowSNum     oled.o
    0x08002804   0x08002804   0x0000004e   Code   RO         5425    i.OLED_ShowString   oled.o
    0x08002852   0x08002852   0x00000002   PAD
    0x08002854   0x08002854   0x00000088   Code   RO         5426    i.OLED_WR_Byte      oled.o
    0x080028dc   0x080028dc   0x000000b8   Code   RO          424    i.PID_Calculate     pid.o
    0x08002994   0x08002994   0x0000006c   Code   RO          425    i.PID_TimerInit     pid.o
    0x08002a00   0x08002a00   0x0000004c   Code   RO          426    i.PID_param_init    pid.o
    0x08002a4c   0x08002a4c   0x00000034   Code   RO         6293    i.PWM_Limit         motor.o
    0x08002a80   0x08002a80   0x00000080   Code   RO         6294    i.PWM_Load          motor.o
    0x08002b00   0x08002b00   0x0000000c   Code   RO         3024    i.PWR_WakeUpPinCmd  stm32f4xx_pwr.o
    0x08002b0c   0x08002b0c   0x00000002   Code   RO          249    i.PendSV_Handler    stm32f4xx_it.o
    0x08002b0e   0x08002b0e   0x00000002   PAD
    0x08002b10   0x08002b10   0x00000020   Code   RO         3144    i.RCC_AHB1PeriphClockCmd  stm32f4xx_rcc.o
    0x08002b30   0x08002b30   0x00000020   Code   RO         3153    i.RCC_APB1PeriphClockCmd  stm32f4xx_rcc.o
    0x08002b50   0x08002b50   0x00000020   Code   RO         3156    i.RCC_APB2PeriphClockCmd  stm32f4xx_rcc.o
    0x08002b70   0x08002b70   0x000000e8   Code   RO         3165    i.RCC_GetClocksFreq  stm32f4xx_rcc.o
    0x08002c58   0x08002c58   0x00000002   Code   RO          250    i.SVC_Handler       stm32f4xx_it.o
    0x08002c5a   0x08002c5a   0x00000002   PAD
    0x08002c5c   0x08002c5c   0x00000040   Code   RO         4467    i.SYSCFG_EXTILineConfig  stm32f4xx_syscfg.o
    0x08002c9c   0x08002c9c   0x000000ec   Code   RO            4    i.SetSysClock       system_stm32f4xx.o
    0x08002d88   0x08002d88   0x00000084   Code   RO          319    i.Set_Length        control.o
    0x08002e0c   0x08002e0c   0x00000028   Code   RO          482    i.SysTick_CLKSourceConfig  misc.o
    0x08002e34   0x08002e34   0x00000002   Code   RO          251    i.SysTick_Handler   stm32f4xx_it.o
    0x08002e36   0x08002e36   0x00000002   PAD
    0x08002e38   0x08002e38   0x00000068   Code   RO            6    i.SystemInit        system_stm32f4xx.o
    0x08002ea0   0x08002ea0   0x00000054   Code   RO          320    i.TIM1_UP_TIM10_IRQHandler  control.o
    0x08002ef4   0x08002ef4   0x00000030   Code   RO         6566    i.TIM3_IRQHandler   timer.o
    0x08002f24   0x08002f24   0x00000006   Code   RO         4535    i.TIM_ClearITPendingBit  stm32f4xx_tim.o
    0x08002f2a   0x08002f2a   0x00000018   Code   RO         4540    i.TIM_Cmd           stm32f4xx_tim.o
    0x08002f42   0x08002f42   0x0000001e   Code   RO         4542    i.TIM_CtrlPWMOutputs  stm32f4xx_tim.o
    0x08002f60   0x08002f60   0x00000022   Code   RO         4561    i.TIM_GetITStatus   stm32f4xx_tim.o
    0x08002f82   0x08002f82   0x00000012   Code   RO         4565    i.TIM_ITConfig      stm32f4xx_tim.o
    0x08002f94   0x08002f94   0x0000007c   Code   RO         4569    i.TIM_OC1Init       stm32f4xx_tim.o
    0x08003010   0x08003010   0x00000012   Code   RO         4572    i.TIM_OC1PreloadConfig  stm32f4xx_tim.o
    0x08003022   0x08003022   0x00000002   PAD
    0x08003024   0x08003024   0x00000078   Code   RO         4584    i.TIM_OC4Init       stm32f4xx_tim.o
    0x0800309c   0x0800309c   0x0000001a   Code   RO         4586    i.TIM_OC4PreloadConfig  stm32f4xx_tim.o
    0x080030b6   0x080030b6   0x00000004   Code   RO         4602    i.TIM_SetCompare1   stm32f4xx_tim.o
    0x080030ba   0x080030ba   0x00000004   Code   RO         4605    i.TIM_SetCompare4   stm32f4xx_tim.o
    0x080030be   0x080030be   0x00000002   PAD
    0x080030c0   0x080030c0   0x00000084   Code   RO         4612    i.TIM_TimeBaseInit  stm32f4xx_tim.o
    0x08003144   0x08003144   0x00000012   Code   RO         4613    i.TIM_TimeBaseStructInit  stm32f4xx_tim.o
    0x08003156   0x08003156   0x00000002   PAD
    0x08003158   0x08003158   0x000000d0   Code   RO         6567    i.Timer1_PWM_GPIO_Init  timer.o
    0x08003228   0x08003228   0x00000090   Code   RO         6336    i.USART1_IRQHandler  pidtool.o
    0x080032b8   0x080032b8   0x0000001e   Code   RO         5091    i.USART_ClearITPendingBit  stm32f4xx_usart.o
    0x080032d6   0x080032d6   0x00000018   Code   RO         5094    i.USART_Cmd         stm32f4xx_usart.o
    0x080032ee   0x080032ee   0x0000001a   Code   RO         5097    i.USART_GetFlagStatus  stm32f4xx_usart.o
    0x08003308   0x08003308   0x00000054   Code   RO         5098    i.USART_GetITStatus  stm32f4xx_usart.o
    0x0800335c   0x0800335c   0x0000004a   Code   RO         5100    i.USART_ITConfig    stm32f4xx_usart.o
    0x080033a6   0x080033a6   0x00000002   PAD
    0x080033a8   0x080033a8   0x000000d4   Code   RO         5101    i.USART_Init        stm32f4xx_usart.o
    0x0800347c   0x0800347c   0x0000000a   Code   RO         5108    i.USART_ReceiveData  stm32f4xx_usart.o
    0x08003486   0x08003486   0x00000008   Code   RO         5111    i.USART_SendData    stm32f4xx_usart.o
    0x0800348e   0x0800348e   0x00000004   Code   RO          252    i.UsageFault_Handler  stm32f4xx_it.o
    0x08003492   0x08003492   0x00000030   Code   RO         6813    i.__ARM_fpclassify  m_wm.l(fpclassify.o)
    0x080034c2   0x080034c2   0x00000006   PAD
    0x080034c8   0x080034c8   0x00000360   Code   RO         6697    i.__hardfp_asin     m_wm.l(asin.o)
    0x08003828   0x08003828   0x000002d8   Code   RO         6711    i.__hardfp_atan     m_wm.l(atan.o)
    0x08003b00   0x08003b00   0x00000200   Code   RO         6725    i.__hardfp_atan2    m_wm.l(atan2.o)
    0x08003d00   0x08003d00   0x000000c8   Code   RO         6737    i.__hardfp_cos      m_wm.l(cos.o)
    0x08003dc8   0x08003dc8   0x000000c8   Code   RO         6749    i.__hardfp_sin      m_wm.l(sin.o)
    0x08003e90   0x08003e90   0x00000438   Code   RO         6818    i.__ieee754_rem_pio2  m_wm.l(rred.o)
    0x080042c8   0x080042c8   0x00000170   Code   RO         6790    i.__kernel_cos      m_wm.l(cos_i.o)
    0x08004438   0x08004438   0x000000f8   Code   RO         6815    i.__kernel_poly     m_wm.l(poly.o)
    0x08004530   0x08004530   0x00000130   Code   RO         6823    i.__kernel_sin      m_wm.l(sin_i.o)
    0x08004660   0x08004660   0x00000014   Code   RO         6794    i.__mathlib_dbl_infnan  m_wm.l(dunder.o)
    0x08004674   0x08004674   0x00000014   Code   RO         6795    i.__mathlib_dbl_infnan2  m_wm.l(dunder.o)
    0x08004688   0x08004688   0x00000020   Code   RO         6796    i.__mathlib_dbl_invalid  m_wm.l(dunder.o)
    0x080046a8   0x080046a8   0x00000020   Code   RO         6799    i.__mathlib_dbl_underflow  m_wm.l(dunder.o)
    0x080046c8   0x080046c8   0x0000000e   Code   RO         6645    i._is_digit         c_w.l(__printf_wp.o)
    0x080046d6   0x080046d6   0x00000004   Code   RO         6518    i._sys_exit         usart.o
    0x080046da   0x080046da   0x00000002   PAD
    0x080046dc   0x080046dc   0x000000c0   Code   RO         5723    i.accel_self_test   inv_mpu.o
    0x0800479c   0x0800479c   0x000000a4   Code   RO          321    i.angle_calibration  control.o
    0x08004840   0x08004840   0x00000010   Code   RO         6713    i.atan              m_wm.l(atan.o)
    0x08004850   0x08004850   0x0000001c   Code   RO         6337    i.check_sum         pidtool.o
    0x0800486c   0x0800486c   0x00000064   Code   RO         6063    i.decode_gesture    inv_mpu_dmp_motion_driver.o
    0x080048d0   0x080048d0   0x0000003c   Code   RO         6452    i.delay_init        delay.o
    0x0800490c   0x0800490c   0x00000038   Code   RO         6453    i.delay_ms          delay.o
    0x08004944   0x08004944   0x0000004c   Code   RO         6454    i.delay_us          delay.o
    0x08004990   0x08004990   0x0000004c   Code   RO         6455    i.delay_xms         delay.o
    0x080049dc   0x080049dc   0x0000003c   Code   RO         6064    i.dmp_enable_6x_lp_quat  inv_mpu_dmp_motion_driver.o
    0x08004a18   0x08004a18   0x0000021c   Code   RO         6065    i.dmp_enable_feature  inv_mpu_dmp_motion_driver.o
    0x08004c34   0x08004c34   0x00000058   Code   RO         6066    i.dmp_enable_gyro_cal  inv_mpu_dmp_motion_driver.o
    0x08004c8c   0x08004c8c   0x0000003c   Code   RO         6067    i.dmp_enable_lp_quat  inv_mpu_dmp_motion_driver.o
    0x08004cc8   0x08004cc8   0x00000018   Code   RO         6072    i.dmp_load_motion_driver_firmware  inv_mpu_dmp_motion_driver.o
    0x08004ce0   0x08004ce0   0x000001cc   Code   RO         6073    i.dmp_read_fifo     inv_mpu_dmp_motion_driver.o
    0x08004eac   0x08004eac   0x00000130   Code   RO         6076    i.dmp_set_accel_bias  inv_mpu_dmp_motion_driver.o
    0x08004fdc   0x08004fdc   0x00000070   Code   RO         6077    i.dmp_set_fifo_rate  inv_mpu_dmp_motion_driver.o
    0x0800504c   0x0800504c   0x00000130   Code   RO         6078    i.dmp_set_gyro_bias  inv_mpu_dmp_motion_driver.o
    0x0800517c   0x0800517c   0x00000138   Code   RO         6080    i.dmp_set_orientation  inv_mpu_dmp_motion_driver.o
    0x080052b4   0x080052b4   0x00000038   Code   RO         6083    i.dmp_set_shake_reject_thresh  inv_mpu_dmp_motion_driver.o
    0x080052ec   0x080052ec   0x00000026   Code   RO         6084    i.dmp_set_shake_reject_time  inv_mpu_dmp_motion_driver.o
    0x08005312   0x08005312   0x00000026   Code   RO         6085    i.dmp_set_shake_reject_timeout  inv_mpu_dmp_motion_driver.o
    0x08005338   0x08005338   0x00000046   Code   RO         6086    i.dmp_set_tap_axes  inv_mpu_dmp_motion_driver.o
    0x0800537e   0x0800537e   0x00000026   Code   RO         6087    i.dmp_set_tap_count  inv_mpu_dmp_motion_driver.o
    0x080053a4   0x080053a4   0x000001c0   Code   RO         6088    i.dmp_set_tap_thresh  inv_mpu_dmp_motion_driver.o
    0x08005564   0x08005564   0x00000026   Code   RO         6089    i.dmp_set_tap_time  inv_mpu_dmp_motion_driver.o
    0x0800558a   0x0800558a   0x00000026   Code   RO         6090    i.dmp_set_tap_time_multi  inv_mpu_dmp_motion_driver.o
    0x080055b0   0x080055b0   0x00000018   Code   RO         6809    i.fabs              m_wm.l(fabs.o)
    0x080055c8   0x080055c8   0x0000001c   Code   RO         6519    i.fputc             usart.o
    0x080055e4   0x080055e4   0x000000d0   Code   RO         5724    i.get_accel_prod_shift  inv_mpu.o
    0x080056b4   0x080056b4   0x0000046c   Code   RO         5725    i.get_st_biases     inv_mpu.o
    0x08005b20   0x08005b20   0x0000011c   Code   RO         5726    i.gyro_self_test    inv_mpu.o
    0x08005c3c   0x08005c3c   0x00000028   Code   RO         5727    i.inv_orientation_matrix_to_scalar  inv_mpu.o
    0x08005c64   0x08005c64   0x0000004e   Code   RO         5728    i.inv_row_2_scale   inv_mpu.o
    0x08005cb2   0x08005cb2   0x00000002   PAD
    0x08005cb4   0x08005cb4   0x00000088   Code   RO          399    i.kalmanFilter_A    kalman.o
    0x08005d3c   0x08005d3c   0x000002d8   Code   RO          148    i.main              main.o
    0x08006014   0x08006014   0x00000002   Code   RO         5729    i.mget_ms           inv_mpu.o
    0x08006016   0x08006016   0x00000002   PAD
    0x08006018   0x08006018   0x00000178   Code   RO          322    i.mode_1            control.o
    0x08006190   0x08006190   0x0000015c   Code   RO          323    i.mode_2            control.o
    0x080062ec   0x080062ec   0x000001ec   Code   RO          324    i.mode_3            control.o
    0x080064d8   0x080064d8   0x00000110   Code   RO          325    i.mode_4            control.o
    0x080065e8   0x080065e8   0x00000070   Code   RO         5730    i.mpu_configure_fifo  inv_mpu.o
    0x08006658   0x08006658   0x00000218   Code   RO         5731    i.mpu_dmp_get_data  inv_mpu.o
    0x08006870   0x08006870   0x0000009c   Code   RO         5732    i.mpu_dmp_init      inv_mpu.o
    0x0800690c   0x0800690c   0x0000004c   Code   RO         5733    i.mpu_get_accel_fsr  inv_mpu.o
    0x08006958   0x08006958   0x00000054   Code   RO         5735    i.mpu_get_accel_sens  inv_mpu.o
    0x080069ac   0x080069ac   0x00000010   Code   RO         5740    i.mpu_get_fifo_config  inv_mpu.o
    0x080069bc   0x080069bc   0x00000044   Code   RO         5741    i.mpu_get_gyro_fsr  inv_mpu.o
    0x08006a00   0x08006a00   0x00000060   Code   RO         5743    i.mpu_get_gyro_sens  inv_mpu.o
    0x08006a60   0x08006a60   0x00000050   Code   RO         5745    i.mpu_get_lpf       inv_mpu.o
    0x08006ab0   0x08006ab0   0x00000020   Code   RO         5747    i.mpu_get_sample_rate  inv_mpu.o
    0x08006ad0   0x08006ad0   0x000001f0   Code   RO         5749    i.mpu_init          inv_mpu.o
    0x08006cc0   0x08006cc0   0x000000b8   Code   RO         5750    i.mpu_load_firmware  inv_mpu.o
    0x08006d78   0x08006d78   0x000000e0   Code   RO         5751    i.mpu_lp_accel_mode  inv_mpu.o
    0x08006e58   0x08006e58   0x000000c0   Code   RO         5754    i.mpu_read_fifo_stream  inv_mpu.o
    0x08006f18   0x08006f18   0x00000080   Code   RO         5755    i.mpu_read_mem      inv_mpu.o
    0x08006f98   0x08006f98   0x000001c8   Code   RO         5758    i.mpu_reset_fifo    inv_mpu.o
    0x08007160   0x08007160   0x0000011c   Code   RO         5759    i.mpu_run_self_test  inv_mpu.o
    0x0800727c   0x0800727c   0x00000084   Code   RO         5761    i.mpu_set_accel_fsr  inv_mpu.o
    0x08007300   0x08007300   0x0000014c   Code   RO         5762    i.mpu_set_bypass    inv_mpu.o
    0x0800744c   0x0800744c   0x00000090   Code   RO         5764    i.mpu_set_dmp_state  inv_mpu.o
    0x080074dc   0x080074dc   0x00000088   Code   RO         5765    i.mpu_set_gyro_fsr  inv_mpu.o
    0x08007564   0x08007564   0x0000006c   Code   RO         5766    i.mpu_set_int_latched  inv_mpu.o
    0x080075d0   0x080075d0   0x00000084   Code   RO         5768    i.mpu_set_lpf       inv_mpu.o
    0x08007654   0x08007654   0x0000009c   Code   RO         5769    i.mpu_set_sample_rate  inv_mpu.o
    0x080076f0   0x080076f0   0x000000d0   Code   RO         5770    i.mpu_set_sensors   inv_mpu.o
    0x080077c0   0x080077c0   0x00000080   Code   RO         5771    i.mpu_write_mem     inv_mpu.o
    0x08007840   0x08007840   0x00000044   Code   RO         6341    i.pid_tool_send_param  pidtool.o
    0x08007884   0x08007884   0x00000034   Code   RO         6342    i.protocol_data_recv  pidtool.o
    0x080078b8   0x080078b8   0x00000046   Code   RO         6348    i.recvbuf_put_data  pidtool.o
    0x080078fe   0x080078fe   0x0000008a   Code   RO         5772    i.run_self_test     inv_mpu.o
    0x08007988   0x08007988   0x00000064   Code   RO         6349    i.set_computer_value  pidtool.o
    0x080079ec   0x080079ec   0x00000090   Code   RO         5773    i.set_int_enable    inv_mpu.o
    0x08007a7c   0x08007a7c   0x0000006e   Code   RO         6831    i.sqrt              m_wm.l(sqrt.o)
    0x08007aea   0x08007aea   0x00000002   PAD
    0x08007aec   0x08007aec   0x00000084   Code   RO          327    i.switch_mode       control.o
    0x08007b70   0x08007b70   0x000000ac   Code   RO         6520    i.uart_init         usart.o
    0x08007c1c   0x08007c1c   0x00000030   Code   RO         6350    i.usart1_send       pidtool.o
    0x08007c4c   0x08007c4c   0x0000002c   Code   RO         6906    locale$$code        c_w.l(lc_numeric_c.o)
    0x08007c78   0x08007c78   0x00000018   Code   RO         6777    x$fpl$basic         fz_wm.l(basic.o)
    0x08007c90   0x08007c90   0x00000062   Code   RO         6673    x$fpl$d2f           fz_wm.l(d2f.o)
    0x08007cf2   0x08007cf2   0x00000002   PAD
    0x08007cf4   0x08007cf4   0x00000150   Code   RO         6675    x$fpl$dadd          fz_wm.l(daddsub_clz.o)
    0x08007e44   0x08007e44   0x00000018   Code   RO         6908    x$fpl$dcmpinf       fz_wm.l(dcmpi.o)
    0x08007e5c   0x08007e5c   0x000002b0   Code   RO         6682    x$fpl$ddiv          fz_wm.l(ddiv.o)
    0x0800810c   0x0800810c   0x00000078   Code   RO         6779    x$fpl$deqf          fz_wm.l(deqf.o)
    0x08008184   0x08008184   0x0000005e   Code   RO         6910    x$fpl$dfix          fz_wm.l(dfix.o)
    0x080081e2   0x080081e2   0x0000002e   Code   RO         6686    x$fpl$dflt          fz_wm.l(dflt_clz.o)
    0x08008210   0x08008210   0x00000026   Code   RO         6685    x$fpl$dfltu         fz_wm.l(dflt_clz.o)
    0x08008236   0x08008236   0x00000002   PAD
    0x08008238   0x08008238   0x00000154   Code   RO         6691    x$fpl$dmul          fz_wm.l(dmul.o)
    0x0800838c   0x0800838c   0x0000009c   Code   RO         6781    x$fpl$dnaninf       fz_wm.l(dnaninf.o)
    0x08008428   0x08008428   0x0000000c   Code   RO         6783    x$fpl$dretinf       fz_wm.l(dretinf.o)
    0x08008434   0x08008434   0x00000016   Code   RO         6676    x$fpl$drsb          fz_wm.l(daddsub_clz.o)
    0x0800844a   0x0800844a   0x00000002   PAD
    0x0800844c   0x0800844c   0x00000198   Code   RO         6916    x$fpl$dsqrt         fz_wm.l(dsqrt_umaal.o)
    0x080085e4   0x080085e4   0x000001d4   Code   RO         6677    x$fpl$dsub          fz_wm.l(daddsub_clz.o)
    0x080087b8   0x080087b8   0x00000056   Code   RO         6693    x$fpl$f2d           fz_wm.l(f2d.o)
    0x0800880e   0x0800880e   0x0000008c   Code   RO         6785    x$fpl$fnaninf       fz_wm.l(fnaninf.o)
    0x0800889a   0x0800889a   0x0000000a   Code   RO         6992    x$fpl$fpinit        fz_wm.l(fpinit.o)
    0x080088a4   0x080088a4   0x0000000a   Code   RO         6787    x$fpl$fretinf       fz_wm.l(fretinf.o)
    0x080088ae   0x080088ae   0x00000004   Code   RO         6695    x$fpl$printf1       fz_wm.l(printf1.o)
    0x080088b2   0x080088b2   0x00000000   Code   RO         6789    x$fpl$usenofp       fz_wm.l(usenofp.o)
    0x080088b2   0x080088b2   0x00001e10   Data   RO         5428    .constdata          oled.o
    0x0800a6c2   0x0800a6c2   0x00000002   PAD
    0x0800a6c4   0x0800a6c4   0x00000050   Data   RO         5775    .constdata          inv_mpu.o
    0x0800a714   0x0800a714   0x00000bf6   Data   RO         6092    .constdata          inv_mpu_dmp_motion_driver.o
    0x0800b30a   0x0800b30a   0x00000011   Data   RO         6648    .constdata          c_w.l(__printf_flags_wp.o)
    0x0800b31b   0x0800b31b   0x00000005   PAD
    0x0800b320   0x0800b320   0x00000050   Data   RO         6700    .constdata          m_wm.l(asin.o)
    0x0800b370   0x0800b370   0x00000098   Data   RO         6714    .constdata          m_wm.l(atan.o)
    0x0800b408   0x0800b408   0x00000030   Data   RO         6791    .constdata          m_wm.l(cos_i.o)
    0x0800b438   0x0800b438   0x00000008   Data   RO         6817    .constdata          m_wm.l(qnan.o)
    0x0800b440   0x0800b440   0x000000c8   Data   RO         6820    .constdata          m_wm.l(rred.o)
    0x0800b508   0x0800b508   0x00000028   Data   RO         6824    .constdata          m_wm.l(sin_i.o)
    0x0800b530   0x0800b530   0x00000094   Data   RO         6877    .constdata          c_w.l(bigflt0.o)
    0x0800b5c4   0x0800b5c4   0x0000004d   Data   RO         5776    .conststring        inv_mpu.o
    0x0800b611   0x0800b611   0x00000003   PAD
    0x0800b614   0x0800b614   0x00000020   Data   RO         7065    Region$$Table       anon$$obj.o
    0x0800b634   0x0800b634   0x0000001c   Data   RO         6905    locale$$data        c_w.l(lc_numeric_c.o)


    Execution Region RW_IRAM2 (Exec base: 0x10000000, Load base: 0x0800b700, Size: 0x00000000, Max: 0x00010000, ABSOLUTE)

    **** No section assigned to this execution region ****


    Execution Region RW_IRAM1 (Exec base: 0x20000000, Load base: 0x0800b650, Size: 0x00000d00, Max: 0x00020000, ABSOLUTE)

    Exec Addr    Load Addr    Size         Type   Attr      Idx    E Section Name        Object

    0x20000000   0x0800b650   0x00000020   Data   RW          329    .data               control.o
    0x20000020   0x0800b670   0x00000014   Data   RW          400    .data               kalman.o
    0x20000034   0x0800b684   0x00000010   Data   RW         3197    .data               stm32f4xx_rcc.o
    0x20000044   0x0800b694   0x00000001   Data   RW         5374    .data               key.o
    0x20000045   0x0800b695   0x00000003   PAD
    0x20000048   0x0800b698   0x00000035   Data   RW         5777    .data               inv_mpu.o
    0x2000007d   0x0800b6cd   0x00000003   PAD
    0x20000080   0x0800b6d0   0x00000014   Data   RW         6259    .data               mpuexti.o
    0x20000094   0x0800b6e4   0x00000008   Data   RW         6295    .data               motor.o
    0x2000009c   0x0800b6ec   0x00000008   Data   RW         6352    .data               pidtool.o
    0x200000a4   0x0800b6f4   0x00000004   Data   RW         6456    .data               delay.o
    0x200000a8   0x0800b6f8   0x00000006   Data   RW         6522    .data               usart.o
    0x200000ae   0x0800b6fe   0x00000002   PAD
    0x200000b0        -       0x00000048   Zero   RW          328    .bss                control.o
    0x200000f8        -       0x00000480   Zero   RW         5427    .bss                oled.o
    0x20000578        -       0x00000010   Zero   RW         6091    .bss                inv_mpu_dmp_motion_driver.o
    0x20000588        -       0x00000116   Zero   RW         6351    .bss                pidtool.o
    0x2000069e   0x0800b6fe   0x00000002   PAD
    0x200006a0        -       0x00000060   Zero   RW         6921    .bss                c_w.l(libspace.o)
    0x20000700        -       0x00000200   Zero   RW         6443    HEAP                startup_stm32f40_41xxx.o
    0x20000900        -       0x00000400   Zero   RW         6442    STACK               startup_stm32f40_41xxx.o


==============================================================================

Image component sizes


      Code (inc. data)   RO Data    RW Data    ZI Data      Debug   Object Name

      2000        292          0         32         72       6342   control.o
       268         16          0          4          0       2515   delay.o
      6914        318        157         53          0      33092   inv_mpu.o
      3128        138       3062          0         16      21722   inv_mpu_dmp_motion_driver.o
       136         22          0         20          0        625   kalman.o
       200         20          0          1          0       1470   key.o
        64          4          0          0          0        535   led.o
       728        256          0          0          0       2551   main.o
       180         24          0          0          0       2097   misc.o
       242         28          0          8          0       2784   motor.o
       890         68          0          0          0       7306   mpu6050.o
       260         38          0         20          0       1637   mpuexti.o
       658         98          0          0          0       5258   mpuiic.o
      1712         52       7696          0       1152       9788   oled.o
       368         22          0          0          0       2197   pid.o
       510         40          0          8        278       5698   pidtool.o
        64         26        392          0       1536        848   startup_stm32f40_41xxx.o
       184         16          0          0          0       2116   stm32f4xx_exti.o
       242          0          0          0          0       3563   stm32f4xx_gpio.o
        26          0          0          0          0       4270   stm32f4xx_it.o
        12          6          0          0          0        531   stm32f4xx_pwr.o
       328         36          0         16          0       4699   stm32f4xx_rcc.o
        64          4          0          0          0        660   stm32f4xx_syscfg.o
       558         46          0          0          0       8674   stm32f4xx_tim.o
       468          8          0          0          0       6191   stm32f4xx_usart.o
       340         32          0          0          0     295093   system_stm32f4xx.o
       340         22          0          0          0       1907   timer.o
       204         14          0          6          0       3644   usart.o

    ----------------------------------------------------------------------
     21120       1646      11344        176       3056     437813   Object Totals
         0          0         32          0          0          0   (incl. Generated)
        32          0          5          8          2          0   (incl. Padding)

    ----------------------------------------------------------------------

      Code (inc. data)   RO Data    RW Data    ZI Data      Debug   Library Member Name

         8          0          0          0          0         68   __main.o
       312          4         17          0          0         92   __printf_flags_wp.o
        14          0          0          0          0         68   __printf_wp.o
         0          0          0          0          0          0   __rtentry.o
        12          0          0          0          0          0   __rtentry2.o
         6          0          0          0          0          0   __rtentry4.o
        52          8          0          0          0          0   __scatter.o
        26          0          0          0          0          0   __scatter_copy.o
        28          0          0          0          0          0   __scatter_zi.o
        48          6          0          0          0         96   _printf_char_common.o
        36          4          0          0          0         80   _printf_char_file.o
         6          0          0          0          0          0   _printf_d.o
       120         16          0          0          0         92   _printf_dec.o
         6          0          0          0          0          0   _printf_f.o
      1054          0          0          0          0        216   _printf_fp_dec.o
       128         16          0          0          0         84   _printf_fp_infnan.o
       178          0          0          0          0         88   _printf_intcommon.o
         0          0          0          0          0          0   _printf_percent.o
         4          0          0          0          0          0   _printf_percent_end.o
        22          0          0          0          0        100   _rserrno.o
        16          0          0          0          0         68   aeabi_memset.o
       228          4        148          0          0         96   bigflt0.o
      1936        128          0          0          0        672   btod.o
        18          0          0          0          0         80   exit.o
         8          0          0          0          0         68   ferror.o
         6          0          0          0          0        152   heapauxi.o
        44         10         28          0          0         76   lc_numeric_c.o
         2          0          0          0          0          0   libinit.o
        22          0          0          0          0          0   libinit2.o
         2          0          0          0          0          0   libshutdown.o
         2          0          0          0          0          0   libshutdown2.o
         8          4          0          0         96         68   libspace.o
        72          0          0          0          0         76   llsdiv.o
       138          0          0          0          0         80   lludiv10.o
       238          0          0          0          0        100   lludivv7m.o
        88          0          0          0          0         76   memcmp.o
        24          4          0          0          0         84   noretval__2printf.o
         8          4          0          0          0         68   rt_errno_addr_intlibspace.o
         8          4          0          0          0         68   rt_locale_intlibspace.o
        68          0          0          0          0         68   rt_memclr.o
        78          0          0          0          0         80   rt_memclr_w.o
       138          0          0          0          0         68   rt_memcpy_v6.o
       100          0          0          0          0         80   rt_memcpy_w.o
         2          0          0          0          0          0   rtexit.o
        10          0          0          0          0          0   rtexit2.o
       128          0          0          0          0         68   strcmpv7m.o
        74          0          0          0          0         80   sys_stackheap_outer.o
         2          0          0          0          0         68   use_no_semi.o
         2          0          0          0          0         68   use_no_semi_2.o
        24          0          0          0          0        164   basic.o
        98          4          0          0          0        140   d2f.o
       826         16          0          0          0        492   daddsub_clz.o
        24          0          0          0          0        116   dcmpi.o
       688        140          0          0          0        256   ddiv.o
       120          4          0          0          0        140   deqf.o
        94          4          0          0          0        140   dfix.o
        84          0          0          0          0        232   dflt_clz.o
       340         12          0          0          0        152   dmul.o
       156          4          0          0          0        140   dnaninf.o
        12          0          0          0          0        116   dretinf.o
       408         56          0          0          0        168   dsqrt_umaal.o
        86          4          0          0          0        132   f2d.o
       140          4          0          0          0        132   fnaninf.o
        10          0          0          0          0        116   fpinit.o
        10          0          0          0          0        116   fretinf.o
         4          0          0          0          0        116   printf1.o
         0          0          0          0          0          0   usenofp.o
       864         94         80          0          0        280   asin.o
       744        106        152          0          0        352   atan.o
       512         64          0          0          0        208   atan2.o
       200         20          0          0          0        164   cos.o
       368         46         48          0          0        200   cos_i.o
       104         16          0          0          0        496   dunder.o
        24          0          0          0          0        124   fabs.o
        48          0          0          0          0        124   fpclassify.o
       248          0          0          0          0        152   poly.o
         0          0          8          0          0          0   qnan.o
      1080        142        200          0          0        188   rred.o
       200         20          0          0          0        164   sin.o
       304         24         40          0          0        208   sin_i.o
       110          0          0          0          0        148   sqrt.o

    ----------------------------------------------------------------------
     13482        992        726          0         96       9072   Library Totals
        22          0          5          0          0          0   (incl. Padding)

    ----------------------------------------------------------------------

      Code (inc. data)   RO Data    RW Data    ZI Data      Debug   Library Name

      5530        212        193          0         96       3396   c_w.l
      3124        248          0          0          0       2868   fz_wm.l
      4806        532        528          0          0       2808   m_wm.l

    ----------------------------------------------------------------------
     13482        992        726          0         96       9072   Library Totals

    ----------------------------------------------------------------------

==============================================================================


      Code (inc. data)   RO Data    RW Data    ZI Data      Debug   

     34602       2638      12070        176       3152     425061   Grand Totals
     34602       2638      12070        176       3152     425061   ELF Image Totals
     34602       2638      12070        176          0          0   ROM Totals

==============================================================================

    Total RO  Size (Code + RO Data)                46672 (  45.58kB)
    Total RW  Size (RW Data + ZI Data)              3328 (   3.25kB)
    Total ROM Size (Code + RO Data + RW Data)      46848 (  45.75kB)

==============================================================================

